02-16 11:22:00.874  1858  2211 W ActivityManager: Unable to start service Intent { act=android.service.smartspace.SmartspaceService cmp=com.google.android.as/com.google.android.apps.miphone.aiai.app.AiAiSmartspaceService } U=0: not found
02-16 11:22:00.874  1858  2211 W RemoteSmartspaceService: could not bind to Intent { act=android.service.smartspace.SmartspaceService cmp=com.google.android.as/com.google.android.apps.miphone.aiai.app.AiAiSmartspaceService } using flags 67112961
02-16 11:22:00.874  1858  1858 W ActivityManager: Unbind failed: could not find connection for android.app.LoadedApk$ServiceDispatcher$InnerConnection@242437f
02-16 11:22:00.876  1858  2211 W ActivityManager: Unable to start service Intent { act=android.service.smartspace.SmartspaceService cmp=com.google.android.as/com.google.android.apps.miphone.aiai.app.AiAiSmartspaceService } U=0: not found
02-16 11:22:00.876  1858  2211 W RemoteSmartspaceService: could not bind to Intent { act=android.service.smartspace.SmartspaceService cmp=com.google.android.as/com.google.android.apps.miphone.aiai.app.AiAiSmartspaceService } using flags 67112961
02-16 11:22:00.876  1858  1858 W ActivityManager: Unbind failed: could not find connection for android.app.LoadedApk$ServiceDispatcher$InnerConnection@2022b95
02-16 11:22:00.877  1858  2211 W ActivityManager: Unable to start service Intent { act=android.service.smartspace.SmartspaceService cmp=com.google.android.as/com.google.android.apps.miphone.aiai.app.AiAiSmartspaceService } U=0: not found
02-16 11:22:00.877  1858  2211 W RemoteSmartspaceService: could not bind to Intent { act=android.service.smartspace.SmartspaceService cmp=com.google.android.as/com.google.android.apps.miphone.aiai.app.AiAiSmartspaceService } using flags 67112961
02-16 11:22:00.877  1858  1858 W ActivityManager: Unbind failed: could not find connection for android.app.LoadedApk$ServiceDispatcher$InnerConnection@7a6ec11
02-16 11:22:00.878  1858  2211 W ActivityManager: Unable to start service Intent { act=android.service.smartspace.SmartspaceService cmp=com.google.android.as/com.google.android.apps.miphone.aiai.app.AiAiSmartspaceService } U=0: not found
02-16 11:22:00.878  1858  2211 W RemoteSmartspaceService: could not bind to Intent { act=android.service.smartspace.SmartspaceService cmp=com.google.android.as/com.google.android.apps.miphone.aiai.app.AiAiSmartspaceService } using flags 67112961
02-16 11:22:00.878  1858  1858 W ActivityManager: Unbind failed: could not find connection for android.app.LoadedApk$ServiceDispatcher$InnerConnection@6172377
02-16 11:22:01.081  1858  1871 W ActivityManager: Unable to start service Intent { act=android.service.smartspace.SmartspaceService cmp=com.google.android.as/com.google.android.apps.miphone.aiai.app.AiAiSmartspaceService } U=0: not found
02-16 11:22:01.081  1858  1871 W RemoteSmartspaceService: could not bind to Intent { act=android.service.smartspace.SmartspaceService cmp=com.google.android.as/com.google.android.apps.miphone.aiai.app.AiAiSmartspaceService } using flags 67112961
02-16 11:22:01.081  1858  1858 W ActivityManager: Unbind failed: could not find connection for android.app.LoadedApk$ServiceDispatcher$InnerConnection@d804b68
02-16 11:22:01.083  1858  1871 W ActivityManager: Unable to start service Intent { act=android.service.smartspace.SmartspaceService cmp=com.google.android.as/com.google.android.apps.miphone.aiai.app.AiAiSmartspaceService } U=0: not found
02-16 11:22:01.083  1858  1871 W RemoteSmartspaceService: could not bind to Intent { act=android.service.smartspace.SmartspaceService cmp=com.google.android.as/com.google.android.apps.miphone.aiai.app.AiAiSmartspaceService } using flags 67112961
02-16 11:22:01.083  1858  1858 W ActivityManager: Unbind failed: could not find connection for android.app.LoadedApk$ServiceDispatcher$InnerConnection@2a79426
02-16 11:22:01.110  1858  1970 I WindowManager: ******* TELLING SURFACE FLINGER WE ARE BOOTED!
02-16 11:22:01.113  1858  1970 I ActivityManagerTiming: FinishBooting
02-16 11:22:01.116  1858  1970 I ActivityManager: About to commit checkpoint
02-16 11:22:01.116  1858  1970 I SystemServiceManager: Starting phase 1000
02-16 11:22:01.116  1858  1970 I ActivityManagerTiming: OnBootPhase_1000
02-16 11:22:01.116  1858  1970 I ActivityManagerTiming: OnBootPhase_1000_com.android.server.security.FileIntegrityService
02-16 11:22:01.116  1858  1970 I ActivityManagerTiming: OnBootPhase_1000_com.android.server.pm.Installer
02-16 11:22:01.116  1858  1970 I ActivityManagerTiming: OnBootPhase_1000_com.android.server.os.DeviceIdentifiersPolicyService
02-16 11:22:01.116  1858  1970 I ActivityManagerTiming: OnBootPhase_1000_com.android.server.uri.UriGrantsManagerService$Lifecycle
02-16 11:22:01.116  1858  1970 I ActivityManagerTiming: OnBootPhase_1000_com.android.server.powerstats.PowerStatsService
02-16 11:22:01.123  1858  1970 I ActivityManagerTiming: OnBootPhase_1000_com.android.server.wm.ActivityTaskManagerService$Lifecycle
02-16 11:22:01.123  1858  1970 I ActivityManagerTiming: OnBootPhase_1000_com.android.server.am.ActivityManagerService$Lifecycle
02-16 11:22:01.123  1858  1970 I ActivityManagerTiming: OnBootPhase_1000_com.android.server.pm.DataLoaderManagerService
02-16 11:22:01.123  1858  1970 I ActivityManagerTiming: OnBootPhase_1000_com.android.server.power.PowerManagerService
02-16 11:22:01.123  1858  1970 I ActivityManagerTiming: OnBootPhase_1000_com.android.server.power.ThermalManagerService
02-16 11:22:01.123  1858  1970 I ActivityManagerTiming: OnBootPhase_1000_com.android.server.power.hint.HintManagerService
02-16 11:22:01.123  1858  1970 I ActivityManagerTiming: OnBootPhase_1000_com.android.server.recoverysystem.RecoverySystemService$Lifecycle
02-16 11:22:01.123  1858  1970 I ActivityManagerTiming: OnBootPhase_1000_com.android.server.lights.LightsService
02-16 11:22:01.123  1858  1970 I ActivityManagerTiming: OnBootPhase_1000_com.android.server.display.DisplayManagerService
02-16 11:22:01.124  1858  1970 I ActivityManagerTiming: OnBootPhase_1000_com.android.server.pm.verify.domain.DomainVerificationService
02-16 11:22:01.124  1858  1970 I ActivityManagerTiming: OnBootPhase_1000_com.android.server.pm.PackageInstallerService$Lifecycle
02-16 11:22:01.124  1858  1970 I ActivityManagerTiming: OnBootPhase_1000_com.android.server.pm.UserManagerService$LifeCycle
02-16 11:22:01.124  1858  1970 I ActivityManagerTiming: OnBootPhase_1000_com.android.server.om.OverlayManagerService
02-16 11:22:01.124  1858  1970 I ActivityManagerTiming: OnBootPhase_1000_com.android.server.SensorPrivacyService
02-16 11:22:01.124  1858  1970 I ActivityManagerTiming: OnBootPhase_1000_com.android.server.sensors.SensorService
02-16 11:22:01.124  1858  1970 I ActivityManagerTiming: OnBootPhase_1000_com.android.server.SystemConfigService
02-16 11:22:01.124  1858  1970 I ActivityManagerTiming: OnBootPhase_1000_com.android.server.BatteryService
02-16 11:22:01.124  1858  1970 I ActivityManagerTiming: OnBootPhase_1000_com.android.server.usage.UsageStatsService
02-16 11:22:01.124  1858  1970 I ActivityManagerTiming: OnBootPhase_1000_com.android.server.webkit.WebViewUpdateService
02-16 11:22:01.124  1858  1970 I ActivityManagerTiming: OnBootPhase_1000_com.android.server.CachedDeviceStateService
02-16 11:22:01.124  1858  1970 I ActivityManagerTiming: OnBootPhase_1000_com.android.server.BinderCallsStatsService$LifeCycle
02-16 11:22:01.124  1858  1970 I ActivityManagerTiming: OnBootPhase_1000_com.android.server.LooperStatsService$Lifecycle
02-16 11:22:01.124  1858  1970 I ActivityManagerTiming: OnBootPhase_1000_com.android.server.rollback.RollbackManagerService
02-16 11:22:01.124  1858  1970 I ActivityManagerTiming: OnBootPhase_1000_com.android.server.os.NativeTombstoneManagerService
02-16 11:22:01.124  1858  1970 I ActivityManagerTiming: OnBootPhase_1000_com.android.server.os.BugreportManagerService
02-16 11:22:01.124  1858  1970 I ActivityManagerTiming: OnBootPhase_1000_com.android.server.gpu.GpuService
02-16 11:22:01.124  1858  1970 I ActivityManagerTiming: OnBootPhase_1000_com.android.server.security.KeyChainSystemService
02-16 11:22:01.124  1858  1970 I ActivityManagerTiming: OnBootPhase_1000_com.android.server.telecom.TelecomLoaderService
02-16 11:22:01.124  1858  1970 I ActivityManagerTiming: OnBootPhase_1000_com.android.server.accounts.AccountManagerService$Lifecycle
02-16 11:22:01.124  1858  1970 I ActivityManagerTiming: OnBootPhase_1000_com.android.server.content.ContentService$Lifecycle
02-16 11:22:01.124  1858  1970 I ActivityManagerTiming: OnBootPhase_1000_com.android.server.DropBoxManagerService
02-16 11:22:01.124  1858  1970 I ActivityManagerTiming: OnBootPhase_1000_com.android.role.RoleService
02-16 11:22:01.124  1858  1970 I ActivityManagerTiming: OnBootPhase_1000_com.android.server.vibrator.VibratorManagerService$Lifecycle
02-16 11:22:01.124  1858  1970 I ActivityManagerTiming: OnBootPhase_1000_com.android.server.alarm.AlarmManagerService
02-16 11:22:01.124  1858  1970 I ActivityManagerTiming: OnBootPhase_1000_com.android.server.devicestate.DeviceStateManagerService
02-16 11:22:01.124  1858  1970 I ActivityManagerTiming: OnBootPhase_1000_com.android.server.camera.CameraServiceProxy
02-16 11:22:01.125  1858  2157 D RollbackManager: mRollbackLifetimeDurationInMillis=1209600000
02-16 11:22:01.125  1858  1970 I ActivityManagerTiming: OnBootPhase_1000_com.android.server.BluetoothService
02-16 11:22:01.125  1858  1970 I ActivityManagerTiming: OnBootPhase_1000_com.android.server.connectivity.IpConnectivityMetrics
02-16 11:22:01.125  1858  1970 I ActivityManagerTiming: OnBootPhase_1000_com.android.server.net.watchlist.NetworkWatchlistService$Lifecycle
02-16 11:22:01.125  1858  1970 I ActivityManagerTiming: OnBootPhase_1000_com.android.server.PinnerService
02-16 11:22:01.125  1858  1970 I ActivityManagerTiming: OnBootPhase_1000_com.google.android.startop.iorap.IorapForwardingService
02-16 11:22:01.125  1858  1970 I ActivityManagerTiming: OnBootPhase_1000_com.android.server.integrity.AppIntegrityManagerService
02-16 11:22:01.125  1858  1970 I ActivityManagerTiming: OnBootPhase_1000_com.android.server.inputmethod.InputMethodManagerService$Lifecycle
02-16 11:22:01.125  1858  1970 I ActivityManagerTiming: OnBootPhase_1000_com.android.server.accessibility.AccessibilityManagerService$Lifecycle
02-16 11:22:01.125  1858  1970 I ActivityManagerTiming: OnBootPhase_1000_com.android.server.StorageManagerService$Lifecycle
02-16 11:22:01.126  1858  1970 I ActivityManagerTiming: OnBootPhase_1000_com.android.server.usage.StorageStatsService$Lifecycle
02-16 11:22:01.126  1858  2181 D StorageManagerService: Thinking about init, mBootCompleted=true, mDaemonConnected=true
02-16 11:22:01.126  1858  2036 V DisplayPowerController[0]: Brightness [0.08429305] reason changing to: 'manual', previous reason: 'override'.
02-16 11:22:01.126  1858  1970 I ActivityManagerTiming: OnBootPhase_1000_com.android.server.UiModeManagerService
02-16 11:22:01.126  1858  2181 D StorageManagerService: Thinking about reset, mBootCompleted=true, mDaemonConnected=true
02-16 11:22:01.126  1858  1970 I ActivityManagerTiming: OnBootPhase_1000_com.android.server.locksettings.LockSettingsService$Lifecycle
02-16 11:22:01.126  1858  1970 I ActivityManagerTiming: OnBootPhase_1000_com.android.server.PersistentDataBlockService
02-16 11:22:01.126  1858  1970 I ActivityManagerTiming: OnBootPhase_1000_com.android.server.testharness.TestHarnessModeService
02-16 11:22:01.126  1858  1970 D TestHarnessModeService: Completing Test Harness Mode setup.
02-16 11:22:01.126  1858  2181 I StorageSessionController: Started resetting external storage service...
02-16 11:22:01.126  1858  2181 I StorageSessionController: Finished resetting external storage service
02-16 11:22:01.126  1858  2181 I StorageManagerService: Resetting vold...
02-16 11:22:01.127  1858  2156 I PackageWatchdog: Scheduling 10 polls to check and mitigate native crashes
02-16 11:22:01.128  1858  2036 V DisplayPowerController[0]: Brightness [0.09452312] reason changing to: 'automatic', previous reason: 'manual'.
02-16 11:22:01.130  1858  2153 D AppStandbyController: Loading headless system app cache. appIdleEnabled=true
02-16 11:22:01.130  1858  2181 I StorageManagerService: Reset vold
02-16 11:22:01.131   727   801 I vold    : onUserAdded: 0
02-16 11:22:01.134  1858  1970 I ActivityManagerTiming: OnBootPhase_1000_com.android.server.oemlock.OemLockService
02-16 11:22:01.134  1858  1970 I ActivityManagerTiming: OnBootPhase_1000_com.android.server.DeviceIdleController
02-16 11:22:01.134  1858  1970 I ActivityManagerTiming: OnBootPhase_1000_com.android.server.devicepolicy.DevicePolicyManagerService$Lifecycle
02-16 11:22:01.134  1858  1970 I ActivityManagerTiming: OnBootPhase_1000_com.android.server.musicrecognition.MusicRecognitionManagerService
02-16 11:22:01.134  1858  1970 I ActivityManagerTiming: OnBootPhase_1000_com.android.server.contentcapture.ContentCaptureManagerService
02-16 11:22:01.134  1858  1970 I ActivityManagerTiming: OnBootPhase_1000_com.android.server.systemcaptions.SystemCaptionsManagerService
02-16 11:22:01.134  1858  1970 I ActivityManagerTiming: OnBootPhase_1000_com.android.server.texttospeech.TextToSpeechManagerService
02-16 11:22:01.134  1858  1970 I ActivityManagerTiming: OnBootPhase_1000_com.android.server.speech.SpeechRecognitionManagerService
02-16 11:22:01.134  1858  1970 I ActivityManagerTiming: OnBootPhase_1000_com.android.server.appprediction.AppPredictionManagerService
02-16 11:22:01.134  1858  1970 I ActivityManagerTiming: OnBootPhase_1000_com.android.server.contentsuggestions.ContentSuggestionsManagerService
02-16 11:22:01.134  1858  1970 I ActivityManagerTiming: OnBootPhase_1000_com.android.server.searchui.SearchUiManagerService
02-16 11:22:01.134  1858  1970 I ActivityManagerTiming: OnBootPhase_1000_com.android.server.smartspace.SmartspaceManagerService
02-16 11:22:01.134  1858  1970 I ActivityManagerTiming: OnBootPhase_1000_com.android.server.graphics.fonts.FontManagerService$Lifecycle
02-16 11:22:01.134  1858  1970 I ActivityManagerTiming: OnBootPhase_1000_com.android.server.textservices.TextServicesManagerService$Lifecycle
02-16 11:22:01.134  1858  1970 I ActivityManagerTiming: OnBootPhase_1000_com.android.server.textclassifier.TextClassificationManagerService$Lifecycle
02-16 11:22:01.134  1858  1970 I ActivityManagerTiming: OnBootPhase_1000_com.android.server.NetworkScoreService$Lifecycle
02-16 11:22:01.134  1858  1970 I ActivityManagerTiming: OnBootPhase_1000_com.android.server.wifi.WifiService
02-16 11:22:01.134  1858  1970 I ActivityManagerTiming: OnBootPhase_1000_com.android.server.wifi.scanner.WifiScanningService
02-16 11:22:01.134  1858  1970 I ActivityManagerTiming: OnBootPhase_1000_com.android.server.wifi.rtt.RttService
02-16 11:22:01.134  1858  1970 I ActivityManagerTiming: OnBootPhase_1000_com.android.server.wifi.aware.WifiAwareService
02-16 11:22:01.137  1858  1970 I ActivityManagerTiming: OnBootPhase_1000_com.android.server.wifi.p2p.WifiP2pService
02-16 11:22:01.138  1858  1970 I ActivityManagerTiming: OnBootPhase_1000_com.android.server.ethernet.EthernetService
02-16 11:22:01.139  1858  1970 I ActivityManagerTiming: OnBootPhase_1000_com.android.server.ConnectivityServiceInitializer
02-16 11:22:01.139  1858  1970 I ActivityManagerTiming: OnBootPhase_1000_com.android.server.notification.NotificationManagerService
02-16 11:22:01.139  1858  1970 I ActivityManagerTiming: OnBootPhase_1000_com.android.server.storage.DeviceStorageMonitorService
02-16 11:22:01.139  1858  1970 I ActivityManagerTiming: OnBootPhase_1000_com.android.server.location.LocationManagerService$Lifecycle
02-16 11:22:01.139  1858  1970 I ActivityManagerTiming: OnBootPhase_1000_com.android.server.timedetector.TimeDetectorService$Lifecycle
02-16 11:22:01.139  1858  1970 I ActivityManagerTiming: OnBootPhase_1000_com.android.server.timezonedetector.TimeZoneDetectorService$Lifecycle
02-16 11:22:01.139  1858  1970 I ActivityManagerTiming: OnBootPhase_1000_com.android.server.timezonedetector.location.LocationTimeZoneManagerService$Lifecycle
02-16 11:22:01.139  1858  1970 I ActivityManagerTiming: OnBootPhase_1000_com.android.server.search.SearchManagerService$Lifecycle
02-16 11:22:01.139  1858  1970 I ActivityManagerTiming: OnBootPhase_1000_com.android.server.wallpaper.WallpaperManagerService$Lifecycle
02-16 11:22:01.139  1858  1970 I ActivityManagerTiming: OnBootPhase_1000_com.android.server.audio.AudioService$Lifecycle
02-16 11:22:01.139  1858  1970 I ActivityManagerTiming: OnBootPhase_1000_com.android.server.soundtrigger_middleware.SoundTriggerMiddlewareService$Lifecycle
02-16 11:22:01.139  1858  1970 I ActivityManagerTiming: OnBootPhase_1000_com.android.server.DockObserver
02-16 11:22:01.139  1858  1970 I ActivityManagerTiming: OnBootPhase_1000_com.android.server.midi.MidiService$Lifecycle
02-16 11:22:01.139  1858  1970 I ActivityManagerTiming: OnBootPhase_1000_com.android.server.adb.AdbService$Lifecycle
02-16 11:22:01.139  1858  1970 I ActivityManagerTiming: OnBootPhase_1000_com.android.server.usb.UsbService$Lifecycle
02-16 11:22:01.140  1858  1970 I ActivityManagerTiming: OnBootPhase_1000_com.android.server.twilight.TwilightService
02-16 11:22:01.143  1858  1967 E AdbDebuggingManager: Expected keyStore, but got tag=adbKey
02-16 11:22:01.143  1858  1970 I ActivityManagerTiming: OnBootPhase_1000_com.android.server.display.color.ColorDisplayService
02-16 11:22:01.143  1858  1970 I ActivityManagerTiming: OnBootPhase_1000_com.android.server.job.JobSchedulerService
02-16 11:22:01.143  1858  1970 I ActivityManagerTiming: OnBootPhase_1000_com.android.server.soundtrigger.SoundTriggerService
02-16 11:22:01.144  1858  1970 D SoundTriggerService: onBootPhase: 1000 : false
02-16 11:22:01.144  1858  1970 I ActivityManagerTiming: OnBootPhase_1000_com.android.server.trust.TrustManagerService
02-16 11:22:01.144  1858  1970 I ActivityManagerTiming: OnBootPhase_1000_com.android.server.backup.BackupManagerService$Lifecycle
02-16 11:22:01.144  1858  1970 I ActivityManagerTiming: OnBootPhase_1000_com.android.server.appwidget.AppWidgetService
02-16 11:22:01.144  1858  1970 I ActivityManagerTiming: OnBootPhase_1000_com.android.server.voiceinteraction.VoiceInteractionManagerService
02-16 11:22:01.144  1858  1970 I ActivityManagerTiming: OnBootPhase_1000_com.android.server.apphibernation.AppHibernationService
02-16 11:22:01.144  1858  1970 I ActivityManagerTiming: OnBootPhase_1000_com.android.server.GestureLauncherService
02-16 11:22:01.144  1858  1970 I ActivityManagerTiming: OnBootPhase_1000_com.android.server.SensorNotificationService
02-16 11:22:01.144  1858  1967 E AdbDebuggingManager: Expected keyStore, but got tag=adbKey
02-16 11:22:01.149  1858  1970 D CompatibilityChangeReporter: Compat change id reported: 168936375; UID 1000; state: ENABLED
02-16 11:22:01.152  1858  1970 D CompatibilityChangeReporter: Compat change id reported: 73144566; UID 1000; state: ENABLED
02-16 11:22:01.153  1858  1970 I ActivityManagerTiming: OnBootPhase_1000_com.android.server.ContextHubSystemService
02-16 11:22:01.153  1858  1970 I ActivityManagerTiming: OnBootPhase_1000_com.android.server.emergency.EmergencyAffordanceService
02-16 11:22:01.153  1858  1970 I ActivityManagerTiming: OnBootPhase_1000_com.android.server.blob.BlobStoreManagerService
02-16 11:22:01.154  1858  1970 I ActivityManagerTiming: OnBootPhase_1000_com.android.server.dreams.DreamManagerService
02-16 11:22:01.154  1858  1970 I ActivityManagerTiming: OnBootPhase_1000_com.android.server.print.PrintManagerService
02-16 11:22:01.154  1858  1970 I ActivityManagerTiming: OnBootPhase_1000_com.android.server.companion.CompanionDeviceManagerService
02-16 11:22:01.154  1858  1970 I ActivityManagerTiming: OnBootPhase_1000_com.android.server.restrictions.RestrictionsManagerService
02-16 11:22:01.154  1858  1970 I ActivityManagerTiming: OnBootPhase_1000_com.android.server.media.MediaSessionService
02-16 11:22:01.155  1858  1970 I ActivityManagerTiming: OnBootPhase_1000_com.android.server.media.MediaResourceMonitorService
02-16 11:22:01.155  1858  1970 I ActivityManagerTiming: OnBootPhase_1000_com.android.server.biometrics.sensors.fingerprint.FingerprintService
02-16 11:22:01.156  1858  1970 I ActivityManagerTiming: OnBootPhase_1000_com.android.server.biometrics.BiometricService
02-16 11:22:01.156  1858  1970 I ActivityManagerTiming: OnBootPhase_1000_com.android.server.biometrics.AuthService
02-16 11:22:01.156  1858  1970 I ActivityManagerTiming: OnBootPhase_1000_com.android.server.pm.ShortcutService$Lifecycle
02-16 11:22:01.156  1858  1970 I ActivityManagerTiming: OnBootPhase_1000_com.android.server.pm.LauncherAppsService
02-16 11:22:01.156  1858  1970 I ActivityManagerTiming: OnBootPhase_1000_com.android.server.pm.CrossProfileAppsService
02-16 11:22:01.156  1858  1970 I ActivityManagerTiming: OnBootPhase_1000_com.android.server.people.PeopleService
02-16 11:22:01.156  1858  1970 I ActivityManagerTiming: OnBootPhase_1000_com.android.server.media.metrics.MediaMetricsManagerService
02-16 11:22:01.156  1858  1970 I ActivityManagerTiming: OnBootPhase_1000_com.android.server.media.projection.MediaProjectionManagerService
02-16 11:22:01.156  1858  1970 I ActivityManagerTiming: OnBootPhase_1000_com.android.server.slice.SliceManagerService$Lifecycle
02-16 11:22:01.156  1858  1970 I ActivityManagerTiming: OnBootPhase_1000_com.android.server.stats.StatsCompanion$Lifecycle
02-16 11:22:01.156  1858  1970 I ActivityManagerTiming: OnBootPhase_1000_com.android.server.scheduling.RebootReadinessManagerService$Lifecycle
02-16 11:22:01.156  1858  1970 I ActivityManagerTiming: OnBootPhase_1000_com.android.server.stats.pull.StatsPullAtomService
02-16 11:22:01.156  1858  1970 I ActivityManagerTiming: OnBootPhase_1000_com.android.server.incident.IncidentCompanionService
02-16 11:22:01.156  1858  1970 I ActivityManagerTiming: OnBootPhase_1000_com.android.server.MmsServiceBroker
02-16 11:22:01.156  1858  1970 I ActivityManagerTiming: OnBootPhase_1000_com.android.server.autofill.AutofillManagerService
02-16 11:22:01.156  1858  1970 I ActivityManagerTiming: OnBootPhase_1000_com.android.server.translation.TranslationManagerService
02-16 11:22:01.156  1858  1970 I ActivityManagerTiming: OnBootPhase_1000_com.android.server.clipboard.ClipboardService
02-16 11:22:01.156  1858  1970 I ActivityManagerTiming: OnBootPhase_1000_com.android.server.appbinding.AppBindingService$Lifecycle
02-16 11:22:01.156  1858  1970 I ActivityManagerTiming: OnBootPhase_1000_com.android.server.tracing.TracingServiceProxy
02-16 11:22:01.156  1858  1970 I ActivityManagerTiming: OnBootPhase_1000_com.android.server.policy.PermissionPolicyService
02-16 11:22:01.156  1858  1970 I ActivityManagerTiming: OnBootPhase_1000_com.android.server.pm.StagingManager$Lifecycle
02-16 11:22:01.157  1858  1970 I ActivityManagerTiming: OnBootPhase_1000_com.android.server.app.GameManagerService$Lifecycle
02-16 11:22:01.157  1858  1970 D GameManagerService: onBootCompleted
02-16 11:22:01.157  1858  1970 I ActivityManagerTiming: OnBootPhase_1000_com.android.server.appsearch.AppSearchManagerService
02-16 11:22:01.170  1858  1970 I ActivityManagerTiming: OnBootPhase_1000_com.android.server.media.MediaCommunicationService
02-16 11:22:01.170  1858  1970 I ActivityManagerTiming: OnBootPhase_1000_com.android.server.compat.overrides.AppCompatOverridesService$Lifecycle
02-16 11:22:01.170  1858  1970 D ActivityManagerTiming: TotalBootTime took to complete: 10150ms
02-16 11:22:01.170  1858  1970 D SystemServerInitThreadPool: Shutdown requested
02-16 11:22:01.170  1858  1970 I SystemServerTiming: WaitInitThreadPoolShutdown
02-16 11:22:01.171  1219  2283 E vendor.google.wifi_ext@1.0-service-vendor: Callback invoked on an invalid object
02-16 11:22:01.172  1858  1970 D SystemServerInitThreadPool: Shutdown successful
02-16 11:22:01.173  1858  1970 D CompatibilityChangeReporter: Compat change id reported: 135634846; UID 10163; state: DISABLED
02-16 11:22:01.173  1858  1970 D CompatibilityChangeReporter: Compat change id reported: 177438394; UID 10163; state: DISABLED
02-16 11:22:01.174  1858  1970 D CompatibilityChangeReporter: Compat change id reported: 135772972; UID 10163; state: DISABLED
02-16 11:22:01.174  1858  1970 D CompatibilityChangeReporter: Compat change id reported: 135754954; UID 10163; state: ENABLED
02-16 11:22:01.174  1858  1986 D CompatibilityChangeReporter: Compat change id reported: 143937733; UID 10163; state: ENABLED
02-16 11:22:01.176  1858  1970 I ActivityManager: User 0 state changed from BOOTING to RUNNING_LOCKED
02-16 11:22:01.176  1858  1970 W ActivityManager: UserLifecycleEvent 4 received without an active userJourneySession.
02-16 11:22:01.179  1858  1970 D StorageManagerService: unlockUserKey: 0 isFileEncryptedNativeOrEmulated: true hasToken: false hasSecret: false
02-16 11:22:01.179  1858  1970 D StorageManagerService: Not unlocking user 0's CE storage yet because a secret is needed
02-16 11:22:01.179  1858  1970 W ActivityManager: UserLifecycleEvent 5 received without an active userJourneySession.
02-16 11:22:01.186  1858  2047 E AppHibernationService: Attempt to call isHibernatingForUser on stopped or nonexistent user 0
02-16 11:22:01.188  1858  1970 D ColorDisplayService: setUp: currentUser=0
02-16 11:22:01.189  1858  1985 D CompatibilityChangeReporter: Compat change id reported: 168419799; UID 10231; state: DISABLED
02-16 11:22:01.197  1858  1986 I ActivityManager: Start proc 3074:com.google.android.apps.wellbeing/u0a163 for on-hold
02-16 11:22:01.212  1858  1970 D ColorDisplayService: onNightDisplayAutoModeChanged: autoMode=0
02-16 11:22:01.212  1858  1970 I ColorDisplayService: Turning off night display
02-16 11:22:01.212  1858  1970 D ColorDisplayService: Setting bright color reduction level: 50
02-16 11:22:01.240  1858  2479 D CompatibilityChangeReporter: Compat change id reported: 168419799; UID 10163; state: DISABLED
02-16 11:22:01.265   727   748 D vold    : Disk at 7:248 changed
02-16 11:22:01.275  1858  2047 E AppHibernationService: Attempt to call isHibernatingForUser on stopped or nonexistent user 0
02-16 11:22:01.476  1858  1858 V ConditionProviders: 0 condition provider service connected: ComponentInfo{com.google.android.apps.wellbeing/com.google.android.apps.wellbeing.dnd.impl.DndConditionProviderService}
02-16 11:22:01.484  1858  2211 W ActivityManager: Unable to start service Intent { act=com.google.android.gms.phenotype.service.START pkg=com.google.android.gms } U=0: not found
02-16 11:22:01.485  1858  2211 W ActivityManager: Unbind failed: could not find connection for android.os.BinderProxy@a0d2383
02-16 11:22:01.495  1858  1872 W ActivityManager: Unable to start service Intent { act=com.google.android.gms.phenotype.service.START pkg=com.google.android.gms } U=0: not found
02-16 11:22:01.495  1858  2211 W ActivityManager: Unbind failed: could not find connection for android.os.BinderProxy@2bc3900
02-16 11:22:01.501  1858  2047 E AppHibernationService: Attempt to call isHibernatingForUser on stopped or nonexistent user 0
02-16 11:22:01.506  1858  2495 W ActivityManager: Unable to start service Intent { act=com.google.android.contextmanager.service.ContextManagerService.START pkg=com.google.android.gms } U=0: not found
02-16 11:22:01.506  1858  2495 W ActivityManager: Unbind failed: could not find connection for android.os.BinderProxy@d8c2bf5
02-16 11:22:01.532  1858  2495 W ActivityManager: Unable to start service Intent { act=com.google.android.chimera.BoundService.START dat=chimera-action:com.google.android.gms.gmscompliance.service.START cmp=com.google.android.gms/.chimera.PersistentBoundBrokerService } U=0: not found
02-16 11:22:01.532  1858  2495 W ActivityManager: Unbind failed: could not find connection for android.os.BinderProxy@82f856
02-16 11:22:01.587  1858  1970 D ColorDisplayService: Setting saturation level: 100
02-16 11:22:01.593  1858  1872 W ActivityManager: Unable to start service Intent { act=com.google.android.gms.phenotype.service.START pkg=com.google.android.gms } U=0: not found
02-16 11:22:01.593  1858  1872 W ActivityManager: Unbind failed: could not find connection for android.os.BinderProxy@8025deb
02-16 11:22:01.602  1858  2047 E AppHibernationService: Attempt to call isHibernatingForUser on stopped or nonexistent user 0
02-16 11:22:01.605  1858  1970 D ColorDisplayService: Setting saturation level: 100
02-16 11:22:01.605  1858  1970 D ColorDisplayService: GlobalSaturationTintController Animation cancelled: true to matrix: 
02-16 11:22:01.605  1858  1970 D ColorDisplayService:        1.000000 0.000000 0.000000 0.000000 0.000000 1.000000 0.000000 0.000000 0.000000 0.000000 1.000000 0.000000 0.000000 0.000000 0.000000 1.000000 min matrix coefficients: 
02-16 11:22:01.605  1858  1970 D ColorDisplayService:        1.000000 0.000000 0.000000 0.000000 0.000000 1.000000 0.000000 0.000000 0.000000 0.000000 1.000000 0.000000 0.000000 0.000000 0.000000 1.000000 max matrix coefficients: 
02-16 11:22:01.605  1858  1970 D ColorDisplayService:        1.000000 0.000000 0.000000 0.000000 0.000000 1.000000 0.000000 0.000000 0.000000 0.000000 1.000000 0.000000 0.000000 0.000000 0.000000 1.000000
02-16 11:22:01.605  1858  2047 E AppHibernationService: Attempt to call isHibernatingForUser on stopped or nonexistent user 0
02-16 11:22:01.610  1858  1872 D CompatibilityChangeReporter: Compat change id reported: 135634846; UID 10209; state: DISABLED
02-16 11:22:01.610  1858  1872 D CompatibilityChangeReporter: Compat change id reported: 177438394; UID 10209; state: DISABLED
02-16 11:22:01.610  1858  1872 D CompatibilityChangeReporter: Compat change id reported: 135772972; UID 10209; state: DISABLED
02-16 11:22:01.610  1858  1872 D CompatibilityChangeReporter: Compat change id reported: 135754954; UID 10209; state: ENABLED
02-16 11:22:01.611  1858  1986 D CompatibilityChangeReporter: Compat change id reported: 143937733; UID 10209; state: ENABLED
02-16 11:22:01.611  1858  2047 E AppHibernationService: Attempt to call isHibernatingForUser on stopped or nonexistent user 0
02-16 11:22:01.619  1858  2495 W ActivityManager: Unable to start service Intent { act=com.google.android.gms.phenotype.service.START pkg=com.google.android.gms } U=0: not found
02-16 11:22:01.620  1858  2495 W ActivityManager: Unbind failed: could not find connection for android.os.BinderProxy@14b531d
02-16 11:22:01.620  1858  1986 I ActivityManager: Start proc 3126:com.google.android.marvin.talkback/u0a209 for broadcast {com.google.android.marvin.talkback/com.google.android.accessibility.talkback.BootReceiver}
02-16 11:22:01.657  1858  1872 D CompatibilityChangeReporter: Compat change id reported: 168419799; UID 10209; state: DISABLED
02-16 11:22:01.669  1858  2495 W ActivityManager: Unable to start service Intent { act=com.google.android.chimera.BoundService.START dat=chimera-action:com.google.android.gms.clearcut.bootcount.service.START cmp=com.google.android.gms/.chimera.PersistentBoundBrokerService } U=0: not found
02-16 11:22:01.669  1858  2495 W ActivityManager: Unbind failed: could not find connection for android.os.BinderProxy@30559b6
02-16 11:22:01.722  1858  2495 W ActivityManager: Unable to start service Intent { act=com.google.android.chimera.BoundService.START dat=chimera-action:com.google.android.gms.gmscompliance.service.START cmp=com.google.android.gms/.chimera.PersistentBoundBrokerService } U=0: not found
02-16 11:22:01.723  1858  2495 W ActivityManager: Unbind failed: could not find connection for android.os.BinderProxy@dc7109a
02-16 11:22:01.746  1858  2495 W ActivityManager: Unable to start service Intent { act=com.google.android.chimera.BoundService.START dat=chimera-action:com.google.android.gms.gmscompliance.service.START cmp=com.google.android.gms/.chimera.PersistentBoundBrokerService } U=0: not found
02-16 11:22:01.746  1858  2495 W ActivityManager: Unbind failed: could not find connection for android.os.BinderProxy@5ed2dcb
02-16 11:22:01.781  1858  2047 E AppHibernationService: Attempt to call isHibernatingForUser on stopped or nonexistent user 0
02-16 11:22:01.808  1858  2047 E AppHibernationService: Attempt to call isHibernatingForUser on stopped or nonexistent user 0
02-16 11:22:01.811  1858  2211 D CompatibilityChangeReporter: Compat change id reported: 135634846; UID 10167; state: DISABLED
02-16 11:22:01.811  1858  2211 D CompatibilityChangeReporter: Compat change id reported: 177438394; UID 10167; state: DISABLED
02-16 11:22:01.811  1858  2211 D CompatibilityChangeReporter: Compat change id reported: 135772972; UID 10167; state: DISABLED
02-16 11:22:01.811  1858  2211 D CompatibilityChangeReporter: Compat change id reported: 135754954; UID 10167; state: ENABLED
02-16 11:22:01.811  1858  2047 E AppHibernationService: Attempt to call isHibernatingForUser on stopped or nonexistent user 0
02-16 11:22:01.812  1858  1986 D CompatibilityChangeReporter: Compat change id reported: 143937733; UID 10167; state: ENABLED
02-16 11:22:01.827  1858  1986 I ActivityManager: Start proc 3147:com.google.android.apps.scone/u0a167 for broadcast {com.google.android.apps.scone/com.google.android.apps.scone.awareness.AwarenessStartupReceiver}
02-16 11:22:01.863  1858  2495 D CompatibilityChangeReporter: Compat change id reported: 168419799; UID 10167; state: DISABLED
02-16 11:22:01.984  1858  2211 W ActivityManager: Unable to start service Intent { act=com.google.android.gms.phenotype.service.START pkg=com.google.android.gms } U=0: not found
02-16 11:22:01.984  3147  3147 W ActivityThread: Failed to find provider info for com.google.android.gsf.gservices (user not unlocked)
02-16 11:22:01.984  1858  1872 W ActivityManager: Unbind failed: could not find connection for android.os.BinderProxy@d571c69
02-16 11:22:01.989  3147  3147 W ActivityThread: Failed to find provider info for com.google.android.gsf.gservices (user not unlocked)
02-16 11:22:01.993  3147  3147 W ActivityThread: Failed to find provider info for com.google.android.gsf.gservices (user not unlocked)
02-16 11:22:01.995  1858  2047 E AppHibernationService: Attempt to call isHibernatingForUser on stopped or nonexistent user 0
02-16 11:22:01.997  3147  3147 W ActivityThread: Failed to find provider info for com.google.android.gsf.gservices (user not unlocked)
02-16 11:22:01.998  1858  2047 E AppHibernationService: Attempt to call isHibernatingForUser on stopped or nonexistent user 0
02-16 11:22:02.003  1858  2047 E AppHibernationService: Attempt to call isHibernatingForUser on stopped or nonexistent user 0
02-16 11:22:02.004  1858  2047 E AppHibernationService: Attempt to call isHibernatingForUser on stopped or nonexistent user 0
02-16 11:22:02.015  1858  1872 D CompatibilityChangeReporter: Compat change id reported: 157233955; UID 10167; state: ENABLED
02-16 11:22:02.021  1858  2047 E AppHibernationService: Attempt to call isHibernatingForUser on stopped or nonexistent user 0
02-16 11:22:02.022  1858  1872 D CompatibilityChangeReporter: Compat change id reported: 168419799; UID 10228; state: DISABLED
02-16 11:22:02.026  3147  3171 W ActivityThread: Failed to find provider info for com.google.android.gsf.gservices (user not unlocked)
02-16 11:22:02.028  1858  2211 D CompatibilityChangeReporter: Compat change id reported: 171306433; UID 10167; state: ENABLED
02-16 11:22:02.029  3147  3147 W ActivityThread: Failed to find provider info for com.google.android.gsf.gservices (user not unlocked)
02-16 11:22:02.038  1858  2047 E AppHibernationService: Attempt to call isHibernatingForUser on stopped or nonexistent user 0
02-16 11:22:02.041  1858  2047 E AppHibernationService: Attempt to call isHibernatingForUser on stopped or nonexistent user 0
02-16 11:22:02.051  3147  3171 W ActivityThread: Failed to find provider info for com.google.android.gsf.gservices (user not unlocked)
02-16 11:22:02.054  1858  2495 W ActivityManager: Unable to start service Intent { act=com.google.android.gms.phenotype.service.START pkg=com.google.android.gms } U=0: not found
02-16 11:22:02.055  1858  1872 W ActivityManager: Unbind failed: could not find connection for android.os.BinderProxy@299824c
02-16 11:22:02.057  1858  2047 E AppHibernationService: Attempt to call isHibernatingForUser on stopped or nonexistent user 0
02-16 11:22:02.059  1858  2047 E AppHibernationService: Attempt to call isHibernatingForUser on stopped or nonexistent user 0
02-16 11:22:02.064  1858  2047 E AppHibernationService: Attempt to call isHibernatingForUser on stopped or nonexistent user 0
02-16 11:22:02.068  1858  2047 E AppHibernationService: Attempt to call isHibernatingForUser on stopped or nonexistent user 0
02-16 11:22:02.073  1219  1219 I vendor.google.wifi_ext@1.0-service-vendor: Wifi: Reseting SAR Scenario to default
02-16 11:22:02.073  3147  3176 W ActivityThread: Failed to find provider info for com.google.android.gsf.gservices (user not unlocked)
02-16 11:22:02.075  1858  2047 E AppHibernationService: Attempt to call isHibernatingForUser on stopped or nonexistent user 0
02-16 11:22:02.076  1858  2495 D CompatibilityChangeReporter: Compat change id reported: 135634846; UID 10211; state: DISABLED
02-16 11:22:02.076  1858  2495 D CompatibilityChangeReporter: Compat change id reported: 177438394; UID 10211; state: DISABLED
02-16 11:22:02.076  1858  2495 D CompatibilityChangeReporter: Compat change id reported: 135772972; UID 10211; state: DISABLED
02-16 11:22:02.076  1858  2495 D CompatibilityChangeReporter: Compat change id reported: 135754954; UID 10211; state: ENABLED
02-16 11:22:02.076  1858  1986 D CompatibilityChangeReporter: Compat change id reported: 143937733; UID 10211; state: ENABLED
02-16 11:22:02.083  3147  3171 W ActivityThread: Failed to find provider info for com.google.android.gsf.gservices (user not unlocked)
02-16 11:22:02.088  1858  1986 I ActivityManager: Start proc 3178:com.google.android.deskclock/u0a211 for broadcast {com.google.android.deskclock/com.android.deskclock.AlarmInitReceiver}
02-16 11:22:02.098  3147  3179 W ActivityThread: Failed to find provider info for com.google.android.gsf.gservices (user not unlocked)
02-16 11:22:02.103  3147  3180 W ActivityThread: Failed to find provider info for com.google.android.gsf.gservices (user not unlocked)
02-16 11:22:02.107  3147  3180 W ActivityThread: Failed to find provider info for com.google.android.gsf.gservices (user not unlocked)
02-16 11:22:02.107  3147  3180 W ActivityThread: Failed to find provider info for com.google.android.gsf.gservices (user not unlocked)
02-16 11:22:02.108  3147  3180 W ActivityThread: Failed to find provider info for com.google.android.gsf.gservices (user not unlocked)
02-16 11:22:02.108  3147  3180 W ActivityThread: Failed to find provider info for com.google.android.gsf.gservices (user not unlocked)
02-16 11:22:02.136  1858  2479 D CompatibilityChangeReporter: Compat change id reported: 168419799; UID 10211; state: DISABLED
02-16 11:22:02.321  1858  2211 W ActivityManager: Unable to start service Intent { act=com.google.android.chimera.BoundService.START dat=chimera-action:com.google.android.gms.gmscompliance.service.START cmp=com.google.android.gms/.chimera.PersistentBoundBrokerService } U=0: not found
02-16 11:22:02.322  1858  2495 W ActivityManager: Unbind failed: could not find connection for android.os.BinderProxy@23ba561
02-16 11:22:02.333  3178  3202 W ActivityThread: Failed to find provider info for com.google.android.apps.wellbeing.api (user not unlocked)
02-16 11:22:02.340  3178  3200 W ActivityThread: Failed to find provider info for com.google.android.gsf.gservices (user not unlocked)
02-16 11:22:02.343  3178  3200 W ActivityThread: Failed to find provider info for com.google.android.gsf.gservices (user not unlocked)
02-16 11:22:02.347  1858  2047 E AppHibernationService: Attempt to call isHibernatingForUser on stopped or nonexistent user 0
02-16 11:22:02.348  2781  2798 W FileUtils: Failed to chmod(/data/user/0/com.google.android.gms/app_usage_reporting_db): android.system.ErrnoException: chmod failed: ENOENT (No such file or directory)
02-16 11:22:02.348  1858  2479 D CompatibilityChangeReporter: Compat change id reported: 168419799; UID 10175; state: DISABLED
02-16 11:22:02.367  2746  2746 W ActivityThread: Failed to find provider info for com.google.android.gsf.gservices (user not unlocked)
02-16 11:22:02.368  2746  2746 W ActivityThread: Failed to find provider info for com.google.android.gsf.gservices (user not unlocked)
02-16 11:22:02.370  2746  2746 W ActivityThread: Failed to find provider info for com.google.android.gsf.gservices (user not unlocked)
02-16 11:22:02.370  2746  2746 W ActivityThread: Failed to find provider info for com.google.android.gsf.gservices (user not unlocked)
02-16 11:22:02.372  2746  2746 W ActivityThread: Failed to find provider info for com.google.android.gsf.gservices (user not unlocked)
02-16 11:22:02.372  2746  2746 W ActivityThread: Failed to find provider info for com.google.android.gsf.gservices (user not unlocked)
02-16 11:22:02.377  2746  2746 W ActivityThread: Failed to find provider info for com.google.android.gsf.gservices (user not unlocked)
02-16 11:22:02.378  2746  2746 W ActivityThread: Failed to find provider info for com.google.android.gsf.gservices (user not unlocked)
02-16 11:22:02.384  1858  2047 E AppHibernationService: Attempt to call isHibernatingForUser on stopped or nonexistent user 0
02-16 11:22:02.390  1858  2047 E AppHibernationService: Attempt to call isHibernatingForUser on stopped or nonexistent user 0
02-16 11:22:02.393  2746  2925 W ActivityThread: Failed to find provider info for com.google.android.gsf.gservices (user not unlocked)
02-16 11:22:02.394  2746  2925 W ActivityThread: Failed to find provider info for com.google.android.gsf.gservices (user not unlocked)
02-16 11:22:02.395  1858  2047 E AppHibernationService: Attempt to call isHibernatingForUser on stopped or nonexistent user 0
02-16 11:22:02.395  1858  2495 D CompatibilityChangeReporter: Compat change id reported: 135634846; UID 10154; state: DISABLED
02-16 11:22:02.396  1858  2495 D CompatibilityChangeReporter: Compat change id reported: 177438394; UID 10154; state: DISABLED
02-16 11:22:02.396  1858  2495 D CompatibilityChangeReporter: Compat change id reported: 135772972; UID 10154; state: DISABLED
02-16 11:22:02.396  1858  2495 D CompatibilityChangeReporter: Compat change id reported: 135754954; UID 10154; state: ENABLED
02-16 11:22:02.396  1858  1986 D CompatibilityChangeReporter: Compat change id reported: 143937733; UID 10154; state: ENABLED
02-16 11:22:02.397  1858  2047 E AppHibernationService: Attempt to call isHibernatingForUser on stopped or nonexistent user 0
02-16 11:22:02.398  1858  2495 D CompatibilityChangeReporter: Compat change id reported: 135634846; UID 1001; state: DISABLED
02-16 11:22:02.398  1858  2495 D CompatibilityChangeReporter: Compat change id reported: 177438394; UID 1001; state: DISABLED
02-16 11:22:02.398  1858  2495 D CompatibilityChangeReporter: Compat change id reported: 135772972; UID 1001; state: DISABLED
02-16 11:22:02.399  1858  2495 D CompatibilityChangeReporter: Compat change id reported: 135754954; UID 1001; state: DISABLED
02-16 11:22:02.402  2746  2925 W ActivityThread: Failed to find provider info for com.google.android.gsf.gservices (user not unlocked)
02-16 11:22:02.403  2746  2925 W ActivityThread: Failed to find provider info for com.google.android.gsf.gservices (user not unlocked)
02-16 11:22:02.407  1858  1986 I ActivityManager: Start proc 3204:com.google.android.gms/u0a154 for service {com.google.android.gms/com.google.android.gms.chimera.GmsIntentOperationService}
02-16 11:22:02.418  1858  1986 I ActivityManager: Start proc 3205:com.qualcomm.qcrilmsgtunnel/1001 for broadcast {com.qualcomm.qcrilmsgtunnel/com.qualcomm.qcrilmsgtunnel.QcrilMsgTunnelAutoboot}
02-16 11:22:02.506  1858  2047 E AppHibernationService: Attempt to call isHibernatingForUser on stopped or nonexistent user 0
02-16 11:22:02.509  1858  2047 E AppHibernationService: Attempt to call isHibernatingForUser on stopped or nonexistent user 0
02-16 11:22:02.510  1858  2495 D CompatibilityChangeReporter: Compat change id reported: 168419799; UID 1001; state: DISABLED
02-16 11:22:02.517  1858  2047 E AppHibernationService: Attempt to call isHibernatingForUser on stopped or nonexistent user 0
02-16 11:22:02.519  1858  2047 E AppHibernationService: Attempt to call isHibernatingForUser on stopped or nonexistent user 0
02-16 11:22:02.527  3204  3204 W ActivityThread: Failed to find provider info for com.google.android.gsf.gservices (user not unlocked)
02-16 11:22:02.545  1858  2047 E AppHibernationService: Attempt to call isHibernatingForUser on stopped or nonexistent user 0
02-16 11:22:02.547  1858  2047 E AppHibernationService: Attempt to call isHibernatingForUser on stopped or nonexistent user 0
02-16 11:22:02.547  1858  2479 D CompatibilityChangeReporter: Compat change id reported: 135634846; UID 10304; state: DISABLED
02-16 11:22:02.548  1858  2479 D CompatibilityChangeReporter: Compat change id reported: 177438394; UID 10304; state: DISABLED
02-16 11:22:02.548  1858  2479 D CompatibilityChangeReporter: Compat change id reported: 135772972; UID 10304; state: DISABLED
02-16 11:22:02.548  1858  2479 D CompatibilityChangeReporter: Compat change id reported: 135754954; UID 10304; state: ENABLED
02-16 11:22:02.548  1858  1986 D CompatibilityChangeReporter: Compat change id reported: 143937733; UID 10304; state: ENABLED
02-16 11:22:02.560  1858  1986 I ActivityManager: Start proc 3248:com.windyty.android/u0a304 for broadcast {com.windyty.android/com.capacitorjs.plugins.localnotifications.LocalNotificationRestoreReceiver}
02-16 11:22:02.593  1858  2507 D CompatibilityChangeReporter: Compat change id reported: 168419799; UID 10304; state: DISABLED
02-16 11:22:02.695  1858  2507 W ActivityManager: Unable to start service Intent { act=com.google.android.chimera.BoundService.START dat=chimera-action:com.google.android.gms.phenotype.service.START cmp=com.google.android.gms/.chimera.PersistentApiService } U=0: not found
02-16 11:22:02.696  1858  2507 W ActivityManager: Unbind failed: could not find connection for android.os.BinderProxy@1589e54
02-16 11:22:02.737  1858  2507 W BroadcastQueue: Background execution not allowed: receiving Intent { act=android.intent.action.DROPBOX_ENTRY_ADDED flg=0x10 (has extras) } to com.google.android.gms/.chimera.GmsIntentOperationService$PersistentTrustedReceiver
02-16 11:22:04.231  1858  1970 D ColorDisplayService: NightDisplayTintController Animation cancelled: false to matrix: 
02-16 11:22:04.231  1858  1970 D ColorDisplayService:        1.000000 0.000000 0.000000 0.000000 0.000000 1.000000 0.000000 0.000000 0.000000 0.000000 1.000000 0.000000 0.000000 0.000000 0.000000 1.000000 min matrix coefficients: 
02-16 11:22:04.231  1858  1970 D ColorDisplayService:        1.000000 0.000000 0.000000 0.000000 0.000000 1.000000 0.000000 0.000000 0.000000 0.000000 1.000000 0.000000 0.000000 0.000000 0.000000 1.000000 max matrix coefficients: 
02-16 11:22:04.231  1858  1970 D ColorDisplayService:        1.000000 0.000000 0.000000 0.000000 0.000000 1.000000 0.000000 0.000000 0.000000 0.000000 1.000000 0.000000 0.000000 0.000000 0.000000 1.000000
02-16 11:22:04.324  2290  3285 W ActivityThread: Failed to find provider info for com.android.contacts (user not unlocked)
02-16 11:22:04.631  1858  1970 D ColorDisplayService: GlobalSaturationTintController Animation cancelled: false to matrix: 
02-16 11:22:04.631  1858  1970 D ColorDisplayService:        1.000000 0.000000 0.000000 0.000000 0.000000 1.000000 0.000000 0.000000 0.000000 0.000000 1.000000 0.000000 0.000000 0.000000 0.000000 1.000000 min matrix coefficients: 
02-16 11:22:04.631  1858  1970 D ColorDisplayService:        1.000000 0.000000 0.000000 0.000000 0.000000 1.000000 0.000000 0.000000 0.000000 0.000000 1.000000 0.000000 0.000000 0.000000 0.000000 1.000000 max matrix coefficients: 
02-16 11:22:04.631  1858  1970 D ColorDisplayService:        1.000000 0.000000 0.000000 0.000000 0.000000 1.000000 0.000000 0.000000 0.000000 0.000000 1.000000 0.000000 0.000000 0.000000 0.000000 1.000000
02-16 11:22:04.675  1858  2047 E AppHibernationService: Attempt to call isHibernatingForUser on stopped or nonexistent user 0
02-16 11:22:04.676  1858  2277 D CompatibilityChangeReporter: Compat change id reported: 168419799; UID 10154; state: DISABLED
02-16 11:22:04.690  1858  2277 W ActivityManager: Unable to start service Intent { flg=0x89000010 pkg=com.google.android.gms cmp=com.google.android.gms/.gcm.nts.SchedulerService (has extras) } U=0: not found
02-16 11:22:04.691  1858  2047 E AppHibernationService: Attempt to call isHibernatingForUser on stopped or nonexistent user 0
02-16 11:22:04.828  1858  2277 D CompatibilityChangeReporter: Compat change id reported: 171306433; UID 10154; state: ENABLED
02-16 11:22:07.134  1858  2495 W ActivityManager: Unable to start service Intent { act=com.google.android.gms.phenotype.service.START pkg=com.google.android.gms } U=0: not found
02-16 11:22:07.135  1858  2495 W ActivityManager: Unbind failed: could not find connection for android.os.BinderProxy@2bfed0f
02-16 11:22:07.250  2746  2849 W ActivityThread: Failed to find provider info for com.google.android.gsf.gservices (user not unlocked)
02-16 11:22:07.261  2746  2849 W ActivityThread: Failed to find provider info for com.google.android.gsf.gservices (user not unlocked)
02-16 11:22:08.328  2290  3306 W ActivityThread: Failed to find provider info for com.android.contacts (user not unlocked)
02-16 11:22:08.990  3147  3165 W ActivityThread: Failed to find provider info for com.google.android.gsf.gservices (user not unlocked)
02-16 11:22:09.007  3147  3165 W ActivityThread: Failed to find provider info for com.google.android.gsf.gservices (user not unlocked)
02-16 11:22:09.126  1858  2036 V DisplayPowerController[0]: Brightness [0.05] reason changing to: 'automatic [ dim ]', previous reason: 'automatic'.
