02-16 11:21:57.799  1858  1858 V StorageManagerService: Package com.google.android.deskclock does not have legacy storage
02-16 11:21:57.799  1858  1858 V StorageManagerService: Package com.offsec.nethunter.store.privileged does not have legacy storage
02-16 11:21:57.799  1858  1858 V StorageManagerService: Package com.android.internal.systemui.navbar.twobutton does not have legacy storage
02-16 11:21:57.799  1858  1858 V StorageManagerService: Package org.codeaurora.ims has legacy storage
02-16 11:21:57.800  1858  1858 V StorageManagerService: Package com.android.statementservice does not have legacy storage
02-16 11:21:57.800  1858  1858 V StorageManagerService: Package com.aaronjwood.portauthority.free does not have legacy storage
02-16 11:21:57.800  1858  1858 V StorageManagerService: Package com.google.android.as does not have legacy storage
02-16 11:21:57.800  1858  1858 V StorageManagerService: Package com.google.android.gm does not have legacy storage
02-16 11:21:57.800  1858  1858 V StorageManagerService: Package com.bubblesoft.android.bubbleupnp does not have legacy storage
02-16 11:21:57.800  1858  1858 V StorageManagerService: Package com.google.android.carrier does not have legacy storage
02-16 11:21:57.800  1858  1858 V StorageManagerService: Package com.evbadroid.proxymon has legacy storage
02-16 11:21:57.800  1858  1858 V StorageManagerService: Package com.google.android.apps.tachyon does not have legacy storage
02-16 11:21:57.800  1858  1858 V StorageManagerService: Package com.darktrace.darktrace does not have legacy storage
02-16 11:21:57.800  1858  1858 V StorageManagerService: Package com.android.sdm.plugins.sprintdm has legacy storage
02-16 11:21:57.800  1858  1858 V StorageManagerService: Package com.google.android.turboadapter does not have legacy storage
02-16 11:21:57.800  1858  1858 V StorageManagerService: Package com.yahoo.mobile.client.android.weather does not have legacy storage
02-16 11:21:57.800  1858  1858 V StorageManagerService: Package com.notebuddy.conspy does not have legacy storage
02-16 11:21:57.801  1858  1858 V StorageManagerService: Package com.android.settings.overlay.pixel2019midyear does not have legacy storage
02-16 11:21:57.801  1858  1858 V StorageManagerService: Package com.android.managedprovisioning.overlay does not have legacy storage
02-16 11:21:57.801  1858  1858 V StorageManagerService: Package com.android.internal.systemui.navbar.gestural_extra_wide_back does not have legacy storage
02-16 11:21:57.801  1858  1858 V StorageManagerService: Package com.microsoft.office.outlook does not have legacy storage
02-16 11:21:57.801  1858  1858 V StorageManagerService: Package com.google.android.permissioncontroller does not have legacy storage
02-16 11:21:57.801  1858  1858 V StorageManagerService: Package com.philips.lighting.hue2 does not have legacy storage
02-16 11:21:57.801  1858  1858 V StorageManagerService: Package com.google.intelligence.sense does not have legacy storage
02-16 11:21:57.801  1858  1858 V StorageManagerService: Package com.google.android.setupwizard does not have legacy storage
02-16 11:21:57.801  1858  1858 V StorageManagerService: Package com.qualcomm.qcrilmsgtunnel has legacy storage
02-16 11:21:57.801  1858  1858 V StorageManagerService: Package com.android.providers.settings does not have legacy storage
02-16 11:21:57.801  1858  1858 V StorageManagerService: Package com.android.sharedstoragebackup does not have legacy storage
02-16 11:21:57.801  1858  1858 V StorageManagerService: Package com.verizon.services does not have legacy storage
02-16 11:21:57.801  1858  1858 V StorageManagerService: Package com.android.nfc.auto_generated_rro_product__ does not have legacy storage
02-16 11:21:57.801  1858  1858 V StorageManagerService: Package com.google.android.euicc does not have legacy storage
02-16 11:21:57.801  1858  1858 V StorageManagerService: Package com.wakdev.wdnfc does not have legacy storage
02-16 11:21:57.801  1858  1858 V StorageManagerService: Package com.google.android.music has legacy storage
02-16 11:21:57.801  1858  1858 V StorageManagerService: Package com.android.printspooler does not have legacy storage
02-16 11:21:57.802  1858  1858 V StorageManagerService: Package com.android.hotwordenrollment.okgoogle does not have legacy storage
02-16 11:21:57.802  1858  1858 V StorageManagerService: Package com.android.sdm.plugins.diagmon does not have legacy storage
02-16 11:21:57.802  1858  1858 V StorageManagerService: Package com.android.dreams.basic does not have legacy storage
02-16 11:21:57.802  1858  1858 V StorageManagerService: Package com.google.android.pixel.setupwizard.auto_generated_rro_product__ does not have legacy storage
02-16 11:21:57.802  1858  1858 V StorageManagerService: Package com.android.providers.settings.auto_generated_rro_product__ does not have legacy storage
02-16 11:21:57.802  1858  1858 V StorageManagerService: Package org.mozilla.fenix does not have legacy storage
02-16 11:21:57.802  1858  1858 V StorageManagerService: Package org.mozilla.focus does not have legacy storage
02-16 11:21:57.802  1858  1858 V StorageManagerService: Package com.google.android.as.oss does not have legacy storage
02-16 11:21:57.802  1858  1858 V StorageManagerService: Package com.android.se does not have legacy storage
02-16 11:21:57.802  1858  1858 V StorageManagerService: Package com.android.inputdevices does not have legacy storage
02-16 11:21:57.802  1858  1858 V StorageManagerService: Package com.offsec.nethunter.store has legacy storage
02-16 11:21:57.802  1858  1858 V StorageManagerService: Package com.android.traceur.auto_generated_rro_product__ does not have legacy storage
02-16 11:21:57.802  1858  1858 V StorageManagerService: Package com.google.android.apps.wellbeing does not have legacy storage
02-16 11:21:57.802  1858  1858 V StorageManagerService: Package com.gorillasoftware.everyproxy does not have legacy storage
02-16 11:21:57.802  1858  1858 V StorageManagerService: Package com.google.android.dialer does not have legacy storage
02-16 11:21:57.802  1858  1858 V StorageManagerService: Package com.android.bips does not have legacy storage
02-16 11:21:57.802  1858  1858 V StorageManagerService: Package com.google.audio.hearing.visualization.accessibility.scribe does not have legacy storage
02-16 11:21:57.802  1858  1858 V StorageManagerService: Package com.google.android.apps.nbu.files does not have legacy storage
02-16 11:21:57.803  1858  1858 V StorageManagerService: Package com.google.android.captiveportallogin does not have legacy storage
02-16 11:21:57.803  1858  1858 V StorageManagerService: Package com.google.android.accessibility.soundamplifier does not have legacy storage
02-16 11:21:57.803  1858  1858 V StorageManagerService: Package com.qti.xdivert has legacy storage
02-16 11:21:57.803  1858  1858 V StorageManagerService: Package com.android.musicfx does not have legacy storage
02-16 11:21:57.803  1858  1858 V StorageManagerService: Package com.google.android.apps.docs does not have legacy storage
02-16 11:21:57.803  1858  1858 V StorageManagerService: Package com.google.android.apps.maps does not have legacy storage
02-16 11:21:57.803  1858  1858 V StorageManagerService: Package com.google.android.apps.tips does not have legacy storage
02-16 11:21:57.803  1858  1858 V StorageManagerService: Package com.google.android.documentsui.theme.pixel does not have legacy storage
02-16 11:21:57.803  1858  1858 V StorageManagerService: Package no.nrk.yr does not have legacy storage
02-16 11:21:57.803  1858  1858 V StorageManagerService: Package com.google.android.modulemetadata does not have legacy storage
02-16 11:21:57.803  1858  1858 V StorageManagerService: Package chromecast.tv.streaming.screen.share has legacy storage
02-16 11:21:57.803  1858  1858 V StorageManagerService: Package com.ttxapps.wifiadb does not have legacy storage
02-16 11:21:57.803  1858  1858 V StorageManagerService: Package com.google.android.markup does not have legacy storage
02-16 11:21:57.803  1858  1858 V StorageManagerService: Package com.android.cellbroadcastreceiver does not have legacy storage
02-16 11:21:57.803  1858  1858 V StorageManagerService: Package com.google.android.webview does not have legacy storage
02-16 11:21:57.803  1858  1858 V StorageManagerService: Package com.google.android.apps.carrier.log does not have legacy storage
02-16 11:21:57.804  1858  1858 V StorageManagerService: Package com.google.android.networkstack does not have legacy storage
02-16 11:21:57.804  1858  1858 V StorageManagerService: Package com.google.android.contacts does not have legacy storage
02-16 11:21:57.804  1858  1858 V StorageManagerService: Package com.android.server.telecom does not have legacy storage
02-16 11:21:57.804  1858  1858 V StorageManagerService: Package com.google.android.syncadapters.contacts does not have legacy storage
02-16 11:21:57.804  1858  1858 V StorageManagerService: Package com.android.keychain does not have legacy storage
02-16 11:21:57.804  1858  1858 V StorageManagerService: Package com.android.server.telecom.auto_generated_rro_product__ does not have legacy storage
02-16 11:21:57.804  1858  1858 V StorageManagerService: Package com.google.android.overlay.googleconfig does not have legacy storage
02-16 11:21:57.804  1858  1858 V StorageManagerService: Package com.google.android.calculator does not have legacy storage
02-16 11:21:57.804  1858  1858 V StorageManagerService: Package com.android.service.ims has legacy storage
02-16 11:21:57.804  1858  1858 V StorageManagerService: Package cz.skodaauto.powerpass does not have legacy storage
02-16 11:21:57.804  1858  1858 V StorageManagerService: Package com.android.chrome does not have legacy storage
02-16 11:21:57.804  1858  1858 V StorageManagerService: Package com.evbadroid.ceromon does not have legacy storage
02-16 11:21:57.804  1858  1858 V StorageManagerService: Package com.wolt.android does not have legacy storage
02-16 11:21:57.804  1858  1858 V StorageManagerService: Package com.android.bips.auto_generated_rro_product__ does not have legacy storage
02-16 11:21:57.804  1858  1858 V StorageManagerService: Package cz.tmobile.oneapp does not have legacy storage
02-16 11:21:57.804  1858  1858 V StorageManagerService: Package com.google.android.packageinstaller does not have legacy storage
02-16 11:21:57.804  1858  1858 V StorageManagerService: Package com.google.android.apps.customization.pixel does not have legacy storage
02-16 11:21:57.804  1858  1858 V StorageManagerService: Package com.google.android.gms does not have legacy storage
02-16 11:21:57.804  1858  1858 V StorageManagerService: Package com.google.android.gsf does not have legacy storage
02-16 11:21:57.804  1858  1858 V StorageManagerService: Package com.google.android.ims does not have legacy storage
02-16 11:21:57.805  1858  1858 V StorageManagerService: Package com.google.android.tag does not have legacy storage
02-16 11:21:57.805  1858  1858 V StorageManagerService: Package com.google.android.tts does not have legacy storage
02-16 11:21:57.805  1858  1858 V StorageManagerService: Package com.google.android.overlay.permissioncontroller does not have legacy storage
02-16 11:21:57.805  1858  1858 V StorageManagerService: Package com.emanuelef.remote_capture does not have legacy storage
02-16 11:21:57.805  1858  1858 V StorageManagerService: Package com.google.android.apps.walletnfcrel does not have legacy storage
02-16 11:21:57.805  1858  1858 V StorageManagerService: Package com.android.calllogbackup does not have legacy storage
02-16 11:21:57.805  1858  1858 V StorageManagerService: Package com.google.android.partnersetup does not have legacy storage
02-16 11:21:57.805  1858  1858 V StorageManagerService: Package com.android.safetyregulatoryinfo does not have legacy storage
02-16 11:21:57.805  1858  1858 V StorageManagerService: Package com.android.cameraextensions does not have legacy storage
02-16 11:21:57.805  1858  1858 V StorageManagerService: Package com.google.android.pixel.setupwizard.overlay does not have legacy storage
02-16 11:21:57.805  1858  1858 V StorageManagerService: Package com.android.localtransport does not have legacy storage
02-16 11:21:57.805  1858  1858 V StorageManagerService: Package com.google.android.videos does not have legacy storage
02-16 11:21:57.805  1858  1858 V StorageManagerService: Package com.google.android.apps.nexuslauncher does not have legacy storage
02-16 11:21:57.805  1858  1858 V StorageManagerService: Package com.google.android.nearby.halfsheet does not have legacy storage
02-16 11:21:57.805  1858  1858 V StorageManagerService: Package com.android.carrierdefaultapp does not have legacy storage
02-16 11:21:57.805  1858  1858 V StorageManagerService: Package com.etwok.netspotapp does not have legacy storage
02-16 11:21:57.805  1858  1858 V StorageManagerService: Package com.google.RilConfigService has legacy storage
02-16 11:21:57.805  1858  1858 V StorageManagerService: Package com.android.theme.font.notoserifsource does not have legacy storage
02-16 11:21:57.805  1858  1858 V StorageManagerService: Package com.android.proxyhandler does not have legacy storage
02-16 11:21:57.805  1858  1858 V StorageManagerService: Package com.google.android.safetycenter.resources does not have legacy storage
02-16 11:21:57.805  1858  1858 V StorageManagerService: Package com.android.internal.display.cutout.emulation.waterfall does not have legacy storage
02-16 11:21:57.805  1858  1858 V StorageManagerService: Package cz.oksystem.chmu.basic does not have legacy storage
02-16 11:21:57.805  1858  1858 V StorageManagerService: Package com.google.SSRestartDetector does not have legacy storage
02-16 11:21:57.806  1858  1858 V StorageManagerService: Package com.google.android.connectivity.resources does not have legacy storage
02-16 11:21:57.806  1858  1858 V StorageManagerService: Package com.google.android.pixel.setupwizard.activeedge does not have legacy storage
02-16 11:21:57.806  1858  1858 V StorageManagerService: Package com.android.providers.contacts.auto_generated_rro_product__ does not have legacy storage
02-16 11:21:57.806  1858  1858 V StorageManagerService: Package com.google.android.feedback does not have legacy storage
02-16 11:21:57.806  1858  1858 V StorageManagerService: Package com.topjohnwu.magisk does not have legacy storage
02-16 11:21:57.806  1858  1858 V StorageManagerService: Package app.greyshirts.sslcapture has legacy storage
02-16 11:21:57.806  1858  1858 V StorageManagerService: Package com.google.android.printservice.recommendation does not have legacy storage
02-16 11:21:57.806  1858  1858 V StorageManagerService: Package com.google.android.apps.photos does not have legacy storage
02-16 11:21:57.806  1858  1858 V StorageManagerService: Package com.google.android.calendar does not have legacy storage
02-16 11:21:57.806  1858  1858 V StorageManagerService: Package com.android.managedprovisioning does not have legacy storage
02-16 11:21:57.806  1858  1858 V StorageManagerService: Package mobile.fxmanager does not have legacy storage
02-16 11:21:57.806  1858  1858 V StorageManagerService: Package com.android.soundpicker does not have legacy storage
02-16 11:21:57.806  1858  1858 V StorageManagerService: Package org.test.bifuz has legacy storage
02-16 11:21:57.806  1858  1858 V StorageManagerService: Package cz.ackee.ventusky does not have legacy storage
02-16 11:21:57.806  1858  1858 V StorageManagerService: Package com.google.android.documentsui does not have legacy storage
02-16 11:21:57.806  1858  1858 V StorageManagerService: Package com.windyty.android does not have legacy storage
02-16 11:21:57.806  1858  1858 V StorageManagerService: Package com.nxp.nfc.tagwriter does not have legacy storage
02-16 11:21:57.806  1858  1858 V StorageManagerService: Package com.google.mainline.telemetry does not have legacy storage
02-16 11:21:57.806  1858  1858 V StorageManagerService: Package com.google.android.systemui.gxoverlay does not have legacy storage
02-16 11:21:57.807  1858  1858 V StorageManagerService: Package com.google.android.apps.internal.betterbug does not have legacy storage
02-16 11:21:57.807  1858  1858 V StorageManagerService: Package com.android.cellbroadcastservice.overlay.pixel does not have legacy storage
02-16 11:21:57.807  1858  1858 V StorageManagerService: Package com.android.sdm.plugins.dcmo does not have legacy storage
02-16 11:21:57.807  1858  1858 V StorageManagerService: Package com.nianticproject.ingress does not have legacy storage
02-16 11:21:57.807  1858  1858 V StorageManagerService: Package com.google.android.apps.camera.services does not have legacy storage
02-16 11:21:57.807  1858  1858 V StorageManagerService: Package com.android.providers.partnerbookmarks does not have legacy storage
02-16 11:21:57.807  1858  1858 V StorageManagerService: Package com.google.android.apps.kids.familylink does not have legacy storage
02-16 11:21:57.807  1858  1858 V StorageManagerService: Package com.android.server.telecom.auto_generated_rro_vendor__ does not have legacy storage
02-16 11:21:57.807  1858  1858 V StorageManagerService: Package com.johnniek.inpocasi has legacy storage
02-16 11:21:57.807  1858  1858 V StorageManagerService: Package com.android.service.ims.presence has legacy storage
02-16 11:21:57.807  1858  1858 V StorageManagerService: Package com.android.wallpaper.livepicker does not have legacy storage
02-16 11:21:57.807  1858  1858 V StorageManagerService: Package com.android.providers.telephony.auto_generated_rro_product__ does not have legacy storage
02-16 11:21:57.807  1858  1858 V StorageManagerService: Package com.android.phone.auto_generated_rro_vendor__ does not have legacy storage
02-16 11:21:57.807  1858  1858 V StorageManagerService: Package com.android.imsserviceentitlement does not have legacy storage
02-16 11:21:57.807  1858  1858 V StorageManagerService: Package com.android.traceur.auto_generated_rro_vendor__ does not have legacy storage
02-16 11:21:57.807  1858  1858 V StorageManagerService: Package com.Slack does not have legacy storage
02-16 11:21:57.807  1858  1858 V StorageManagerService: Package org.mozilla.firefox does not have legacy storage
02-16 11:21:57.807  1858  1858 V StorageManagerService: Package com.mildy does not have legacy storage
02-16 11:21:57.807  1858  1858 V StorageManagerService: Package com.armis.blueborne_detector does not have legacy storage
02-16 11:21:57.807  1858  1858 V StorageManagerService: Package com.google.android.networkstack.permissionconfig does not have legacy storage
02-16 11:21:57.807  1858  1858 V StorageManagerService: Package cz.skodaauto.pci22 does not have legacy storage
02-16 11:21:57.807  1858  1858 V StorageManagerService: Package com.android.bookmarkprovider does not have legacy storage
02-16 11:21:57.808  1858  1858 V StorageManagerService: Package com.google.android.overlay.pixelconfigcommon does not have legacy storage
02-16 11:21:57.808  1858  1858 V StorageManagerService: Package com.android.settings does not have legacy storage
02-16 11:21:57.808  1858  1858 V StorageManagerService: Package it.gmg.android.lgsm2 does not have legacy storage
02-16 11:21:57.808  1858  1858 V StorageManagerService: Package com.google.android.wfcactivation does not have legacy storage
02-16 11:21:57.808  1858  1858 V StorageManagerService: Package com.egorovandreyrm.pcapremote does not have legacy storage
02-16 11:21:57.808  1858  1858 V StorageManagerService: Package com.google.android.apps.pixelmigrate has legacy storage
02-16 11:21:57.808  1858  1858 V StorageManagerService: Package com.termux has legacy storage
02-16 11:21:57.808  1858  1858 V StorageManagerService: Package com.google.android.settings.intelligence does not have legacy storage
02-16 11:21:57.808  1858  1858 V StorageManagerService: Package com.google.android.projection.gearhead does not have legacy storage
02-16 11:21:57.808  1858  1858 V StorageManagerService: Package com.verizon.obdm does not have legacy storage
02-16 11:21:57.809  1858  1858 V StorageManagerService: Package com.guoshi.httpcanary has legacy storage
02-16 11:21:57.809  1858  1858 V StorageManagerService: Package com.google.android.apps.scone does not have legacy storage
02-16 11:21:57.809  1858  1858 V StorageManagerService: Package com.google.android.apps.turbo does not have legacy storage
02-16 11:21:57.809  1858  1858 V StorageManagerService: Package com.google.android.tetheringentitlement does not have legacy storage
02-16 11:21:57.809  1858  1858 V StorageManagerService: Package com.android.omadm.service does not have legacy storage
02-16 11:21:57.809  1858  1858 V StorageManagerService: Package com.google.android.apps.chromecast.app does not have legacy storage
02-16 11:21:57.809  1858  1858 V StorageManagerService: Package com.android.cts.ctsshim does not have legacy storage
02-16 11:21:57.809  1858  1858 V StorageManagerService: Package com.google.android.apps.wearables.maestro.companion does not have legacy storage
02-16 11:21:57.809  1858  1858 V StorageManagerService: Package de.syss.MifareClassicTool does not have legacy storage
02-16 11:21:57.809  1858  1858 V StorageManagerService: Package com.google.android.wifi.resources does not have legacy storage
02-16 11:21:57.809  1858  1858 V StorageManagerService: Package com.google.android.hiddenmenu does not have legacy storage
02-16 11:21:57.809  1858  1858 V StorageManagerService: Package com.google.android.wifi.dialog does not have legacy storage
02-16 11:21:57.809  1858  1858 V StorageManagerService: Package com.android.nfc.auto_generated_rro_vendor__ does not have legacy storage
02-16 11:21:57.809  1858  1858 V StorageManagerService: Package com.offsec.nhterm does not have legacy storage
02-16 11:21:57.809  1858  1858 V StorageManagerService: Package com.zentity.tmcz.kaktus does not have legacy storage
02-16 11:21:57.809  1858  1858 V StorageManagerService: Package com.accuweather.android does not have legacy storage
02-16 11:21:57.809  1858  1858 V StorageManagerService: Package com.qualcomm.qti.services.secureui does not have legacy storage
02-16 11:21:57.809  1858  1858 V StorageManagerService: Package com.android.vpndialogs does not have legacy storage
02-16 11:21:57.809  1858  1858 V StorageManagerService: Package com.google.android.apps.wallpaper does not have legacy storage
02-16 11:21:57.810  1858  1858 V StorageManagerService: Package com.google.android.keep does not have legacy storage
02-16 11:21:57.810  1858  1858 V StorageManagerService: Package com.google.android.odad does not have legacy storage
02-16 11:21:57.810  1858  1858 V StorageManagerService: Package com.android.phone has legacy storage
02-16 11:21:57.810  1858  1858 V StorageManagerService: Package com.android.shell does not have legacy storage
02-16 11:21:57.810  1858  1858 V StorageManagerService: Package com.android.wallpaperbackup does not have legacy storage
02-16 11:21:57.810  1858  1858 V StorageManagerService: Package com.android.providers.blockednumber does not have legacy storage
02-16 11:21:57.810  1858  1858 V StorageManagerService: Package com.android.settings.auto_generated_rro_product__ does not have legacy storage
02-16 11:21:57.810  1858  1858 V StorageManagerService: Package com.android.providers.userdictionary does not have legacy storage
02-16 11:21:57.810  1858  1858 V StorageManagerService: Package com.google.vr.apps.ornament does not have legacy storage
02-16 11:21:57.810  1858  1858 V StorageManagerService: Package com.google.android.apps.carrier.carrierwifi does not have legacy storage
02-16 11:21:57.810  1858  1858 V StorageManagerService: Package com.android.emergency does not have legacy storage
02-16 11:21:57.810  1858  1858 V StorageManagerService: Package com.android.captiveportallogin.overlay does not have legacy storage
02-16 11:21:57.810  1858  1858 V StorageManagerService: Package com.google.android.gms.location.history does not have legacy storage
02-16 11:21:57.810  1858  1858 V StorageManagerService: Package com.android.internal.systemui.navbar.gestural does not have legacy storage
02-16 11:21:57.810  1858  1858 V StorageManagerService: Package com.android.intentfuzzer does not have legacy storage
02-16 11:21:57.810  1858  1858 V StorageManagerService: Package com.android.location.fused does not have legacy storage
02-16 11:21:57.810  1858  1858 V StorageManagerService: Package com.b_lam.resplash does not have legacy storage
02-16 11:21:57.810  1858  1858 V StorageManagerService: Package com.android.systemui does not have legacy storage
02-16 11:21:57.811  1858  1858 V StorageManagerService: Package com.google.android.hardwareinfo does not have legacy storage
02-16 11:21:57.811  1858  1858 V StorageManagerService: Package com.google.android.apps.youtube.music does not have legacy storage
02-16 11:21:57.811  1858  1858 V StorageManagerService: Package com.android.bluetoothmidiservice does not have legacy storage
02-16 11:21:57.811  1858  1858 V StorageManagerService: Package cz.skoda.mediacommand has legacy storage
02-16 11:21:57.811  1858  1858 V StorageManagerService: Package net.techet.netanalyzerlite.an does not have legacy storage
02-16 11:21:57.811  1858  1858 V StorageManagerService: Package app.httpsocksproxy.vpn does not have legacy storage
02-16 11:21:57.811  1858  1858 V StorageManagerService: Package com.myprog.netscan does not have legacy storage
02-16 11:21:57.811  1858  1858 V StorageManagerService: Package com.android.traceur does not have legacy storage
02-16 11:21:57.811  1858  1858 V StorageManagerService: Package ee.mtakso.client does not have legacy storage
02-16 11:21:57.811  1858  1858 V StorageManagerService: Package cz.skodaauto.pci3 has legacy storage
02-16 11:21:57.811  1858  1858 V StorageManagerService: Package com.google.android.cellbroadcastreceiver does not have legacy storage
02-16 11:21:57.811  1858  1858 V StorageManagerService: Package com.google.android.apps.helprtc does not have legacy storage
02-16 11:21:57.811  1858  1858 V StorageManagerService: Package com.android.phone.auto_generated_rro_product__ does not have legacy storage
02-16 11:21:57.811  1858  1858 V StorageManagerService: Package android.auto_generated_rro_product__ does not have legacy storage
02-16 11:21:57.811  1858  1858 V StorageManagerService: Package com.google.android.apps.magazines does not have legacy storage
02-16 11:21:57.811  1858  1858 V StorageManagerService: Package com.google.android.apps.gcs does not have legacy storage
02-16 11:21:57.811  1858  1858 V StorageManagerService: Package com.android.bluetooth does not have legacy storage
02-16 11:21:57.812  1858  1858 V StorageManagerService: Package com.qualcomm.timeservice does not have legacy storage
02-16 11:21:57.812  1858  1858 V StorageManagerService: Package com.qualcomm.atfwd does not have legacy storage
02-16 11:21:57.812  1858  1858 V StorageManagerService: Package com.android.providers.contacts does not have legacy storage
02-16 11:21:57.812  1858  1858 V StorageManagerService: Package com.ddm.iptools does not have legacy storage
02-16 11:21:57.812  1858  1858 V StorageManagerService: Package com.google.android.GoogleCamera does not have legacy storage
02-16 11:21:57.812  1858  1858 V StorageManagerService: Package za.co.canobakedbeans.instacopy does not have legacy storage
02-16 11:21:57.812  1858  1858 V StorageManagerService: Package com.android.internal.systemui.navbar.gestural_narrow_back does not have legacy storage
02-16 11:21:57.812  1858  1858 V StorageManagerService: Package com.microsoft.teams has legacy storage
02-16 11:21:57.812  1858  1858 V StorageManagerService: Package cz.tipsport.betpro does not have legacy storage
02-16 11:21:57.812  1858  1858 V StorageManagerService: Package com.google.android.inputmethod.latin does not have legacy storage
02-16 11:21:57.812  1858  1858 V StorageManagerService: Package com.google.android.storagemanager does not have legacy storage
02-16 11:21:57.812  1858  1858 V StorageManagerService: Package android.auto_generated_rro_vendor__ does not have legacy storage
02-16 11:21:57.812  1858  1858 V StorageManagerService: Package com.google.android.apps.restore does not have legacy storage
02-16 11:21:57.813  1858  1858 I SystemServerTiming: ssm.onStartUser-0_com.android.server.usage.StorageStatsService$Lifecycle
02-16 11:21:57.813  1858  1858 I SystemServerTiming: ssm.onStartUser-0_com.android.server.UiModeManagerService
02-16 11:21:57.813  1858  1858 I SystemServerTiming: ssm.onStartUser-0_com.android.server.locksettings.LockSettingsService$Lifecycle
02-16 11:21:57.813  1858  1858 I SystemServerTiming: ssm.onStartUser-0_com.android.server.PersistentDataBlockService
02-16 11:21:57.813  1858  1858 I SystemServerTiming: ssm.onStartUser-0_com.android.server.testharness.TestHarnessModeService
02-16 11:21:57.813  1858  1858 I SystemServerTiming: ssm.onStartUser-0_com.android.server.oemlock.OemLockService
02-16 11:21:57.813  1858  1858 I SystemServerTiming: ssm.onStartUser-0_com.android.server.DeviceIdleController
02-16 11:21:57.813  1858  1858 I SystemServerTiming: ssm.onStartUser-0_com.android.server.devicepolicy.DevicePolicyManagerService$Lifecycle
02-16 11:21:57.813  1858  1858 I SystemServerTiming: ssm.onStartUser-0_com.android.server.musicrecognition.MusicRecognitionManagerService
02-16 11:21:57.813  1858  1858 I SystemServerTiming: ssm.onStartUser-0_com.android.server.contentcapture.ContentCaptureManagerService
02-16 11:21:57.813  1858  1858 I SystemServerTiming: ssm.onStartUser-0_com.android.server.systemcaptions.SystemCaptionsManagerService
02-16 11:21:57.813  1858  1858 I SystemServerTiming: ssm.onStartUser-0_com.android.server.texttospeech.TextToSpeechManagerService
02-16 11:21:57.813  1858  1858 I SystemServerTiming: ssm.onStartUser-0_com.android.server.speech.SpeechRecognitionManagerService
02-16 11:21:57.813  1858  1858 I SystemServerTiming: ssm.onStartUser-0_com.android.server.appprediction.AppPredictionManagerService
02-16 11:21:57.813  1858  1858 I SystemServerTiming: ssm.onStartUser-0_com.android.server.contentsuggestions.ContentSuggestionsManagerService
02-16 11:21:57.813  1858  1858 I SystemServerTiming: ssm.onStartUser-0_com.android.server.searchui.SearchUiManagerService
02-16 11:21:57.813  1858  1858 I SystemServerTiming: ssm.onStartUser-0_com.android.server.smartspace.SmartspaceManagerService
02-16 11:21:57.813  1858  1858 I SystemServerTiming: ssm.onStartUser-0_com.android.server.graphics.fonts.FontManagerService$Lifecycle
02-16 11:21:57.813  1858  1858 I SystemServerTiming: ssm.onStartUser-0_com.android.server.textservices.TextServicesManagerService$Lifecycle
02-16 11:21:57.813  1858  1858 I SystemServerTiming: ssm.onStartUser-0_com.android.server.textclassifier.TextClassificationManagerService$Lifecycle
02-16 11:21:57.814  1858  1858 I SystemServerTiming: ssm.onStartUser-0_com.android.server.NetworkScoreService$Lifecycle
02-16 11:21:57.815  1858  1858 I SystemServerTiming: ssm.onStartUser-0_com.android.server.wifi.WifiService
02-16 11:21:57.815  1858  1858 I SystemServerTiming: ssm.onStartUser-0_com.android.server.wifi.scanner.WifiScanningService
02-16 11:21:57.815  1858  1858 I SystemServerTiming: ssm.onStartUser-0_com.android.server.wifi.rtt.RttService
02-16 11:21:57.815  1858  1858 I SystemServerTiming: ssm.onStartUser-0_com.android.server.wifi.aware.WifiAwareService
02-16 11:21:57.815  1858  1858 I SystemServerTiming: ssm.onStartUser-0_com.android.server.wifi.p2p.WifiP2pService
02-16 11:21:57.815  1858  1858 I SystemServerTiming: ssm.onStartUser-0_com.android.server.ethernet.EthernetService
02-16 11:21:57.815  1858  1858 I SystemServerTiming: ssm.onStartUser-0_com.android.server.ConnectivityServiceInitializer
02-16 11:21:57.815  1858  1858 I SystemServerTiming: ssm.onStartUser-0_com.android.server.notification.NotificationManagerService
02-16 11:21:57.815  1858  1858 I SystemServerTiming: ssm.onStartUser-0_com.android.server.storage.DeviceStorageMonitorService
02-16 11:21:57.815  1858  1858 I SystemServerTiming: ssm.onStartUser-0_com.android.server.location.LocationManagerService$Lifecycle
02-16 11:21:57.817  1858  1858 I SystemServerTiming: ssm.onStartUser-0_com.android.server.timedetector.TimeDetectorService$Lifecycle
02-16 11:21:57.817  1858  1858 I SystemServerTiming: ssm.onStartUser-0_com.android.server.timezonedetector.TimeZoneDetectorService$Lifecycle
02-16 11:21:57.817  1858  1858 I SystemServerTiming: ssm.onStartUser-0_com.android.server.timezonedetector.location.LocationTimeZoneManagerService$Lifecycle
02-16 11:21:57.817  1858  1858 I SystemServerTiming: ssm.onStartUser-0_com.android.server.search.SearchManagerService$Lifecycle
02-16 11:21:57.817  1858  1858 I SystemServerTiming: ssm.onStartUser-0_com.android.server.wallpaper.WallpaperManagerService$Lifecycle
02-16 11:21:57.817  1858  1858 I SystemServerTiming: ssm.onStartUser-0_com.android.server.audio.AudioService$Lifecycle
02-16 11:21:57.817  1858  1858 I SystemServerTiming: ssm.onStartUser-0_com.android.server.soundtrigger_middleware.SoundTriggerMiddlewareService$Lifecycle
02-16 11:21:57.817  1858  1858 I SystemServerTiming: ssm.onStartUser-0_com.android.server.DockObserver
02-16 11:21:57.817  1858  1858 I SystemServerTiming: ssm.onStartUser-0_com.android.server.midi.MidiService$Lifecycle
02-16 11:21:57.817  1858  1858 I SystemServerTiming: ssm.onStartUser-0_com.android.server.adb.AdbService$Lifecycle
02-16 11:21:57.817  1858  1858 I SystemServerTiming: ssm.onStartUser-0_com.android.server.usb.UsbService$Lifecycle
02-16 11:21:57.817  1858  1858 I SystemServerTiming: ssm.onStartUser-0_com.android.server.twilight.TwilightService
02-16 11:21:57.817  1858  1858 I SystemServerTiming: ssm.onStartUser-0_com.android.server.display.color.ColorDisplayService
02-16 11:21:57.817  1858  1858 I SystemServerTiming: ssm.onStartUser-0_com.android.server.job.JobSchedulerService
02-16 11:21:57.818  1858  1858 I SystemServerTiming: ssm.onStartUser-0_com.android.server.soundtrigger.SoundTriggerService
02-16 11:21:57.818  1858  1858 I SystemServerTiming: ssm.onStartUser-0_com.android.server.trust.TrustManagerService
02-16 11:21:57.818  1858  1858 I SystemServerTiming: ssm.onStartUser-0_com.android.server.backup.BackupManagerService$Lifecycle
02-16 11:21:57.818  1858  1858 I SystemServerTiming: ssm.onStartUser-0_com.android.server.appwidget.AppWidgetService
02-16 11:21:57.819  1858  1858 I SystemServerTiming: ssm.onStartUser-0_com.android.server.voiceinteraction.VoiceInteractionManagerService
02-16 11:21:57.845  1858  2211 W PackageManager: Loading a package that does not exist for the calling user. package=null, user=0
02-16 11:21:57.887  1858  1858 W SystemServiceManager: Service com.android.server.voiceinteraction.VoiceInteractionManagerService took 68 ms in onStartUser-0
02-16 11:21:57.887  1858  1858 I SystemServerTiming: ssm.onStartUser-0_com.android.server.apphibernation.AppHibernationService
02-16 11:21:57.887  1858  1858 I SystemServerTiming: ssm.onStartUser-0_com.android.server.GestureLauncherService
02-16 11:21:57.887  1858  1858 I SystemServerTiming: ssm.onStartUser-0_com.android.server.SensorNotificationService
02-16 11:21:57.887  1858  1858 I SystemServerTiming: ssm.onStartUser-0_com.android.server.ContextHubSystemService
02-16 11:21:57.887  1858  1858 I SystemServerTiming: ssm.onStartUser-0_com.android.server.emergency.EmergencyAffordanceService
02-16 11:21:57.887  1858  1858 I SystemServerTiming: ssm.onStartUser-0_com.android.server.blob.BlobStoreManagerService
02-16 11:21:57.887  1858  1858 I SystemServerTiming: ssm.onStartUser-0_com.android.server.dreams.DreamManagerService
02-16 11:21:57.887  1858  1858 I SystemServerTiming: ssm.onStartUser-0_com.android.server.print.PrintManagerService
02-16 11:21:57.887  1858  1858 I SystemServerTiming: ssm.onStartUser-0_com.android.server.companion.CompanionDeviceManagerService
02-16 11:21:57.887  1858  1858 I SystemServerTiming: ssm.onStartUser-0_com.android.server.restrictions.RestrictionsManagerService
02-16 11:21:57.887  1858  1858 I SystemServerTiming: ssm.onStartUser-0_com.android.server.media.MediaSessionService
02-16 11:21:57.887  1858  1858 I SystemServerTiming: ssm.onStartUser-0_com.android.server.media.MediaResourceMonitorService
02-16 11:21:57.887  1858  1858 I SystemServerTiming: ssm.onStartUser-0_com.android.server.biometrics.sensors.fingerprint.FingerprintService
02-16 11:21:57.887  1858  1858 I SystemServerTiming: ssm.onStartUser-0_com.android.server.biometrics.BiometricService
02-16 11:21:57.887  1858  1858 I SystemServerTiming: ssm.onStartUser-0_com.android.server.biometrics.AuthService
02-16 11:21:57.887  1858  1858 I SystemServerTiming: ssm.onStartUser-0_com.android.server.pm.ShortcutService$Lifecycle
02-16 11:21:57.887  1858  1858 I SystemServerTiming: ssm.onStartUser-0_com.android.server.pm.LauncherAppsService
02-16 11:21:57.887  1858  1858 I SystemServerTiming: ssm.onStartUser-0_com.android.server.pm.CrossProfileAppsService
02-16 11:21:57.887  1858  1858 I SystemServerTiming: ssm.onStartUser-0_com.android.server.people.PeopleService
02-16 11:21:57.887  1858  1858 I SystemServerTiming: ssm.onStartUser-0_com.android.server.media.metrics.MediaMetricsManagerService
02-16 11:21:57.887  1858  1858 I SystemServerTiming: ssm.onStartUser-0_com.android.server.media.projection.MediaProjectionManagerService
02-16 11:21:57.887  1858  1858 I SystemServerTiming: ssm.onStartUser-0_com.android.server.slice.SliceManagerService$Lifecycle
02-16 11:21:57.887  1858  1858 I SystemServerTiming: ssm.onStartUser-0_com.android.server.stats.StatsCompanion$Lifecycle
02-16 11:21:57.887  1858  1858 I SystemServerTiming: ssm.onStartUser-0_com.android.server.scheduling.RebootReadinessManagerService$Lifecycle
02-16 11:21:57.887  1858  1858 I SystemServerTiming: ssm.onStartUser-0_com.android.server.stats.pull.StatsPullAtomService
02-16 11:21:57.887  1858  1858 I SystemServerTiming: ssm.onStartUser-0_com.android.server.incident.IncidentCompanionService
02-16 11:21:57.887  1858  1858 I SystemServerTiming: ssm.onStartUser-0_com.android.server.MmsServiceBroker
02-16 11:21:57.887  1858  1858 I SystemServerTiming: ssm.onStartUser-0_com.android.server.autofill.AutofillManagerService
02-16 11:21:57.887  1858  1858 I SystemServerTiming: ssm.onStartUser-0_com.android.server.translation.TranslationManagerService
02-16 11:21:57.887  1858  1858 I SystemServerTiming: ssm.onStartUser-0_com.android.server.clipboard.ClipboardService
02-16 11:21:57.887  1858  1858 I SystemServerTiming: ssm.onStartUser-0_com.android.server.appbinding.AppBindingService$Lifecycle
02-16 11:21:57.888  1858  1858 I SystemServerTiming: ssm.onStartUser-0_com.android.server.tracing.TracingServiceProxy
02-16 11:21:57.888  1858  1858 I SystemServerTiming: ssm.onStartUser-0_com.android.server.policy.PermissionPolicyService
02-16 11:21:57.888  1858  1858 I SystemServerTiming: ssm.onStartUser-0_com.android.server.pm.StagingManager$Lifecycle
02-16 11:21:57.888  1858  1858 I SystemServerTiming: ssm.onStartUser-0_com.android.server.app.GameManagerService$Lifecycle
02-16 11:21:57.890  1858  1858 V GameManagerService: Settings file doesn't exists, skip reading
02-16 11:21:57.890  1858  1858 I SystemServerTiming: ssm.onStartUser-0_com.android.server.appsearch.AppSearchManagerService
02-16 11:21:57.890  1858  1858 I SystemServerTiming: ssm.onStartUser-0_com.android.server.media.MediaCommunicationService
02-16 11:21:57.890  1858  1858 I SystemServerTiming: ssm.onStartUser-0_com.android.server.compat.overrides.AppCompatOverridesService$Lifecycle
02-16 11:21:57.890  1858  1858 I SystemServerTiming: startPersistentApps
02-16 11:21:57.890  1858  2047 E AppHibernationService: Attempt to call isHibernatingForUser on stopped or nonexistent user 0
02-16 11:21:57.890  1858  2047 E AppHibernationService: Attempt to call isHibernatingForUser on stopped or nonexistent user 0
02-16 11:21:57.891  1858  2047 E AppHibernationService: Attempt to call isHibernatingForUser on stopped or nonexistent user 0
02-16 11:21:57.893  1858  1858 D CompatibilityChangeReporter: Compat change id reported: 135634846; UID 1001; state: DISABLED
02-16 11:21:57.893  1858  1858 D CompatibilityChangeReporter: Compat change id reported: 177438394; UID 1001; state: DISABLED
02-16 11:21:57.893  1858  1858 D CompatibilityChangeReporter: Compat change id reported: 135772972; UID 1001; state: DISABLED
02-16 11:21:57.893  1858  1858 D CompatibilityChangeReporter: Compat change id reported: 135754954; UID 1001; state: ENABLED
02-16 11:21:57.894  1858  1858 D CompatibilityChangeReporter: Compat change id reported: 135754954; UID 1001; state: DISABLED
02-16 11:21:57.894  1858  2047 E AppHibernationService: Attempt to call isHibernatingForUser on stopped or nonexistent user 0
02-16 11:21:57.895  1858  2047 E AppHibernationService: Attempt to call isHibernatingForUser on stopped or nonexistent user 0
02-16 11:21:57.895  1858  2047 E AppHibernationService: Attempt to call isHibernatingForUser on stopped or nonexistent user 0
02-16 11:21:57.896  1858  1858 D CompatibilityChangeReporter: Compat change id reported: 135634846; UID 10228; state: DISABLED
02-16 11:21:57.896  1858  1858 D CompatibilityChangeReporter: Compat change id reported: 177438394; UID 10228; state: DISABLED
02-16 11:21:57.896  1858  1858 D CompatibilityChangeReporter: Compat change id reported: 135772972; UID 10228; state: DISABLED
02-16 11:21:57.896  1858  1858 D CompatibilityChangeReporter: Compat change id reported: 135754954; UID 10228; state: ENABLED
02-16 11:21:57.897  1858  1858 D CompatibilityChangeReporter: Compat change id reported: 135634846; UID 1068; state: DISABLED
02-16 11:21:57.899  1858  2047 E AppHibernationService: Attempt to call isHibernatingForUser on stopped or nonexistent user 0
02-16 11:21:57.901  1858  2047 E AppHibernationService: Attempt to call isHibernatingForUser on stopped or nonexistent user 0
02-16 11:21:57.901  1858  2047 E AppHibernationService: Attempt to call isHibernatingForUser on stopped or nonexistent user 0
02-16 11:21:57.901  1858  2047 E AppHibernationService: Attempt to call isHibernatingForUser on stopped or nonexistent user 0
02-16 11:21:57.901  1858  1858 I SystemServerTiming: startHomeOnAllDisplays
02-16 11:21:57.905  1858  1858 I ActivityTaskManager: START u0 {act=android.intent.action.MAIN cat=[android.intent.category.HOME] flg=0x10000100 cmp=com.android.settings/.FallbackHome (has extras)} from uid 0
02-16 11:21:57.914  1858  2266 W GameManagerService: Invalid package config for com.google.android.apps.internal.betterbug:[Name:com.google.android.apps.internal.betterbug Modes: {}]
02-16 11:21:57.914  1858  2266 W GameManagerService: Invalid package config for com.nianticproject.ingress:[Name:com.nianticproject.ingress Modes: {}]
02-16 11:21:57.914  1858  2266 I GameManagerService: Disabling downscale for com.google.android.apps.internal.betterbug
02-16 11:21:57.919  1858  2266 I GameManagerService: Disabling downscale for com.nianticproject.ingress
02-16 11:21:57.937  1858  1980 D CountryDetector: Using custom country detector class: com.android.server.location.ComprehensiveCountryDetector
02-16 11:21:57.938  1858  1980 E CountryDetector: Could not instantiate the custom country detector class
02-16 11:21:57.938  1858  1980 D CountryDetector: Using default country detector
02-16 11:21:58.117  1858  1858 D CompatibilityChangeReporter: Compat change id reported: 174042980; UID 1000; state: DISABLED
02-16 11:21:58.121  1858  1858 D CompatibilityChangeReporter: Compat change id reported: 197654537; UID 1000; state: ENABLED
02-16 11:21:58.123  1858  1858 D CompatibilityChangeReporter: Compat change id reported: 168419799; UID 1000; state: DISABLED
02-16 11:21:58.124  1858  2047 E AppHibernationService: Attempt to call isHibernatingForUser on stopped or nonexistent user 0
02-16 11:21:58.126  1858  1858 I SystemServerTiming: showSystemReadyErrorDialogs
02-16 11:21:58.181  1858  1858 I SystemServerTiming: sendUserStartBroadcast
02-16 11:21:58.182  1858  1858 I SystemServerTiming: resumeTopActivities
02-16 11:21:58.183  1858  2047 E AppHibernationService: Attempt to call isHibernatingForUser on stopped or nonexistent user 0
02-16 11:21:58.183  1858  1858 I SystemServerTiming: sendUserSwitchBroadcasts
02-16 11:21:58.183  1858  1858 I SystemServerTiming: setBinderProxies
02-16 11:21:58.184  1858  1858 I SystemServerTiming: StartSystemUI
02-16 11:21:58.185  1858  1986 W ActivityManager: Slow operation: 294ms so far, now at startProcess: done updating battery stats
02-16 11:21:58.185  1858  1986 W ActivityManager: Slow operation: 295ms so far, now at startProcess: building log message
02-16 11:21:58.185  1858  1986 I ActivityManager: Start proc 2459:.dataservices/1001 for added application .dataservices
02-16 11:21:58.185  1858  1986 W ActivityManager: Slow operation: 295ms so far, now at startProcess: starting to update pids map
02-16 11:21:58.186  1858  1986 W ActivityManager: Slow operation: 295ms so far, now at startProcess: done updating pids map
02-16 11:21:58.186  1858  1986 W ActivityManager: Slow operation: 293ms so far, now at startProcess: asking zygote to start proc
02-16 11:21:58.200  1858  2326 D CompatibilityChangeReporter: Compat change id reported: 168419799; UID 1001; state: DISABLED
02-16 11:21:58.207  1858  1871 I ActivityManager: Process WebViewLoader-arm64-v8a (pid 2400) has died: psvc PER 
02-16 11:21:58.207  1858  1986 W ActivityManager: Slow operation: 314ms so far, now at startProcess: returned from zygote!
02-16 11:21:58.211  1858  1872 I ActivityManager: Process WebViewLoader-armeabi-v7a (pid 2398) has died: psvc PER 
02-16 11:21:58.215  1858  1970 D CompatibilityChangeReporter: Compat change id reported: 135634846; UID 1000; state: DISABLED
02-16 11:21:58.216  1858  1970 D CompatibilityChangeReporter: Compat change id reported: 177438394; UID 1000; state: DISABLED
02-16 11:21:58.216  1858  1970 D CompatibilityChangeReporter: Compat change id reported: 135772972; UID 1000; state: DISABLED
02-16 11:21:58.216  1858  1970 D CompatibilityChangeReporter: Compat change id reported: 135754954; UID 1000; state: ENABLED
02-16 11:21:58.219  1858  1986 W ActivityManager: Slow operation: 325ms so far, now at startProcess: done updating battery stats
02-16 11:21:58.219  1858  1986 W ActivityManager: Slow operation: 325ms so far, now at startProcess: building log message
02-16 11:21:58.219  1858  1986 I ActivityManager: Start proc 2509:com.qualcomm.qti.telephonyservice/1001 for added application com.qualcomm.qti.telephonyservice
02-16 11:21:58.219  1858  1986 W ActivityManager: Slow operation: 325ms so far, now at startProcess: starting to update pids map
02-16 11:21:58.219  1858  1986 W ActivityManager: Slow operation: 326ms so far, now at startProcess: done updating pids map
02-16 11:21:58.219  1858  1986 W ActivityManager: Slow operation: 325ms so far, now at startProcess: asking zygote to start proc
02-16 11:21:58.219  1858  1986 D CompatibilityChangeReporter: Compat change id reported: 143937733; UID 10228; state: ENABLED
02-16 11:21:58.220  1858  2047 E AppHibernationService: Attempt to call isHibernatingForUser on stopped or nonexistent user 0
02-16 11:21:58.221  1858  2047 E AppHibernationService: Attempt to call isHibernatingForUser on stopped or nonexistent user 0
02-16 11:21:58.221  1858  1858 D CompatibilityChangeReporter: Compat change id reported: 168419799; UID 10229; state: DISABLED
02-16 11:21:58.221  1858  2047 E AppHibernationService: Attempt to call isHibernatingForUser on stopped or nonexistent user 0
02-16 11:21:58.222  1858  2047 E AppHibernationService: Attempt to call isHibernatingForUser on stopped or nonexistent user 0
02-16 11:21:58.223  1858  2047 E AppHibernationService: Attempt to call isHibernatingForUser on stopped or nonexistent user 0
02-16 11:21:58.224  1858  1858 E SystemServerTiming: SystemServer init took too long. uptimeMillis=98512
02-16 11:21:58.225  1858  2047 E AppHibernationService: Attempt to call isHibernatingForUser on stopped or nonexistent user 0
02-16 11:21:58.226  1858  1858 W Looper  : Slow delivery took 5727ms main h=android.app.PropertyInvalidatedCache$AutoCorker$1 c=null m=0
02-16 11:21:58.229  1858  1986 W ActivityManager: Slow operation: 335ms so far, now at startProcess: returned from zygote!
02-16 11:21:58.229  1858  1986 W ActivityManager: Slow operation: 335ms so far, now at startProcess: done updating battery stats
02-16 11:21:58.229  1858  1986 W ActivityManager: Slow operation: 335ms so far, now at startProcess: building log message
02-16 11:21:58.229  1858  1986 I ActivityManager: Start proc 2518:com.google.android.grilservice/u0a228 for added application com.google.android.grilservice
02-16 11:21:58.229  1858  1986 W ActivityManager: Slow operation: 335ms so far, now at startProcess: starting to update pids map
02-16 11:21:58.230  1858  1986 W ActivityManager: Slow operation: 335ms so far, now at startProcess: done updating pids map
02-16 11:21:58.230  1858  1986 W ActivityManager: Slow operation: 333ms so far, now at startProcess: asking zygote to start proc
02-16 11:21:58.232  1858  1871 D CompatibilityChangeReporter: Compat change id reported: 135634846; UID 10231; state: DISABLED
02-16 11:21:58.232  1858  1871 D CompatibilityChangeReporter: Compat change id reported: 177438394; UID 10231; state: DISABLED
02-16 11:21:58.232  1858  1871 D CompatibilityChangeReporter: Compat change id reported: 135772972; UID 10231; state: DISABLED
02-16 11:21:58.232  1858  1871 D CompatibilityChangeReporter: Compat change id reported: 135754954; UID 10231; state: ENABLED
02-16 11:21:58.236  1858  2047 E AppHibernationService: Attempt to call isHibernatingForUser on stopped or nonexistent user 0
02-16 11:21:58.242  1858  1986 W ActivityManager: Slow operation: 345ms so far, now at startProcess: returned from zygote!
02-16 11:21:58.245  1858  1871 D CompatibilityChangeReporter: Compat change id reported: 168419799; UID 1001; state: DISABLED
