02-16 11:21:59.697  2306  2392 W ActivityThread: Failed to find provider info for com.android.systemui.keyguard (user not unlocked)
02-16 11:21:59.704  1858  2495 I Telecom : PhoneAccountRegistrar: Modify account: [ComponentInfo{com.android.phone/com.android.services.telephony.TelephonyConnectionService}, ***, UserHandle{0}]: TSI.rPA@AA4
02-16 11:21:59.706  1858  2495 I Telecom : CallsManager: handlePhoneAccountChanged: phoneAccount=[[X] PhoneAccount: ComponentInfo{com.android.phone/com.android.services.telephony.TelephonyConnectionService}, ***, UserHandle{0} Capabilities: CallProvider MultiUser PlaceEmerg SimSub  Audio Routes: BESW Schemes: tel voicemail  Extras: Bundle[{android.telecom.extra.SUPPORTS_VIDEO_CALLING_FALLBACK=true}] GroupId: ***]: TSI.rPA@AA4
02-16 11:21:59.756  1434  1434 I wificond: Regulatory domain changed to country: CZ on wiphy_index: 0
02-16 11:21:59.757  1434  1434 I wificond: 2.4Ghz frequencies: 2412 2417 2422 2427 2432 2437 2442 2447 2452 2457 2462 2467 2472
02-16 11:21:59.757  1434  1434 I wificond: 5Ghz non-DFS frequencies:
02-16 11:21:59.757  1434  1434 I wificond: 5Ghz DFS frequencies: 5180 5200 5220 5240 5260 5280 5300 5320 5500 5520 5540 5560 5580 5600 5620 5640 5660 5680 5700 5720 5745 5765 5785 5805 5825 5845 5865
02-16 11:21:59.757  1434  1434 I wificond: 6Ghz frequencies:
02-16 11:21:59.757  1434  1434 I wificond: 60Ghz frequencies:
02-16 11:21:59.767  1858  2479 W ContextImpl: Calling a method in the system process without a qualified user: android.app.ContextImpl.sendBroadcastMultiplePermissions:1214 com.android.server.TelephonyRegistry.broadcastServiceStateChanged:2911 com.android.server.TelephonyRegistry.notifyServiceStateForPhoneId:1613 com.android.internal.telephony.ITelephonyRegistry$Stub.onTransact:455 android.os.Binder.execTransactInternal:1179 
02-16 11:21:59.768  1858  1985 W BroadcastQueue: Permission Denial: receiving Intent { act=android.intent.action.SERVICE_STATE flg=0x1000010 (has extras) } to ProcessRecord{947c3a4 2306:com.android.systemui/u0a229} (pid=2306, uid=10229) requires android.permission.READ_PHONE_STATE due to sender android (uid 1001)
02-16 11:21:59.768  1858  2479 W ContextImpl: Calling a method in the system process without a qualified user: android.app.ContextImpl.sendBroadcastMultiplePermissions:1264 android.content.Context.sendBroadcastMultiplePermissions:2215 com.android.server.TelephonyRegistry.broadcastServiceStateChanged:2915 com.android.server.TelephonyRegistry.notifyServiceStateForPhoneId:1613 com.android.internal.telephony.ITelephonyRegistry$Stub.onTransact:455 
02-16 11:21:59.770  1858  1985 W BroadcastQueue: Permission Denial: receiving Intent { act=android.intent.action.SERVICE_STATE flg=0x1000010 (has extras) } to ProcessRecord{947c3a4 2306:com.android.systemui/u0a229} (pid=2306, uid=10229) requires android.permission.ACCESS_FINE_LOCATION due to sender android (uid 1001)
02-16 11:21:59.771  1858  2479 W ContextImpl: Calling a method in the system process without a qualified user: android.app.ContextImpl.sendBroadcastMultiplePermissions:1264 android.content.Context.sendBroadcastMultiplePermissions:2215 com.android.server.TelephonyRegistry.broadcastServiceStateChanged:2922 com.android.server.TelephonyRegistry.notifyServiceStateForPhoneId:1613 com.android.internal.telephony.ITelephonyRegistry$Stub.onTransact:455 
02-16 11:21:59.772  1858  2479 W ContextImpl: Calling a method in the system process without a qualified user: android.app.ContextImpl.sendBroadcastMultiplePermissions:1264 android.content.Context.sendBroadcastMultiplePermissions:2215 com.android.server.TelephonyRegistry.broadcastServiceStateChanged:2926 com.android.server.TelephonyRegistry.notifyServiceStateForPhoneId:1613 com.android.internal.telephony.ITelephonyRegistry$Stub.onTransact:455 
02-16 11:21:59.772  1858  1985 W BroadcastQueue: Permission Denial: receiving Intent { act=android.intent.action.SERVICE_STATE flg=0x1000010 (has extras) } to ProcessRecord{947c3a4 2306:com.android.systemui/u0a229} (pid=2306, uid=10229) requires android.permission.READ_PHONE_STATE due to sender android (uid 1001)
02-16 11:21:59.783  2306  2306 D FingerprintManager: Cancel fingerprint detect requested for: 1
02-16 11:21:59.783  1858  2690 D Fingerprint21: cancelAuthentication, sensorId: 0
02-16 11:21:59.783  1858  1858 D BiometricScheduler/Fingerprint21: cancelAuthenticationOrDetection, requestId: 1 current: {[4] com.android.server.biometrics.sensors.fingerprint.hidl.FingerprintDetectClient, proto=13, owner=com.android.systemui, cookie=0, requestId=1, userId=0}, State: 2 stack size: 0
02-16 11:21:59.783  1858  1858 D BiometricScheduler/Fingerprint21: Cancelling: {[4] com.android.server.biometrics.sensors.fingerprint.hidl.FingerprintDetectClient, proto=13, owner=com.android.systemui, cookie=0, requestId=1, userId=0}, State: 2
02-16 11:21:59.783  1858  1858 D BiometricScheduler/Fingerprint21: [Cancelling] Current client: {[4] com.android.server.biometrics.sensors.fingerprint.hidl.FingerprintDetectClient, proto=13, owner=com.android.systemui, cookie=0, requestId=1, userId=0}
02-16 11:21:59.794  2746  2746 W ActivityThread: Failed to find provider info for com.google.android.gsf.gservices (user not unlocked)
02-16 11:21:59.799  1858  2690 W ActivityManager: Unable to start service Intent { act=com.google.android.chimera.BoundService.START dat=chimera-action:com.google.android.gms.phenotype.service.START cmp=com.google.android.gms/.chimera.PersistentApiService } U=0: not found
02-16 11:21:59.807  1858  2507 W ActivityManager: Unbind failed: could not find connection for android.os.BinderProxy@af077c1
02-16 11:21:59.824  1858  2047 E AppHibernationService: Attempt to call isHibernatingForUser on stopped or nonexistent user 0
02-16 11:21:59.826  1858  2507 W ActivityManager: Unable to start service Intent { act=com.google.android.chimera.BoundService.START dat=chimera-action:com.google.android.gms.phenotype.service.START cmp=com.google.android.gms/.chimera.PersistentApiService } U=0: not found
02-16 11:21:59.829  1858  2507 W ActivityManager: Unbind failed: could not find connection for android.os.BinderProxy@4378f54
02-16 11:21:59.832  1858  1858 D Fingerprint21: handleError, client: FingerprintDetectClient, error: 5, vendorCode: 0
02-16 11:21:59.832  1858  1858 D Biometrics/AcquisitionClient: onErrorInternal code: 5, finish: true
02-16 11:21:59.832  1858  1858 V Biometrics/LoggableMonitor: Error latency: -1
02-16 11:21:59.832  1858  1858 W Biometrics/LoggableMonitor: found a negative latency : -1
02-16 11:21:59.832  1858  1858 D BiometricScheduler/Fingerprint21: [Finishing] {[4] com.android.server.biometrics.sensors.fingerprint.hidl.FingerprintDetectClient, proto=13, owner=com.android.systemui, cookie=0, requestId=1, userId=0}, success: false
02-16 11:21:59.833  1858  1858 D FingerprintService: Client finished, fps state updated to 0, client {[4] com.android.server.biometrics.sensors.fingerprint.hidl.FingerprintDetectClient, proto=13, owner=com.android.systemui, cookie=0, requestId=1, userId=0}
02-16 11:21:59.833  1858  1858 D GestureAvailabilityTracker: Notifying gesture availability, active=true
02-16 11:21:59.833  1858  1858 D BiometricScheduler/Fingerprint21: No operations, returning to idle
02-16 11:21:59.849  1858  2507 I Telecom : PhoneAccountRegistrar: Modify account: [ComponentInfo{com.android.phone/com.android.services.telephony.TelephonyConnectionService}, ***, UserHandle{0}]: TSI.rPA@ABA
02-16 11:21:59.851  1858  2507 I Telecom : CallsManager: handlePhoneAccountChanged: phoneAccount=[[X] PhoneAccount: ComponentInfo{com.android.phone/com.android.services.telephony.TelephonyConnectionService}, ***, UserHandle{0} Capabilities: CallProvider MultiUser PlaceEmerg SimSub  Audio Routes: BESW Schemes: tel voicemail  Extras: Bundle[{android.telecom.extra.SUPPORTS_VIDEO_CALLING_FALLBACK=true}] GroupId: ***]: TSI.rPA@ABA
02-16 11:21:59.864  1858  2690 W ActivityManager: Unable to start service Intent { act=com.google.android.gms.phenotype.service.START pkg=com.google.android.gms } U=0: not found
02-16 11:21:59.864  1858  1858 I Telecom : PhoneAccountRegistrar: getSimCallManager: SimCallManager for subId -1 queried, returning: null: TSI.gSCMFU@ABE
02-16 11:21:59.865  1858  2495 W ActivityManager: Unbind failed: could not find connection for android.os.BinderProxy@99a0a16
02-16 11:21:59.866  1858  2047 E AppHibernationService: Attempt to call isHibernatingForUser on stopped or nonexistent user 0
02-16 11:21:59.872  1858  1858 D CompatibilityChangeReporter: Compat change id reported: 135634846; UID 10099; state: DISABLED
02-16 11:21:59.873  1858  1858 D CompatibilityChangeReporter: Compat change id reported: 177438394; UID 10099; state: DISABLED
02-16 11:21:59.873  1858  1858 D CompatibilityChangeReporter: Compat change id reported: 135772972; UID 10099; state: DISABLED
02-16 11:21:59.873  1858  1858 D CompatibilityChangeReporter: Compat change id reported: 135754954; UID 10099; state: ENABLED
02-16 11:21:59.873  1858  1986 D CompatibilityChangeReporter: Compat change id reported: 143937733; UID 10099; state: ENABLED
02-16 11:21:59.891  1858  1986 I ActivityManager: Start proc 2859:android.process.acore/u0a99 for content provider {com.android.providers.blockednumber/com.android.providers.blockednumber.BlockedNumberProvider}
02-16 11:21:59.897  2746  2746 W ActivityThread: Failed to find provider info for com.google.android.gsf.gservices (user not unlocked)
02-16 11:21:59.898  2746  2746 W ActivityThread: Failed to find provider info for com.google.android.gsf.gservices (user not unlocked)
02-16 11:21:59.899  2746  2746 W ActivityThread: Failed to find provider info for com.google.android.gsf.gservices (user not unlocked)
02-16 11:21:59.900  2746  2746 W ActivityThread: Failed to find provider info for com.google.android.gsf.gservices (user not unlocked)
02-16 11:21:59.913  1858  2495 I Telecom : PhoneAccountRegistrar: Modify account: [ComponentInfo{com.android.phone/com.android.services.telephony.TelephonyConnectionService}, ***, UserHandle{0}]: TSI.rPA@ABM
02-16 11:21:59.916  1858  2495 I Telecom : CallsManager: handlePhoneAccountChanged: phoneAccount=[[X] PhoneAccount: ComponentInfo{com.android.phone/com.android.services.telephony.TelephonyConnectionService}, ***, UserHandle{0} Capabilities: CallProvider MultiUser PlaceEmerg SimSub  Audio Routes: BESW Schemes: tel voicemail  Extras: Bundle[{android.telecom.extra.SUPPORTS_VIDEO_CALLING_FALLBACK=true}] GroupId: ***]: TSI.rPA@ABM
02-16 11:21:59.946  1858  1969 D BluetoothManagerService: MESSAGE_BLUETOOTH_STATE_CHANGE: BLE_TURNING_ON > BLE_ON
02-16 11:21:59.946  1858  1969 D BluetoothManagerService: Bluetooth is in LE only mode
02-16 11:21:59.946  1858  1969 D BluetoothManagerService: Binding Bluetooth GATT service
02-16 11:21:59.950  1858  2479 D CompatibilityChangeReporter: Compat change id reported: 168419799; UID 10099; state: DISABLED
02-16 11:21:59.955  1858  1969 D BluetoothManagerService: Sending BLE State Change: BLE_TURNING_ON > BLE_ON
02-16 11:21:59.995  1858  2479 I Telecom : PhoneAccountRegistrar: Modify account: [ComponentInfo{com.android.phone/com.android.services.telephony.TelephonyConnectionService}, ***, UserHandle{0}]: TSI.rPA@ABY
02-16 11:21:59.998  1858  2479 I Telecom : CallsManager: handlePhoneAccountChanged: phoneAccount=[[X] PhoneAccount: ComponentInfo{com.android.phone/com.android.services.telephony.TelephonyConnectionService}, ***, UserHandle{0} Capabilities: CallProvider MultiUser PlaceEmerg SimSub  Audio Routes: BESW Schemes: tel voicemail  Extras: Bundle[{android.telecom.extra.SUPPORTS_VIDEO_CALLING_FALLBACK=true}] GroupId: ***]: TSI.rPA@ABY
02-16 11:22:00.013  2746  2746 W ActivityThread: Failed to find provider info for com.google.android.gsf.gservices (user not unlocked)
02-16 11:22:00.014  2746  2746 W ActivityThread: Failed to find provider info for com.google.android.gsf.gservices (user not unlocked)
02-16 11:22:00.017  2746  2746 W ActivityThread: Failed to find provider info for com.google.android.gsf.gservices (user not unlocked)
02-16 11:22:00.017  2746  2746 W ActivityThread: Failed to find provider info for com.google.android.gsf.gservices (user not unlocked)
02-16 11:22:00.039  1858  1858 W Looper  : Slow dispatch took 175ms main h=android.app.ActivityThread$H c=android.app.LoadedApk$ReceiverDispatcher$Args$$ExternalSyntheticLambda0@26e104b m=0
02-16 11:22:00.039  1858  1858 D BluetoothManagerService: Bluetooth Adapter address changed to 88:54:1F:2A:E9:26
02-16 11:22:00.040  1858  1858 D BluetoothManagerService: Stored Bluetoothaddress: 88:54:1F:2A:E9:26
02-16 11:22:00.040  1858  1858 D BluetoothManagerService: Bluetooth Adapter name changed to Pixel 3a by android
02-16 11:22:00.040  1858  1858 D BluetoothManagerService: Stored Bluetooth name: Pixel 3a
02-16 11:22:00.040  1858  1858 D BluetoothManagerService: BluetoothServiceConnection: com.android.bluetooth.gatt.GattService
02-16 11:22:00.040  1858  1858 D CompanionDeviceManagerService: Received BT state transition broadcast: BLE_TURNING_ON -> BLE_ON
02-16 11:22:00.040  1858  1969 D BluetoothManagerService: MESSAGE_BLUETOOTH_SERVICE_CONNECTED: 2
02-16 11:22:00.040  1858  1969 D BluetoothManagerService: continueFromBleOnState()
02-16 11:22:00.041  1858  1858 I CompanionDeviceManagerService: startBleScan()
02-16 11:22:00.042  1858  1969 D BluetoothManagerService: Persisting Bluetooth Setting: 1
02-16 11:22:00.044  1858  1858 W CompanionDeviceManagerService: Failed to parse
02-16 11:22:00.044  1858  1858 W CompanionDeviceManagerService: java.lang.NumberFormatException: null
02-16 11:22:00.044  1858  1858 W CompanionDeviceManagerService: 	at java.lang.Long.parseLong(Long.java:699)
02-16 11:22:00.044  1858  1858 W CompanionDeviceManagerService: 	at java.lang.Long.parseLong(Long.java:861)
02-16 11:22:00.044  1858  1858 W CompanionDeviceManagerService: 	at com.android.server.companion.CompanionDeviceManagerService.parseLongOrDefault(CompanionDeviceManagerService.java:1493)
02-16 11:22:00.044  1858  1858 W CompanionDeviceManagerService: 	at com.android.server.companion.CompanionDeviceManagerService.readAllAssociations(CompanionDeviceManagerService.java:1109)
02-16 11:22:00.044  1858  1858 W CompanionDeviceManagerService: 	at com.android.server.companion.CompanionDeviceManagerService.getAllAssociations(CompanionDeviceManagerService.java:1042)
02-16 11:22:00.044  1858  1858 W CompanionDeviceManagerService: 	at com.android.server.companion.CompanionDeviceManagerService.getAllAssociations(CompanionDeviceManagerService.java:1070)
02-16 11:22:00.044  1858  1858 W CompanionDeviceManagerService: 	at com.android.server.companion.CompanionDeviceManagerService.getBleScanFilters(CompanionDeviceManagerService.java:1465)
02-16 11:22:00.044  1858  1858 W CompanionDeviceManagerService: 	at com.android.server.companion.CompanionDeviceManagerService.startBleScan(CompanionDeviceManagerService.java:1438)
02-16 11:22:00.044  1858  1858 W CompanionDeviceManagerService: 	at com.android.server.companion.CompanionDeviceManagerService$BleStateBroadcastReceiver.onReceive(CompanionDeviceManagerService.java:1281)
02-16 11:22:00.044  1858  1858 W CompanionDeviceManagerService: 	at android.app.LoadedApk$ReceiverDispatcher$Args.lambda$getRunnable$0$LoadedApk$ReceiverDispatcher$Args(LoadedApk.java:1679)
02-16 11:22:00.044  1858  1858 W CompanionDeviceManagerService: 	at android.app.LoadedApk$ReceiverDispatcher$Args$$ExternalSyntheticLambda0.run(Unknown Source:2)
02-16 11:22:00.044  1858  1858 W CompanionDeviceManagerService: 	at android.os.Handler.handleCallback(Handler.java:938)
02-16 11:22:00.044  1858  1858 W CompanionDeviceManagerService: 	at android.os.Handler.dispatchMessage(Handler.java:99)
02-16 11:22:00.044  1858  1858 W CompanionDeviceManagerService: 	at android.os.Looper.loopOnce(Looper.java:201)
02-16 11:22:00.044  1858  1858 W CompanionDeviceManagerService: 	at android.os.Looper.loop(Looper.java:288)
02-16 11:22:00.044  1858  1858 W CompanionDeviceManagerService: 	at com.android.server.SystemServer.run(SystemServer.java:904)
02-16 11:22:00.044  1858  1858 W CompanionDeviceManagerService: 	at com.android.server.SystemServer.main(SystemServer.java:611)
02-16 11:22:00.044  1858  1858 W CompanionDeviceManagerService: 	at java.lang.reflect.Method.invoke(Native Method)
02-16 11:22:00.044  1858  1858 W CompanionDeviceManagerService: 	at com.android.internal.os.RuntimeInit$MethodAndArgsCaller.run(RuntimeInit.java:548)
02-16 11:22:00.044  1858  1858 W CompanionDeviceManagerService: 	at com.android.internal.os.ZygoteInit.main(ZygoteInit.java:981)
02-16 11:22:00.044  1858  1969 D BluetoothManagerService: MESSAGE_BLUETOOTH_STATE_CHANGE: BLE_ON > TURNING_ON
02-16 11:22:00.044  1858  1969 D BluetoothManagerService: Sending BLE State Change: BLE_ON > TURNING_ON
02-16 11:22:00.044  1858  1858 W CompanionDeviceManagerService: Failed to parse
02-16 11:22:00.044  1858  1858 W CompanionDeviceManagerService: java.lang.NumberFormatException: null
02-16 11:22:00.044  1858  1858 W CompanionDeviceManagerService: 	at java.lang.Long.parseLong(Long.java:699)
02-16 11:22:00.044  1858  1858 W CompanionDeviceManagerService: 	at java.lang.Long.parseLong(Long.java:861)
02-16 11:22:00.044  1858  1858 W CompanionDeviceManagerService: 	at com.android.server.companion.CompanionDeviceManagerService.parseLongOrDefault(CompanionDeviceManagerService.java:1493)
02-16 11:22:00.044  1858  1858 W CompanionDeviceManagerService: 	at com.android.server.companion.CompanionDeviceManagerService.readAllAssociations(CompanionDeviceManagerService.java:1109)
02-16 11:22:00.044  1858  1858 W CompanionDeviceManagerService: 	at com.android.server.companion.CompanionDeviceManagerService.getAllAssociations(CompanionDeviceManagerService.java:1042)
02-16 11:22:00.044  1858  1858 W CompanionDeviceManagerService: 	at com.android.server.companion.CompanionDeviceManagerService.getAllAssociations(CompanionDeviceManagerService.java:1070)
02-16 11:22:00.044  1858  1858 W CompanionDeviceManagerService: 	at com.android.server.companion.CompanionDeviceManagerService.getBleScanFilters(CompanionDeviceManagerService.java:1465)
02-16 11:22:00.044  1858  1858 W CompanionDeviceManagerService: 	at com.android.server.companion.CompanionDeviceManagerService.startBleScan(CompanionDeviceManagerService.java:1438)
02-16 11:22:00.044  1858  1858 W CompanionDeviceManagerService: 	at com.android.server.companion.CompanionDeviceManagerService$BleStateBroadcastReceiver.onReceive(CompanionDeviceManagerService.java:1281)
02-16 11:22:00.044  1858  1858 W CompanionDeviceManagerService: 	at android.app.LoadedApk$ReceiverDispatcher$Args.lambda$getRunnable$0$LoadedApk$ReceiverDispatcher$Args(LoadedApk.java:1679)
02-16 11:22:00.044  1858  1858 W CompanionDeviceManagerService: 	at android.app.LoadedApk$ReceiverDispatcher$Args$$ExternalSyntheticLambda0.run(Unknown Source:2)
02-16 11:22:00.044  1858  1858 W CompanionDeviceManagerService: 	at android.os.Handler.handleCallback(Handler.java:938)
02-16 11:22:00.044  1858  1858 W CompanionDeviceManagerService: 	at android.os.Handler.dispatchMessage(Handler.java:99)
02-16 11:22:00.044  1858  1858 W CompanionDeviceManagerService: 	at android.os.Looper.loopOnce(Looper.java:201)
02-16 11:22:00.044  1858  1858 W CompanionDeviceManagerService: 	at android.os.Looper.loop(Looper.java:288)
02-16 11:22:00.044  1858  1858 W CompanionDeviceManagerService: 	at com.android.server.SystemServer.run(SystemServer.java:904)
02-16 11:22:00.044  1858  1858 W CompanionDeviceManagerService: 	at com.android.server.SystemServer.main(SystemServer.java:611)
02-16 11:22:00.044  1858  1858 W CompanionDeviceManagerService: 	at java.lang.reflect.Method.invoke(Native Method)
02-16 11:22:00.044  1858  1858 W CompanionDeviceManagerService: 	at com.android.internal.os.RuntimeInit$MethodAndArgsCaller.run(RuntimeInit.java:548)
02-16 11:22:00.044  1858  1858 W CompanionDeviceManagerService: 	at com.android.internal.os.ZygoteInit.main(ZygoteInit.java:981)
02-16 11:22:00.044  1858  1969 D BluetoothManagerService: Sending State Change: OFF > TURNING_ON
02-16 11:22:00.044  1858  1858 I CompanionDeviceManagerService: Read associations from disk: {0=[]}
02-16 11:22:00.045  1858  2047 E AppHibernationService: Attempt to call isHibernatingForUser on stopped or nonexistent user 0
02-16 11:22:00.047  1858  2047 E AppHibernationService: Attempt to call isHibernatingForUser on stopped or nonexistent user 0
02-16 11:22:00.049  1858  1858 D CompanionDeviceManagerService: Received BT state transition broadcast: BLE_ON -> TURNING_ON
02-16 11:22:00.053  1858  2047 E AppHibernationService: Attempt to call isHibernatingForUser on stopped or nonexistent user 0
02-16 11:22:00.056  1858  2047 E AppHibernationService: Attempt to call isHibernatingForUser on stopped or nonexistent user 0
02-16 11:22:00.058  1858  2047 E AppHibernationService: Attempt to call isHibernatingForUser on stopped or nonexistent user 0
02-16 11:22:00.058   727   727 E Cryptfs : cryptfs_get_password not valid for file encryption
02-16 11:22:00.060  1858  2047 E AppHibernationService: Attempt to call isHibernatingForUser on stopped or nonexistent user 0
02-16 11:22:00.064  1858  2047 E AppHibernationService: Attempt to call isHibernatingForUser on stopped or nonexistent user 0
02-16 11:22:00.066  1858  2047 E AppHibernationService: Attempt to call isHibernatingForUser on stopped or nonexistent user 0
02-16 11:22:00.068  1858  2047 E AppHibernationService: Attempt to call isHibernatingForUser on stopped or nonexistent user 0
02-16 11:22:00.071  1858  2047 E AppHibernationService: Attempt to call isHibernatingForUser on stopped or nonexistent user 0
02-16 11:22:00.073  1858  2047 E AppHibernationService: Attempt to call isHibernatingForUser on stopped or nonexistent user 0
02-16 11:22:00.083  1858  2495 I Telecom : PhoneAccountRegistrar: Modify account: [ComponentInfo{com.android.phone/com.android.services.telephony.TelephonyConnectionService}, ***, UserHandle{0}]: TSI.rPA@ABg
02-16 11:22:00.086  1858  2495 I Telecom : CallsManager: handlePhoneAccountChanged: phoneAccount=[[X] PhoneAccount: ComponentInfo{com.android.phone/com.android.services.telephony.TelephonyConnectionService}, ***, UserHandle{0} Capabilities: CallProvider MultiUser PlaceEmerg SimSub  Audio Routes: BESW Schemes: tel voicemail  Extras: Bundle[{android.telecom.extra.SUPPORTS_VIDEO_CALLING_FALLBACK=true}] GroupId: ***]: TSI.rPA@ABg
02-16 11:22:00.093  1858  2495 W ActivityManager: Unable to start service Intent { act=android.service.smartspace.SmartspaceService cmp=com.google.android.as/com.google.android.apps.miphone.aiai.app.AiAiSmartspaceService } U=0: not found
02-16 11:22:00.093  1858  2495 W RemoteSmartspaceService: could not bind to Intent { act=android.service.smartspace.SmartspaceService cmp=com.google.android.as/com.google.android.apps.miphone.aiai.app.AiAiSmartspaceService } using flags 67112961
02-16 11:22:00.094  1858  1858 W ActivityManager: Unbind failed: could not find connection for android.app.LoadedApk$ServiceDispatcher$InnerConnection@e319b6e
02-16 11:22:00.106  1858  2507 W ActivityManager: Unable to start service Intent { act=android.service.smartspace.SmartspaceService cmp=com.google.android.as/com.google.android.apps.miphone.aiai.app.AiAiSmartspaceService } U=0: not found
02-16 11:22:00.106  1858  2507 W RemoteSmartspaceService: could not bind to Intent { act=android.service.smartspace.SmartspaceService cmp=com.google.android.as/com.google.android.apps.miphone.aiai.app.AiAiSmartspaceService } using flags 67112961
02-16 11:22:00.106  1858  1858 W ActivityManager: Unbind failed: could not find connection for android.app.LoadedApk$ServiceDispatcher$InnerConnection@b670407
02-16 11:22:00.142  1858  2047 E AppHibernationService: Attempt to call isHibernatingForUser on stopped or nonexistent user 0
02-16 11:22:00.158  1858  2507 D CompatibilityChangeReporter: Compat change id reported: 135634846; UID 10137; state: DISABLED
02-16 11:22:00.158  1858  2507 D CompatibilityChangeReporter: Compat change id reported: 177438394; UID 10137; state: DISABLED
02-16 11:22:00.158  1858  2507 D CompatibilityChangeReporter: Compat change id reported: 135772972; UID 10137; state: DISABLED
02-16 11:22:00.158  1858  2507 D CompatibilityChangeReporter: Compat change id reported: 135754954; UID 10137; state: ENABLED
02-16 11:22:00.160  1858  1986 D CompatibilityChangeReporter: Compat change id reported: 143937733; UID 10137; state: ENABLED
02-16 11:22:00.173  1858  2894 I DropBoxManagerService: add tag=system_app_wtf isTagEnabled=true flags=0x6
02-16 11:22:00.178  1858  2047 E AppHibernationService: Attempt to call isHibernatingForUser on stopped or nonexistent user 0
02-16 11:22:00.199  1858  2277 D CompatibilityChangeReporter: Compat change id reported: 135634846; UID 10161; state: DISABLED
02-16 11:22:00.199  1858  2277 D CompatibilityChangeReporter: Compat change id reported: 177438394; UID 10161; state: DISABLED
02-16 11:22:00.200  1858  2277 D CompatibilityChangeReporter: Compat change id reported: 135772972; UID 10161; state: DISABLED
02-16 11:22:00.200  1858  2277 D CompatibilityChangeReporter: Compat change id reported: 135754954; UID 10161; state: ENABLED
02-16 11:22:00.211  1858  1967 I ActivityTaskManager: Config changes=80000000 {1.0 ?mcc?mnc [en_US,cs_CZ] ldltr sw392dp w392dp h731dp 440dpi nrml long port night finger -keyb/v/h -nav/h winConfig={ mBounds=Rect(0, 0 - 1080, 2220) mAppBounds=Rect(0, 0 - 1080, 2088) mMaxBounds=Rect(0, 0 - 1080, 2220) mWindowingMode=fullscreen mDisplayWindowingMode=fullscreen mActivityType=undefined mAlwaysOnTop=undefined mRotation=ROTATION_0} as.2 s.15 fontWeightAdjustment=0}
02-16 11:22:00.222  1858  1967 I WindowManager: Override config changes=80000000 {1.0 ?mcc?mnc [en_US,cs_CZ] ldltr sw392dp w392dp h731dp 440dpi nrml long port night finger -keyb/v/h -nav/h winConfig={ mBounds=Rect(0, 0 - 1080, 2220) mAppBounds=Rect(0, 0 - 1080, 2088) mMaxBounds=Rect(0, 0 - 1080, 2220) mWindowingMode=fullscreen mDisplayWindowingMode=fullscreen mActivityType=undefined mAlwaysOnTop=undefined mRotation=ROTATION_0} as.2 s.15 fontWeightAdjustment=0} for displayId=0
02-16 11:22:00.229  1858  1871 W ActivityManager: Unable to start service Intent { act=android.service.smartspace.SmartspaceService cmp=com.google.android.as/com.google.android.apps.miphone.aiai.app.AiAiSmartspaceService } U=0: not found
02-16 11:22:00.229  1858  1871 W RemoteSmartspaceService: could not bind to Intent { act=android.service.smartspace.SmartspaceService cmp=com.google.android.as/com.google.android.apps.miphone.aiai.app.AiAiSmartspaceService } using flags 67112961
02-16 11:22:00.230  1858  2047 E AppHibernationService: Attempt to call isHibernatingForUser on stopped or nonexistent user 0
02-16 11:22:00.232  1858  1986 W ActivityManager: Slow operation: 78ms so far, now at startProcess: done updating battery stats
02-16 11:22:00.232  1858  1986 W ActivityManager: Slow operation: 78ms so far, now at startProcess: building log message
02-16 11:22:00.233  1858  1986 I ActivityManager: Start proc 2908:com.google.android.apps.carrier.carrierwifi/u0a137 for broadcast {com.google.android.apps.carrier.carrierwifi/com.google.android.apps.carrier.carrierwifi.CarrierWifiReceiver}
02-16 11:22:00.233  1858  1986 W ActivityManager: Slow operation: 78ms so far, now at startProcess: starting to update pids map
02-16 11:22:00.233  1858  1986 W ActivityManager: Slow operation: 78ms so far, now at startProcess: done updating pids map
02-16 11:22:00.233  1858  1986 W ActivityManager: Slow operation: 53ms so far, now at startProcess: asking zygote to start proc
02-16 11:22:00.233  1858  1986 D CompatibilityChangeReporter: Compat change id reported: 143937733; UID 10161; state: ENABLED
02-16 11:22:00.237  1858  2690 D CompatibilityChangeReporter: Compat change id reported: 168419799; UID 10137; state: DISABLED
02-16 11:22:00.241  1858  1858 W ActivityManager: Unbind failed: could not find connection for android.app.LoadedApk$ServiceDispatcher$InnerConnection@f156c78
02-16 11:22:00.242  2746  2925 W ActivityThread: Failed to find provider info for com.google.euiccpixel.provider.OtaContentProvider (user not unlocked)
02-16 11:22:00.248  1858  1986 W ActivityManager: Slow operation: 67ms so far, now at startProcess: returned from zygote!
02-16 11:22:00.248  1858  1986 W ActivityManager: Slow operation: 68ms so far, now at startProcess: done updating battery stats
02-16 11:22:00.248  1858  1986 W ActivityManager: Slow operation: 68ms so far, now at startProcess: building log message
02-16 11:22:00.248  1858  1986 I ActivityManager: Start proc 2929:com.google.android.ims/u0a161 for service {com.google.android.ims/com.google.android.ims.services.CarrierServicesImsService}
02-16 11:22:00.248  1858  1986 W ActivityManager: Slow operation: 68ms so far, now at startProcess: starting to update pids map
02-16 11:22:00.248  1858  1986 W ActivityManager: Slow operation: 68ms so far, now at startProcess: done updating pids map
02-16 11:22:00.252  1858  1967 D CompanionDeviceManagerService: onPackageModified(packageName = android)
02-16 11:22:00.288  1858  1858 I Telecom : DefaultDialerCache: Refreshing default dialer for user 0: now com.google.android.dialer: DDC.oR@ABw
02-16 11:22:00.288  1858  1967 D CompatibilityChangeReporter: Compat change id reported: 135634846; UID 10236; state: DISABLED
02-16 11:22:00.289  1858  1967 D CompatibilityChangeReporter: Compat change id reported: 177438394; UID 10236; state: DISABLED
02-16 11:22:00.289  1858  1967 D CompatibilityChangeReporter: Compat change id reported: 135772972; UID 10236; state: DISABLED
02-16 11:22:00.289  1858  1967 D CompatibilityChangeReporter: Compat change id reported: 135754954; UID 10236; state: ENABLED
02-16 11:22:00.289  1858  2047 E AppHibernationService: Attempt to call isHibernatingForUser on stopped or nonexistent user 0
02-16 11:22:00.290  1858  1986 D CompatibilityChangeReporter: Compat change id reported: 143937733; UID 10236; state: ENABLED
02-16 11:22:00.296  1858  2277 D CompatibilityChangeReporter: Compat change id reported: 168419799; UID 10161; state: DISABLED
02-16 11:22:00.306  1858  1858 I Telecom : BluetoothDeviceManager: Got BluetoothHearingAid: android.bluetooth.BluetoothHearingAid@9e409aa: BMSL.oSC@AB0
02-16 11:22:00.308  1858  2211 D CompatibilityChangeReporter: Compat change id reported: 135634846; UID 10160; state: DISABLED
02-16 11:22:00.309  1858  2211 D CompatibilityChangeReporter: Compat change id reported: 177438394; UID 10160; state: DISABLED
02-16 11:22:00.309  1858  2211 D CompatibilityChangeReporter: Compat change id reported: 135772972; UID 10160; state: DISABLED
02-16 11:22:00.309  1858  2211 D CompatibilityChangeReporter: Compat change id reported: 135754954; UID 10160; state: ENABLED
02-16 11:22:00.312  1858  2047 E AppHibernationService: Attempt to call isHibernatingForUser on stopped or nonexistent user 0
02-16 11:22:00.313  1858  1986 I ActivityManager: Start proc 2950:com.google.android.permissioncontroller/u0a236 for service {com.google.android.permissioncontroller/com.android.permissioncontroller.permission.service.PermissionControllerServiceImpl}
02-16 11:22:00.313  1858  1980 D AccessibilityManagerService: Ignoring non-encryption-aware service ComponentInfo{com.google.android.marvin.talkback/com.google.android.accessibility.accessibilitymenu.AccessibilityMenuService}
02-16 11:22:00.314  1858  1986 D CompatibilityChangeReporter: Compat change id reported: 143937733; UID 10160; state: ENABLED
02-16 11:22:00.319  2290  2949 W ActivityThread: Failed to find provider info for com.android.contacts (user not unlocked)
02-16 11:22:00.344  1858  1969 D BluetoothManagerService: MESSAGE_BLUETOOTH_STATE_CHANGE: TURNING_ON > ON
02-16 11:22:00.344  1858  1969 D BluetoothManagerService: Broadcasting onBluetoothStateChange(true) to 11 receivers.
02-16 11:22:00.344  1858  1969 D BluetoothManagerService: Creating new ProfileServiceConnections object for profile: 1
02-16 11:22:00.351  1858  2277 D CompatibilityChangeReporter: Compat change id reported: 168419799; UID 10236; state: DISABLED
02-16 11:22:00.362  1858  1986 W ActivityManager: Slow operation: 55ms so far, now at startProcess: done updating battery stats
02-16 11:22:00.362  1858  1986 W ActivityManager: Slow operation: 55ms so far, now at startProcess: building log message
02-16 11:22:00.362  1858  1986 I ActivityManager: Start proc 2970:com.google.euiccpixel/u0a160 for broadcast {com.google.euiccpixel/com.google.euiccpixel.receiver.OtaSlotChangeReceiver}
02-16 11:22:00.362  1858  1986 W ActivityManager: Slow operation: 55ms so far, now at startProcess: starting to update pids map
02-16 11:22:00.363  1858  1986 W ActivityManager: Slow operation: 55ms so far, now at startProcess: done updating pids map
02-16 11:22:00.364  1858  1969 D BluetoothManagerService: Sending BLE State Change: TURNING_ON > ON
02-16 11:22:00.366  1858  1858 D CompanionDeviceManagerService: Received BT state transition broadcast: TURNING_ON -> ON
02-16 11:22:00.366  1858  1969 D BluetoothManagerService: Sending State Change: TURNING_ON > ON
02-16 11:22:00.367  1858  1858 I CompanionDeviceManagerService: startBleScan()
02-16 11:22:00.381  1858  2211 D CompatibilityChangeReporter: Compat change id reported: 168419799; UID 10160; state: DISABLED
02-16 11:22:00.399  1858  2047 E AppHibernationService: Attempt to call isHibernatingForUser on stopped or nonexistent user 0
02-16 11:22:00.408  1858  2479 D CompatibilityChangeReporter: Compat change id reported: 135634846; UID 10148; state: DISABLED
02-16 11:22:00.408  1858  2479 D CompatibilityChangeReporter: Compat change id reported: 177438394; UID 10148; state: DISABLED
02-16 11:22:00.408  1858  2479 D CompatibilityChangeReporter: Compat change id reported: 135772972; UID 10148; state: DISABLED
02-16 11:22:00.408  1858  2479 D CompatibilityChangeReporter: Compat change id reported: 135754954; UID 10148; state: ENABLED
02-16 11:22:00.410  1858  1986 D CompatibilityChangeReporter: Compat change id reported: 143937733; UID 10148; state: ENABLED
02-16 11:22:00.416  1858  2495 W ActivityManager: Unable to start service Intent { act=com.google.android.gms.phenotype.service.START pkg=com.google.android.gms } U=0: not found
02-16 11:22:00.418  1858  2495 W ActivityManager: Unbind failed: could not find connection for android.os.BinderProxy@d486bca
02-16 11:22:00.425  1858  1986 I ActivityManager: Start proc 2999:com.google.android.carrier/u0a148 for broadcast {com.google.android.carrier/com.google.android.carrier.CarrierSettingsReceiver}
02-16 11:22:00.461  1858  1872 D CompatibilityChangeReporter: Compat change id reported: 168419799; UID 10148; state: DISABLED
02-16 11:22:00.466  1858  1858 I Telecom : BluetoothDeviceManager: Got BluetoothHeadset: com.android.server.telecom.BluetoothHeadsetProxy@45dfd2: BMSL.oSC@AB4
02-16 11:22:00.506  2970  2970 W ActivityThread: Failed to find provider info for com.google.android.gsf.gservices (user not unlocked)
02-16 11:22:00.507  1858  2479 W BroadcastQueue: Permission Denial: receiving Intent { act=android.intent.action.SERVICE_STATE flg=0x1000010 (has extras) } to com.google.android.cellbroadcastreceiver/com.android.cellbroadcastreceiver.CellBroadcastReceiver requires android.permission.READ_PHONE_STATE due to sender android (uid 1001)
02-16 11:22:00.521  1858  1985 W BroadcastQueue: Permission Denial: receiving Intent { act=android.intent.action.SERVICE_STATE flg=0x1000010 (has extras) } to com.google.android.cellbroadcastreceiver/com.android.cellbroadcastreceiver.CellBroadcastReceiver requires android.permission.ACCESS_FINE_LOCATION due to sender android (uid 1001)
02-16 11:22:00.521  1858  1985 W BroadcastQueue: Permission Denial: receiving Intent { act=android.intent.action.SERVICE_STATE flg=0x1000010 (has extras) } to com.google.android.cellbroadcastreceiver/com.android.cellbroadcastreceiver.CellBroadcastReceiver requires android.permission.READ_PHONE_STATE due to sender android (uid 1001)
02-16 11:22:00.522  1858  1985 D CompatibilityChangeReporter: Compat change id reported: 135634846; UID 10232; state: DISABLED
02-16 11:22:00.522  1858  1985 D CompatibilityChangeReporter: Compat change id reported: 177438394; UID 10232; state: DISABLED
02-16 11:22:00.523  1858  1985 D CompatibilityChangeReporter: Compat change id reported: 135772972; UID 10232; state: DISABLED
02-16 11:22:00.523  1858  1985 D CompatibilityChangeReporter: Compat change id reported: 135754954; UID 10232; state: ENABLED
02-16 11:22:00.523  1858  1986 D CompatibilityChangeReporter: Compat change id reported: 143937733; UID 10232; state: ENABLED
02-16 11:22:00.533  1858  1986 I ActivityManager: Start proc 3021:com.google.android.cellbroadcastreceiver/u0a232 for broadcast {com.google.android.cellbroadcastreceiver/com.android.cellbroadcastreceiver.CellBroadcastReceiver}
02-16 11:22:00.553  1858  1872 W ActivityManager: Unable to start service Intent { act=android.service.quickaccesswallet.QuickAccessWalletService cmp=com.google.android.gms/.tapandpay.globalactions.WalletQuickAccessWalletService } U=0: not found
02-16 11:22:00.570  1858  2211 D CompatibilityChangeReporter: Compat change id reported: 168419799; UID 10232; state: DISABLED
02-16 11:22:00.708  1858  2479 W ActivityManager: Unable to start service Intent { act=android.service.smartspace.SmartspaceService cmp=com.google.android.as/com.google.android.apps.miphone.aiai.app.AiAiSmartspaceService } U=0: not found
02-16 11:22:00.708  1858  2479 W RemoteSmartspaceService: could not bind to Intent { act=android.service.smartspace.SmartspaceService cmp=com.google.android.as/com.google.android.apps.miphone.aiai.app.AiAiSmartspaceService } using flags 67112961
02-16 11:22:00.708  1858  1858 W ActivityManager: Unbind failed: could not find connection for android.app.LoadedApk$ServiceDispatcher$InnerConnection@de4cd19
02-16 11:22:00.712  1858  2479 W ActivityManager: Unable to start service Intent { act=android.service.smartspace.SmartspaceService cmp=com.google.android.as/com.google.android.apps.miphone.aiai.app.AiAiSmartspaceService } U=0: not found
02-16 11:22:00.712  1858  2479 W RemoteSmartspaceService: could not bind to Intent { act=android.service.smartspace.SmartspaceService cmp=com.google.android.as/com.google.android.apps.miphone.aiai.app.AiAiSmartspaceService } using flags 67112961
02-16 11:22:00.712  1858  1858 W ActivityManager: Unbind failed: could not find connection for android.app.LoadedApk$ServiceDispatcher$InnerConnection@5e73fbf
02-16 11:22:00.713  1858  2495 W ActivityManager: Unable to start service Intent { act=android.service.smartspace.SmartspaceService cmp=com.google.android.as/com.google.android.apps.miphone.aiai.app.AiAiSmartspaceService } U=0: not found
02-16 11:22:00.713  1858  2495 W RemoteSmartspaceService: could not bind to Intent { act=android.service.smartspace.SmartspaceService cmp=com.google.android.as/com.google.android.apps.miphone.aiai.app.AiAiSmartspaceService } using flags 67112961
02-16 11:22:00.713  1858  1858 W ActivityManager: Unbind failed: could not find connection for android.app.LoadedApk$ServiceDispatcher$InnerConnection@ec21d5
02-16 11:22:00.724  2306  2306 W ActivityThread: Failed to find provider info for com.android.systemui.keyguard (user not unlocked)
02-16 11:22:00.725  2306  2392 W ActivityThread: Failed to find provider info for com.android.systemui.keyguard (user not unlocked)
02-16 11:22:00.734  1858  2479 W ActivityManager: Unable to start service Intent { act=android.service.smartspace.SmartspaceService cmp=com.google.android.as/com.google.android.apps.miphone.aiai.app.AiAiSmartspaceService } U=0: not found
02-16 11:22:00.734  1858  2479 W RemoteSmartspaceService: could not bind to Intent { act=android.service.smartspace.SmartspaceService cmp=com.google.android.as/com.google.android.apps.miphone.aiai.app.AiAiSmartspaceService } using flags 67112961
02-16 11:22:00.734  1858  1858 W ActivityManager: Unbind failed: could not find connection for android.app.LoadedApk$ServiceDispatcher$InnerConnection@a5b1b24
02-16 11:22:00.735  1858  2479 W ActivityManager: Unable to start service Intent { act=android.service.smartspace.SmartspaceService cmp=com.google.android.as/com.google.android.apps.miphone.aiai.app.AiAiSmartspaceService } U=0: not found
02-16 11:22:00.735  1858  2479 W RemoteSmartspaceService: could not bind to Intent { act=android.service.smartspace.SmartspaceService cmp=com.google.android.as/com.google.android.apps.miphone.aiai.app.AiAiSmartspaceService } using flags 67112961
02-16 11:22:00.735  1858  1858 W ActivityManager: Unbind failed: could not find connection for android.app.LoadedApk$ServiceDispatcher$InnerConnection@1f0c853
02-16 11:22:00.736  1858  1871 W ActivityManager: Unable to start service Intent { act=android.service.smartspace.SmartspaceService cmp=com.google.android.as/com.google.android.apps.miphone.aiai.app.AiAiSmartspaceService } U=0: not found
02-16 11:22:00.736  1858  1871 W RemoteSmartspaceService: could not bind to Intent { act=android.service.smartspace.SmartspaceService cmp=com.google.android.as/com.google.android.apps.miphone.aiai.app.AiAiSmartspaceService } using flags 67112961
02-16 11:22:00.736  1858  1858 W ActivityManager: Unbind failed: could not find connection for android.app.LoadedApk$ServiceDispatcher$InnerConnection@2a62e89
02-16 11:22:00.738  1858  1871 W ActivityManager: Unable to start service Intent { act=android.service.smartspace.SmartspaceService cmp=com.google.android.as/com.google.android.apps.miphone.aiai.app.AiAiSmartspaceService } U=0: not found
02-16 11:22:00.738  1858  1871 W RemoteSmartspaceService: could not bind to Intent { act=android.service.smartspace.SmartspaceService cmp=com.google.android.as/com.google.android.apps.miphone.aiai.app.AiAiSmartspaceService } using flags 67112961
02-16 11:22:00.739  1858  1858 W ActivityManager: Unbind failed: could not find connection for android.app.LoadedApk$ServiceDispatcher$InnerConnection@383359a
02-16 11:22:00.740  1858  2047 E AppHibernationService: Attempt to call isHibernatingForUser on stopped or nonexistent user 0
02-16 11:22:00.742  1858  2479 W ActivityManager: Unable to start service Intent { act=android.service.smartspace.SmartspaceService cmp=com.google.android.as/com.google.android.apps.miphone.aiai.app.AiAiSmartspaceService } U=0: not found
02-16 11:22:00.742  1858  2479 W RemoteSmartspaceService: could not bind to Intent { act=android.service.smartspace.SmartspaceService cmp=com.google.android.as/com.google.android.apps.miphone.aiai.app.AiAiSmartspaceService } using flags 67112961
02-16 11:22:00.743  1858  1858 W ActivityManager: Unbind failed: could not find connection for android.app.LoadedApk$ServiceDispatcher$InnerConnection@a5825c1
02-16 11:22:00.745  1858  2479 W ActivityManager: Unable to start service Intent { act=android.service.smartspace.SmartspaceService cmp=com.google.android.as/com.google.android.apps.miphone.aiai.app.AiAiSmartspaceService } U=0: not found
02-16 11:22:00.745  1858  2479 W RemoteSmartspaceService: could not bind to Intent { act=android.service.smartspace.SmartspaceService cmp=com.google.android.as/com.google.android.apps.miphone.aiai.app.AiAiSmartspaceService } using flags 67112961
02-16 11:22:00.745  1858  1858 W ActivityManager: Unbind failed: could not find connection for android.app.LoadedApk$ServiceDispatcher$InnerConnection@1805cfd
02-16 11:22:00.746  1858  2479 W ActivityManager: Unable to start service Intent { act=android.service.smartspace.SmartspaceService cmp=com.google.android.as/com.google.android.apps.miphone.aiai.app.AiAiSmartspaceService } U=0: not found
02-16 11:22:00.746  1858  2479 W RemoteSmartspaceService: could not bind to Intent { act=android.service.smartspace.SmartspaceService cmp=com.google.android.as/com.google.android.apps.miphone.aiai.app.AiAiSmartspaceService } using flags 67112961
02-16 11:22:00.746  1858  1858 W ActivityManager: Unbind failed: could not find connection for android.app.LoadedApk$ServiceDispatcher$InnerConnection@b8c6c43
02-16 11:22:00.778  1858  2479 W BroadcastQueue: Permission Denial: receiving Intent { act=android.intent.action.SERVICE_STATE flg=0x1000010 (has extras) } to com.google.android.cellbroadcastreceiver/com.android.cellbroadcastreceiver.CellBroadcastReceiver requires android.permission.READ_PHONE_STATE due to sender android (uid 1001)
02-16 11:22:00.779  1858  1985 W BroadcastQueue: Permission Denial: receiving Intent { act=android.intent.action.SERVICE_STATE flg=0x1000010 (has extras) } to com.google.android.cellbroadcastreceiver/com.android.cellbroadcastreceiver.CellBroadcastReceiver requires android.permission.ACCESS_FINE_LOCATION due to sender android (uid 1001)
02-16 11:22:00.780  1858  1985 W BroadcastQueue: Permission Denial: receiving Intent { act=android.intent.action.SERVICE_STATE flg=0x1000010 (has extras) } to com.google.android.cellbroadcastreceiver/com.android.cellbroadcastreceiver.CellBroadcastReceiver requires android.permission.READ_PHONE_STATE due to sender android (uid 1001)
02-16 11:22:00.785  1858  2211 W BroadcastQueue: Background execution not allowed: receiving Intent { act=android.bluetooth.adapter.action.STATE_CHANGED flg=0x4000010 (has extras) } to com.google.android.gms/.chimera.GmsIntentOperationService$PersistentTrustedReceiver
02-16 11:22:00.786  1858  2047 E AppHibernationService: Attempt to call isHibernatingForUser on stopped or nonexistent user 0
02-16 11:22:00.791  1858  2479 W BroadcastQueue: Background execution not allowed: receiving Intent { act=android.bluetooth.adapter.action.STATE_CHANGED flg=0x4000010 (has extras) } to com.google.android.gms/.chimera.GmsIntentOperationService$PersistentTrustedReceiver
02-16 11:22:00.859  1858  2211 W ActivityManager: Unable to start service Intent { act=android.service.smartspace.SmartspaceService cmp=com.google.android.as/com.google.android.apps.miphone.aiai.app.AiAiSmartspaceService } U=0: not found
02-16 11:22:00.859  1858  2211 W RemoteSmartspaceService: could not bind to Intent { act=android.service.smartspace.SmartspaceService cmp=com.google.android.as/com.google.android.apps.miphone.aiai.app.AiAiSmartspaceService } using flags 67112961
02-16 11:22:00.859  1858  1858 W ActivityManager: Unbind failed: could not find connection for android.app.LoadedApk$ServiceDispatcher$InnerConnection@e10ec33
02-16 11:22:00.860  1858  2495 W ActivityManager: Unable to start service Intent { act=android.service.smartspace.SmartspaceService cmp=com.google.android.as/com.google.android.apps.miphone.aiai.app.AiAiSmartspaceService } U=0: not found
02-16 11:22:00.860  1858  2495 W RemoteSmartspaceService: could not bind to Intent { act=android.service.smartspace.SmartspaceService cmp=com.google.android.as/com.google.android.apps.miphone.aiai.app.AiAiSmartspaceService } using flags 67112961
02-16 11:22:00.860  1858  1858 W ActivityManager: Unbind failed: could not find connection for android.app.LoadedApk$ServiceDispatcher$InnerConnection@529a569
02-16 11:22:00.861  1858  2495 W ActivityManager: Unable to start service Intent { act=android.service.smartspace.SmartspaceService cmp=com.google.android.as/com.google.android.apps.miphone.aiai.app.AiAiSmartspaceService } U=0: not found
02-16 11:22:00.861  1858  2495 W RemoteSmartspaceService: could not bind to Intent { act=android.service.smartspace.SmartspaceService cmp=com.google.android.as/com.google.android.apps.miphone.aiai.app.AiAiSmartspaceService } using flags 67112961
02-16 11:22:00.861  1858  1858 W ActivityManager: Unbind failed: could not find connection for android.app.LoadedApk$ServiceDispatcher$InnerConnection@de4188f
02-16 11:22:00.867  2306  2306 W ActivityThread: Failed to find provider info for com.android.systemui.keyguard (user not unlocked)
02-16 11:22:00.867  2306  2392 W ActivityThread: Failed to find provider info for com.android.systemui.keyguard (user not unlocked)
02-16 11:22:00.872  1858  2211 W ActivityManager: Unable to start service Intent { act=android.service.smartspace.SmartspaceService cmp=com.google.android.as/com.google.android.apps.miphone.aiai.app.AiAiSmartspaceService } U=0: not found
02-16 11:22:00.872  1858  2211 W RemoteSmartspaceService: could not bind to Intent { act=android.service.smartspace.SmartspaceService cmp=com.google.android.as/com.google.android.apps.miphone.aiai.app.AiAiSmartspaceService } using flags 67112961
02-16 11:22:00.872  1858  1858 W ActivityManager: Unbind failed: could not find connection for android.app.LoadedApk$ServiceDispatcher$InnerConnection@2b33ac6
02-16 11:22:00.873  1858  2211 W ActivityManager: Unable to start service Intent { act=android.service.smartspace.SmartspaceService cmp=com.google.android.as/com.google.android.apps.miphone.aiai.app.AiAiSmartspaceService } U=0: not found
02-16 11:22:00.873  1858  2211 W RemoteSmartspaceService: could not bind to Intent { act=android.service.smartspace.SmartspaceService cmp=com.google.android.as/com.google.android.apps.miphone.aiai.app.AiAiSmartspaceService } using flags 67112961
02-16 11:22:00.873  1858  1858 W ActivityManager: Unbind failed: could not find connection for android.app.LoadedApk$ServiceDispatcher$InnerConnection@1941ddd
02-16 11:22:00.873  1858  2211 W ActivityManager: Unable to start service Intent { act=android.service.smartspace.SmartspaceService cmp=com.google.android.as/com.google.android.apps.miphone.aiai.app.AiAiSmartspaceService } U=0: not found
02-16 11:22:00.873  1858  2211 W RemoteSmartspaceService: could not bind to Intent { act=android.service.smartspace.SmartspaceService cmp=com.google.android.as/com.google.android.apps.miphone.aiai.app.AiAiSmartspaceService } using flags 67112961
02-16 11:22:00.873  1858  1858 W ActivityManager: Unbind failed: could not find connection for android.app.LoadedApk$ServiceDispatcher$InnerConnection@36d4823
