02-16 11:24:07.391  1858  2042 E VerityUtils: Failed to measure fs-verity, errno 1: /data/app/~~vGOYQtJQpUneGfjm6FejLw==/com.google.android.apps.youtube.music-r5nGDmCtGsjtGy7odt2B1w==/base.apk
02-16 11:24:07.435  1858  2153 D CompatibilityChangeReporter: Compat change id reported: 171306433; UID 10190; state: ENABLED
02-16 11:24:07.443  1858  1980 D CompatibilityChangeReporter: Compat change id reported: 168419799; UID 1000; state: DISABLED
02-16 11:24:07.537  1858  1985 W BroadcastQueue: Background execution not allowed: receiving Intent { act=com.google.android.systemui.OPA_ENABLED flg=0x10000010 (has extras) } to com.google.android.apps.nexuslauncher/.qsb.OPAStatusReceiver
02-16 11:24:07.544  1858  2323 D CompatibilityChangeReporter: Compat change id reported: 168419799; UID 10213; state: DISABLED
02-16 11:24:07.588  1858  2323 D CompatibilityChangeReporter: Compat change id reported: 168419799; UID 10161; state: DISABLED
02-16 11:24:07.670  1858  1858 I TransportClient: D2dTransportService#1: Notifying [TransportManager.registerTransport()] transport = IBackupTransport
02-16 11:24:07.685  1858  3467 D BackupTransportManager: Transport com.google.android.gms/.backup.component.D2dTransportService registered
02-16 11:24:07.685  1858  3467 D BackupManagerService: [UserID:0] Transport com.google.android.gms/.backup.migrate.service.D2dTransport registered 5483ms after first request (delay = 3000ms)
02-16 11:24:07.907  1858  1980 W UsageStatsService: Unexpected activity event reported! (com.google.android.apps.nexuslauncher/com.google.android.apps.nexuslauncher.NexusLauncherActivity event : 23 instanceId : 4929665)
02-16 11:24:08.021  1858  1858 I TransportClient: BackupTransportService#2: Notifying [TransportManager.registerTransport()] transport = IBackupTransport
02-16 11:24:08.068  1858  3467 D BackupTransportManager: Transport com.google.android.gms/.backup.BackupTransportService registered
02-16 11:24:08.069  1858  3467 D BackupManagerService: [UserID:0] Transport com.google.android.gms/.backup.BackupTransportService registered 5867ms after first request (delay = 3000ms)
02-16 11:24:08.081  1858  3467 I BackupManagerService: [UserID:0] Found 29 stale backup journal(s), scheduling.
02-16 11:24:08.087  2781  4338 E ActivityThread: Failed to find provider info for instantapp-dev-manager
02-16 11:24:08.263  1858  4120 I ContentCaptureManagerService: Data share request accepted by Content Capture service
02-16 11:24:08.330  1858  4120 D CompatibilityChangeReporter: Compat change id reported: 197654537; UID 1000; state: ENABLED
02-16 11:24:08.399  1858  2479 W ActivityManager: Receiver with filter android.content.IntentFilter@71704fd already registered for pid 2929, callerPackage is com.google.android.ims
02-16 11:24:08.479  1858  3467 I BackupManagerService: [UserID:0] Stale backup journals: Scheduled 49 package(s) total
02-16 11:24:08.977  1858  4124 I ContentCaptureManagerService: Data share request accepted by Content Capture service
02-16 11:24:09.021  1858  4124 D CompatibilityChangeReporter: Compat change id reported: 177438394; UID 10286; state: DISABLED
02-16 11:24:09.021  1858  4124 D CompatibilityChangeReporter: Compat change id reported: 135772972; UID 10286; state: DISABLED
02-16 11:24:09.021  1858  4124 D CompatibilityChangeReporter: Compat change id reported: 135754954; UID 10286; state: ENABLED
02-16 11:24:09.024  1858  1986 D CompatibilityChangeReporter: Compat change id reported: 143937733; UID 10286; state: ENABLED
02-16 11:24:09.038  1858  1986 I ActivityManager: Start proc 4841:com.google.android.apps.tachyon/u0a286 for service {com.google.android.apps.tachyon/com.google.android.apps.tachyon.clientapi.ClientApiService}
02-16 11:24:09.075  1858  2479 D CompatibilityChangeReporter: Compat change id reported: 168419799; UID 10286; state: DISABLED
02-16 11:24:09.180  1858  4112 I SoundTriggerService: getModuleProperties()
02-16 11:24:09.258  1858  2479 D CompatibilityChangeReporter: Compat change id reported: 168936375; UID 10170; state: ENABLED
02-16 11:24:09.259  1858  2479 D CompatibilityChangeReporter: Compat change id reported: 73144566; UID 10170; state: ENABLED
02-16 11:24:09.274  1858  4120 I ContentCaptureManagerService: Data share request accepted by Content Capture service
02-16 11:24:09.403  1858  4120 W ActivityManager: Receiver with filter android.content.IntentFilter@c85701e already registered for pid 3476, callerPackage is com.google.android.googlequicksearchbox
02-16 11:24:09.406  1858  2479 D CompatibilityChangeReporter: Compat change id reported: 171306433; UID 10154; state: ENABLED
02-16 11:24:09.458  1858  4124 I ContentCaptureManagerService: Data share request accepted by Content Capture service
02-16 11:24:09.562  1858  4119 D CompatibilityChangeReporter: Compat change id reported: 135634846; UID 10218; state: DISABLED
02-16 11:24:09.562  1858  4119 D CompatibilityChangeReporter: Compat change id reported: 177438394; UID 10218; state: DISABLED
02-16 11:24:09.562  1858  4119 D CompatibilityChangeReporter: Compat change id reported: 135772972; UID 10218; state: DISABLED
02-16 11:24:09.562  1858  4119 D CompatibilityChangeReporter: Compat change id reported: 135754954; UID 10218; state: ENABLED
02-16 11:24:09.563  1858  1986 D CompatibilityChangeReporter: Compat change id reported: 143937733; UID 10218; state: ENABLED
02-16 11:24:09.571  1858  1986 I ActivityManager: Start proc 4923:com.google.android.carriersetup/u0a218 for broadcast {com.google.android.carriersetup/com.google.android.carriersetup.VzwActivationReceiver}
02-16 11:24:09.621  1858  4119 D CompatibilityChangeReporter: Compat change id reported: 168419799; UID 10218; state: DISABLED
02-16 11:24:09.894  1858  1985 D CompatibilityChangeReporter: Compat change id reported: 168419799; UID 10163; state: DISABLED
02-16 11:24:10.191  1858  2507 D CompatibilityChangeReporter: Compat change id reported: 135634846; UID 10140; state: DISABLED
02-16 11:24:10.191  1858  2507 D CompatibilityChangeReporter: Compat change id reported: 177438394; UID 10140; state: DISABLED
02-16 11:24:10.191  1858  2507 D CompatibilityChangeReporter: Compat change id reported: 135772972; UID 10140; state: DISABLED
02-16 11:24:10.192  1858  2507 D CompatibilityChangeReporter: Compat change id reported: 135754954; UID 10140; state: ENABLED
02-16 11:24:10.192  1858  1986 D CompatibilityChangeReporter: Compat change id reported: 143937733; UID 10140; state: ENABLED
02-16 11:24:10.205  1858  1986 I ActivityManager: Start proc 4996:com.google.android.partnersetup/u0a140 for broadcast {com.google.android.partnersetup/com.google.android.partnersetup.PhoneStateReceiver}
02-16 11:24:10.245  1858  1871 D CompatibilityChangeReporter: Compat change id reported: 168419799; UID 10140; state: DISABLED
02-16 11:24:10.356  1858  2507 D CompatibilityChangeReporter: Compat change id reported: 135634846; UID 10348; state: DISABLED
02-16 11:24:10.356  1858  2507 D CompatibilityChangeReporter: Compat change id reported: 177438394; UID 10348; state: DISABLED
02-16 11:24:10.356  1858  2507 D CompatibilityChangeReporter: Compat change id reported: 135772972; UID 10348; state: DISABLED
02-16 11:24:10.356  1858  2507 D CompatibilityChangeReporter: Compat change id reported: 135754954; UID 10348; state: ENABLED
02-16 11:24:10.357  1858  1986 D CompatibilityChangeReporter: Compat change id reported: 143937733; UID 10348; state: ENABLED
02-16 11:24:10.368  1858  1986 I ActivityManager: Start proc 5023:com.google.omadm.trigger/u0a348 for broadcast {com.google.omadm.trigger/com.google.omadm.trigger.SIMChangedReceiver}
02-16 11:24:10.403  1858  4112 D CompatibilityChangeReporter: Compat change id reported: 168419799; UID 10348; state: DISABLED
02-16 11:24:10.568  1858  2507 D CompatibilityChangeReporter: Compat change id reported: 135634846; UID 10133; state: DISABLED
02-16 11:24:10.568  1858  2507 D CompatibilityChangeReporter: Compat change id reported: 177438394; UID 10133; state: DISABLED
02-16 11:24:10.568  1858  2507 D CompatibilityChangeReporter: Compat change id reported: 135772972; UID 10133; state: DISABLED
02-16 11:24:10.568  1858  2507 D CompatibilityChangeReporter: Compat change id reported: 135754954; UID 10133; state: ENABLED
02-16 11:24:10.569  1858  1986 D CompatibilityChangeReporter: Compat change id reported: 143937733; UID 10133; state: ENABLED
02-16 11:24:10.586  1858  1986 I ActivityManager: Start proc 5057:com.android.traceur/u0a133 for broadcast {com.android.traceur/com.android.traceur.Receiver}
02-16 11:24:10.610  1858  4112 D CompatibilityChangeReporter: Compat change id reported: 168419799; UID 10133; state: DISABLED
02-16 11:24:10.765  1858  4112 W AppOps  : Noting op not finished: uid 10154 pkg com.google.android.gms code 113 startTime of in progress event=1676543050749
02-16 11:24:10.767  1858  3889 W AppOps  : Noting op not finished: uid 10215 pkg com.google.android.gms.location.history code 79 startTime of in progress event=1676543049525
02-16 11:24:10.767  1858  3889 W AppOps  : Noting op not finished: uid 10154 pkg com.google.android.gms code 113 startTime of in progress event=1676543045924
02-16 11:24:10.768  1858  3889 W AppOps  : Noting op not finished: uid 10154 pkg com.google.android.gms code 113 startTime of in progress event=1676543045924
02-16 11:24:10.840  1858  4115 D CompatibilityChangeReporter: Compat change id reported: 168419799; UID 10162; state: DISABLED
02-16 11:24:10.897  1858  4115 D CompatibilityChangeReporter: Compat change id reported: 171306433; UID 10229; state: ENABLED
02-16 11:24:10.902  1858  3889 D CompatibilityChangeReporter: Compat change id reported: 135634846; UID 10299; state: DISABLED
02-16 11:24:10.902  1858  3889 D CompatibilityChangeReporter: Compat change id reported: 177438394; UID 10299; state: DISABLED
02-16 11:24:10.902  1858  3889 D CompatibilityChangeReporter: Compat change id reported: 135772972; UID 10299; state: DISABLED
02-16 11:24:10.902  1858  3889 D CompatibilityChangeReporter: Compat change id reported: 135754954; UID 10299; state: ENABLED
02-16 11:24:10.903  1858  1986 D CompatibilityChangeReporter: Compat change id reported: 143937733; UID 10299; state: ENABLED
02-16 11:24:10.916  1858  1986 I ActivityManager: Start proc 5088:org.mozilla.fenix/u0a299 for service {org.mozilla.fenix/org.mozilla.fenix.customtabs.CustomTabsService}
02-16 11:24:10.923  1858  1858 E BootReceiver: Could not open /sys/kernel/tracing/instances/bootreceiver/trace_pipe
02-16 11:24:10.923  1858  1858 E BootReceiver: android.system.ErrnoException: open failed: ENOENT (No such file or directory)
02-16 11:24:10.923  1858  1858 E BootReceiver: 	at libcore.io.Linux.open(Native Method)
02-16 11:24:10.923  1858  1858 E BootReceiver: 	at libcore.io.ForwardingOs.open(ForwardingOs.java:563)
02-16 11:24:10.923  1858  1858 E BootReceiver: 	at libcore.io.BlockGuardOs.open(BlockGuardOs.java:274)
02-16 11:24:10.923  1858  1858 E BootReceiver: 	at android.system.Os.open(Os.java:494)
02-16 11:24:10.923  1858  1858 E BootReceiver: 	at com.android.server.BootReceiver.onReceive(BootReceiver.java:167)
02-16 11:24:10.923  1858  1858 E BootReceiver: 	at android.app.ActivityThread.handleReceiver(ActivityThread.java:4375)
02-16 11:24:10.923  1858  1858 E BootReceiver: 	at android.app.ActivityThread.access$1600(ActivityThread.java:256)
02-16 11:24:10.923  1858  1858 E BootReceiver: 	at android.app.ActivityThread$H.handleMessage(ActivityThread.java:2102)
02-16 11:24:10.923  1858  1858 E BootReceiver: 	at android.os.Handler.dispatchMessage(Handler.java:106)
02-16 11:24:10.923  1858  1858 E BootReceiver: 	at android.os.Looper.loopOnce(Looper.java:201)
02-16 11:24:10.923  1858  1858 E BootReceiver: 	at android.os.Looper.loop(Looper.java:288)
02-16 11:24:10.923  1858  1858 E BootReceiver: 	at com.android.server.SystemServer.run(SystemServer.java:904)
02-16 11:24:10.923  1858  1858 E BootReceiver: 	at com.android.server.SystemServer.main(SystemServer.java:611)
02-16 11:24:10.923  1858  1858 E BootReceiver: 	at java.lang.reflect.Method.invoke(Native Method)
02-16 11:24:10.923  1858  1858 E BootReceiver: 	at com.android.internal.os.RuntimeInit$MethodAndArgsCaller.run(RuntimeInit.java:548)
02-16 11:24:10.923  1858  1858 E BootReceiver: 	at com.android.internal.os.ZygoteInit.main(ZygoteInit.java:981)
02-16 11:24:10.930  1858  1858 D CompatibilityChangeReporter: Compat change id reported: 168419799; UID 10187; state: DISABLED
02-16 11:24:10.954  1858  5089 I DropBoxManagerService: add tag=SYSTEM_BOOT isTagEnabled=true flags=0x2
02-16 11:24:10.959  1858  5089 I BootReceiver: Copying audit failures to DropBox
02-16 11:24:10.960  1858  5089 I BootReceiver: Checking for fsck errors
02-16 11:24:10.966  1858  3409 W AppOps  : Noting op not finished: uid 10154 pkg com.google.android.gms code 113 startTime of in progress event=1676543050749
02-16 11:24:10.969  1858  3409 W AppOps  : Noting op not finished: uid 10215 pkg com.google.android.gms.location.history code 79 startTime of in progress event=1676543049525
02-16 11:24:10.976  1858  3542 W AppOps  : Noting op not finished: uid 10154 pkg com.google.android.gms code 113 startTime of in progress event=1676543045924
02-16 11:24:10.977  1858  3531 W AppOps  : Noting op not finished: uid 10154 pkg com.google.android.gms code 113 startTime of in progress event=1676543045924
02-16 11:24:10.980  1858  3409 W AppOps  : Noting op not finished: uid 10154 pkg com.google.android.gms code 113 startTime of in progress event=1676543045924
02-16 11:24:10.993  1858  4045 D CompatibilityChangeReporter: Compat change id reported: 168419799; UID 10299; state: DISABLED
02-16 11:24:10.997  1858  2690 D CompatibilityChangeReporter: Compat change id reported: 135634846; UID 10185; state: DISABLED
02-16 11:24:10.997  1858  2690 D CompatibilityChangeReporter: Compat change id reported: 177438394; UID 10185; state: DISABLED
02-16 11:24:10.997  1858  2690 D CompatibilityChangeReporter: Compat change id reported: 135772972; UID 10185; state: DISABLED
02-16 11:24:10.997  1858  2690 D CompatibilityChangeReporter: Compat change id reported: 135754954; UID 10185; state: ENABLED
02-16 11:24:10.998  1858  1986 D CompatibilityChangeReporter: Compat change id reported: 143937733; UID 10185; state: ENABLED
02-16 11:24:11.007  1858  5089 D CompatibilityChangeReporter: Compat change id reported: 135634846; UID 10106; state: DISABLED
02-16 11:24:11.007  1858  5089 D CompatibilityChangeReporter: Compat change id reported: 177438394; UID 10106; state: DISABLED
02-16 11:24:11.007  1858  5089 D CompatibilityChangeReporter: Compat change id reported: 135772972; UID 10106; state: DISABLED
02-16 11:24:11.007  1858  5089 D CompatibilityChangeReporter: Compat change id reported: 135754954; UID 10106; state: ENABLED
02-16 11:24:11.010  1858  1986 I ActivityManager: Start proc 5112:com.google.android.GoogleCamera/u0a185 for broadcast {com.google.android.GoogleCamera/com.google.android.apps.camera.camerafatalerror.BootCompleteReceiver}
02-16 11:24:11.010  1858  1986 D CompatibilityChangeReporter: Compat change id reported: 143937733; UID 10106; state: ENABLED
02-16 11:24:11.033  1858  1985 I DropBoxManagerService: add tag=system_server_wtf isTagEnabled=true flags=0x6
02-16 11:24:11.053  1858  1986 I ActivityManager: Start proc 5130:android.process.media/u0a106 for content provider {com.android.providers.downloads/com.android.providers.downloads.DownloadProvider}
02-16 11:24:11.059  1858  3542 D CompatibilityChangeReporter: Compat change id reported: 168419799; UID 10185; state: DISABLED
02-16 11:24:11.129  1858  2326 D CompatibilityChangeReporter: Compat change id reported: 168419799; UID 10106; state: DISABLED
02-16 11:24:12.478  1858  4045 I ActivityManager: com.android.vending is exempt from freezer
02-16 11:24:12.479  1858  4045 D CompatibilityChangeReporter: Compat change id reported: 135634846; UID 10162; state: DISABLED
02-16 11:24:12.479  1858  4045 D CompatibilityChangeReporter: Compat change id reported: 177438394; UID 10162; state: DISABLED
02-16 11:24:12.479  1858  4045 D CompatibilityChangeReporter: Compat change id reported: 135772972; UID 10162; state: DISABLED
02-16 11:24:12.479  1858  4045 D CompatibilityChangeReporter: Compat change id reported: 135754954; UID 10162; state: ENABLED
02-16 11:24:12.480  1858  1986 D CompatibilityChangeReporter: Compat change id reported: 143937733; UID 10162; state: ENABLED
02-16 11:24:12.491  1858  1986 I ActivityManager: Start proc 5242:com.android.vending:background/u0a162 for service {com.android.vending/com.google.android.finsky.ipcservers.background.BackgroundGrpcServerAndroidService}
02-16 11:24:12.520  1858  4045 D CompatibilityChangeReporter: Compat change id reported: 181136395; UID 1000; state: DISABLED
02-16 11:24:12.521  1858  4045 D CompatibilityChangeReporter: Compat change id reported: 174042936; UID 1000; state: DISABLED
02-16 11:24:13.032  1858  3409 D CompatibilityChangeReporter: Compat change id reported: 135634846; UID 10171; state: DISABLED
02-16 11:24:13.032  1858  3409 D CompatibilityChangeReporter: Compat change id reported: 177438394; UID 10171; state: DISABLED
02-16 11:24:13.032  1858  3409 D CompatibilityChangeReporter: Compat change id reported: 135772972; UID 10171; state: DISABLED
02-16 11:24:13.032  1858  3409 D CompatibilityChangeReporter: Compat change id reported: 135754954; UID 10171; state: ENABLED
02-16 11:24:13.032  1858  1986 D CompatibilityChangeReporter: Compat change id reported: 143937733; UID 10171; state: ENABLED
02-16 11:24:13.052  1858  1986 I ActivityManager: Start proc 5300:com.google.android.dialer/u0a171 for broadcast {com.google.android.dialer/com.android.dialer.bootreceiver.DialerBootReceiver}
02-16 11:24:13.061  1858  4115 D CompatibilityChangeReporter: Compat change id reported: 168419799; UID 10154; state: DISABLED
02-16 11:24:13.086  1858  4045 D CompatibilityChangeReporter: Compat change id reported: 168419799; UID 10171; state: DISABLED
02-16 11:24:13.097  1858  4124 D CompatibilityChangeReporter: Compat change id reported: 135634846; UID 10299; state: DISABLED
02-16 11:24:13.097  1858  4124 D CompatibilityChangeReporter: Compat change id reported: 177438394; UID 10299; state: DISABLED
02-16 11:24:13.097  1858  4124 D CompatibilityChangeReporter: Compat change id reported: 135772972; UID 10299; state: DISABLED
02-16 11:24:13.097  1858  4124 D CompatibilityChangeReporter: Compat change id reported: 135754954; UID 10299; state: ENABLED
02-16 11:24:13.098  1858  1986 D CompatibilityChangeReporter: Compat change id reported: 143937733; UID 10299; state: ENABLED
02-16 11:24:13.108  1858  1986 I ActivityManager: Start proc 5317:org.mozilla.fenix:tab24/u0a299 for service {org.mozilla.fenix/org.mozilla.gecko.process.GeckoChildProcessServices$tab24}
02-16 11:24:13.132  1858  3531 D CompatibilityChangeReporter: Compat change id reported: 168419799; UID 10299; state: DISABLED
02-16 11:24:13.767  1858  1967 D CompanionDeviceManagerService: onPackageModified(packageName = org.mozilla.fenix)
02-16 11:24:13.771  1858  1858 I Telecom : DefaultDialerCache: Refreshing default dialer for user 0: now com.google.android.dialer: DDC.oR@AE8
02-16 11:24:14.019  1858  2690 D CompatibilityChangeReporter: Compat change id reported: 135634846; UID 10299; state: DISABLED
02-16 11:24:14.019  1858  2690 D CompatibilityChangeReporter: Compat change id reported: 177438394; UID 10299; state: DISABLED
02-16 11:24:14.019  1858  2690 D CompatibilityChangeReporter: Compat change id reported: 135772972; UID 10299; state: DISABLED
02-16 11:24:14.019  1858  2690 D CompatibilityChangeReporter: Compat change id reported: 135754954; UID 10299; state: ENABLED
02-16 11:24:14.020  1858  1986 D CompatibilityChangeReporter: Compat change id reported: 143937733; UID 10299; state: ENABLED
02-16 11:24:14.031  1858  1986 I ActivityManager: Start proc 5400:org.mozilla.fenix:gpu/u0a299 for service {org.mozilla.fenix/org.mozilla.gecko.process.GeckoChildProcessServices$gpu}
02-16 11:24:14.139  1858  1970 D ColorDisplayService: Setting saturation level: 100
02-16 11:24:14.190  1858  2211 D CompatibilityChangeReporter: Compat change id reported: 168419799; UID 1001; state: DISABLED
02-16 11:24:14.240  1858  3409 D CompatibilityChangeReporter: Compat change id reported: 168419799; UID 10145; state: DISABLED
02-16 11:24:14.288  1858  1858 I Telecom : DefaultDialerCache: Refreshing default dialer for user 0: now com.google.android.dialer: DDC.oR@AFU
02-16 11:24:14.294  1858  1858 I Telecom : MissedCallNotifierImpl: reloadAfterBootComplete: user=0: TSBCR.oR@AFY
02-16 11:24:14.304  1858  1858 I Telecom : MissedCallNotifierImpl: reloadAfterBootComplete: user=0: TSBCR.oR@AFY
02-16 11:24:14.352  1858  3409 D CompatibilityChangeReporter: Compat change id reported: 168419799; UID 10209; state: DISABLED
02-16 11:24:14.361  1858  3409 D CompatibilityChangeReporter: Compat change id reported: 168419799; UID 10148; state: DISABLED
02-16 11:24:14.367  1858  2323 D CompatibilityChangeReporter: Compat change id reported: 135634846; UID 10297; state: DISABLED
02-16 11:24:14.368  1858  2323 D CompatibilityChangeReporter: Compat change id reported: 177438394; UID 10297; state: DISABLED
02-16 11:24:14.368  1858  2323 D CompatibilityChangeReporter: Compat change id reported: 135772972; UID 10297; state: DISABLED
02-16 11:24:14.368  1858  2323 D CompatibilityChangeReporter: Compat change id reported: 135754954; UID 10297; state: ENABLED
02-16 11:24:14.368  1858  1986 D CompatibilityChangeReporter: Compat change id reported: 143937733; UID 10297; state: ENABLED
02-16 11:24:14.379  1858  1986 I ActivityManager: Start proc 5432:com.gorillasoftware.everyproxy/u0a297 for broadcast {com.gorillasoftware.everyproxy/com.gorillasoftware.everyproxy.startup.StartupReceiver}
02-16 11:24:14.414  1858  3409 D CompatibilityChangeReporter: Compat change id reported: 168419799; UID 10297; state: DISABLED
02-16 11:24:14.495  1858  1985 D CompatibilityChangeReporter: Compat change id reported: 135634846; UID 10347; state: DISABLED
02-16 11:24:14.495  1858  1985 D CompatibilityChangeReporter: Compat change id reported: 177438394; UID 10347; state: DISABLED
02-16 11:24:14.495  1858  1985 D CompatibilityChangeReporter: Compat change id reported: 135772972; UID 10347; state: DISABLED
02-16 11:24:14.495  1858  1985 D CompatibilityChangeReporter: Compat change id reported: 135754954; UID 10347; state: ENABLED
02-16 11:24:14.496  1858  1986 D CompatibilityChangeReporter: Compat change id reported: 143937733; UID 10347; state: ENABLED
02-16 11:24:14.507  1858  1858 I Telecom : PhoneAccountRegistrar: getSimCallManager: SimCallManager for subId -1 queried, returning: null: TSI.gSCMFU@AGY
02-16 11:24:14.511  1858  1986 I ActivityManager: Start proc 5453:com.android.imsserviceentitlement/u0a347 for broadcast {com.android.imsserviceentitlement/com.android.imsserviceentitlement.ImsEntitlementReceiver}
02-16 11:24:14.559  1858  2479 D CompatibilityChangeReporter: Compat change id reported: 168419799; UID 10347; state: DISABLED
02-16 11:24:14.609  1858  4115 D CompatibilityChangeReporter: Compat change id reported: 135634846; UID 10316; state: DISABLED
02-16 11:24:14.610  1858  4115 D CompatibilityChangeReporter: Compat change id reported: 177438394; UID 10316; state: DISABLED
02-16 11:24:14.610  1858  4115 D CompatibilityChangeReporter: Compat change id reported: 135772972; UID 10316; state: DISABLED
02-16 11:24:14.610  1858  4115 D CompatibilityChangeReporter: Compat change id reported: 135754954; UID 10316; state: DISABLED
02-16 11:24:14.611  1858  1986 D CompatibilityChangeReporter: Compat change id reported: 143937733; UID 10316; state: DISABLED
02-16 11:24:14.611  1858  4115 I ActivityManager: Killing 2970:com.google.euiccpixel/u0a160 (adj 975): empty #33
02-16 11:24:14.632  1858  1986 I ActivityManager: Start proc 5473:com.offsec.nethunter/u0a316 for broadcast {com.offsec.nethunter/com.offsec.nethunter.receiver.BootCompletedReceiver}
02-16 11:24:14.675  1858  4115 I ActivityManager: Killing 2908:com.google.android.apps.carrier.carrierwifi/u0a137 (adj 975): empty #33
02-16 11:24:14.684  1858  2323 D CompatibilityChangeReporter: Compat change id reported: 168419799; UID 10316; state: DISABLED
02-16 11:24:14.690  1858  3409 D CompatibilityChangeReporter: Compat change id reported: 135634846; UID 1001; state: DISABLED
02-16 11:24:14.690  1858  3409 D CompatibilityChangeReporter: Compat change id reported: 177438394; UID 1001; state: DISABLED
02-16 11:24:14.690  1858  3409 D CompatibilityChangeReporter: Compat change id reported: 135772972; UID 1001; state: DISABLED
02-16 11:24:14.690  1858  3409 D CompatibilityChangeReporter: Compat change id reported: 135754954; UID 1001; state: ENABLED
02-16 11:24:14.703  1858  1986 I ActivityManager: Start proc 5487:com.google.RilConfigService/1001 for broadcast {com.google.RilConfigService/com.google.RilConfigService.RilConfigReceiver}
02-16 11:24:14.805  1858  4115 D CompatibilityChangeReporter: Compat change id reported: 135634846; UID 10137; state: DISABLED
02-16 11:24:14.805  1858  4115 D CompatibilityChangeReporter: Compat change id reported: 177438394; UID 10137; state: DISABLED
02-16 11:24:14.806  1858  4115 D CompatibilityChangeReporter: Compat change id reported: 135772972; UID 10137; state: DISABLED
02-16 11:24:14.806  1858  4115 D CompatibilityChangeReporter: Compat change id reported: 135754954; UID 10137; state: ENABLED
02-16 11:24:14.807  1858  4115 I ActivityManager: Killing 2585:com.google.android.flipendo/u0a231 (adj 985): empty #33
02-16 11:24:14.808  1858  1986 D CompatibilityChangeReporter: Compat change id reported: 143937733; UID 10137; state: ENABLED
02-16 11:24:14.812  1858  4115 D CompatibilityChangeReporter: Compat change id reported: 135634846; UID 10261; state: DISABLED
02-16 11:24:14.812  1858  4115 D CompatibilityChangeReporter: Compat change id reported: 177438394; UID 10261; state: DISABLED
02-16 11:24:14.812  1858  4115 D CompatibilityChangeReporter: Compat change id reported: 135772972; UID 10261; state: DISABLED
02-16 11:24:14.812  1858  4115 D CompatibilityChangeReporter: Compat change id reported: 135754954; UID 10261; state: ENABLED
02-16 11:24:14.820  1858  1986 I ActivityManager: Start proc 5506:com.google.android.apps.carrier.carrierwifi/u0a137 for broadcast {com.google.android.apps.carrier.carrierwifi/com.google.android.apps.carrier.carrierwifi.CarrierWifiReceiver}
02-16 11:24:14.820  1858  1986 D CompatibilityChangeReporter: Compat change id reported: 143937733; UID 10261; state: ENABLED
02-16 11:24:14.832  1858  1986 I ActivityManager: Start proc 5508:com.shanga.walli/u0a261 for broadcast {com.shanga.walli/com.shanga.walli.service.BootReceiver}
02-16 11:24:14.861  1858  4124 D CompatibilityChangeReporter: Compat change id reported: 168419799; UID 10137; state: DISABLED
02-16 11:24:14.867  1858  2323 D CompatibilityChangeReporter: Compat change id reported: 168419799; UID 10261; state: DISABLED
02-16 11:24:14.965  1858  2211 I ActivityManager: Killing 3178:com.google.android.deskclock/u0a211 (adj 985): empty #33
02-16 11:24:14.971  1858  4115 D CompatibilityChangeReporter: Compat change id reported: 168419799; UID 10190; state: DISABLED
02-16 11:24:15.055  1858  1858 W NotificationHistory: Attempted to add notif for locked/gone/disabled user 0
02-16 11:24:15.067  1858  3871 D CompatibilityChangeReporter: Compat change id reported: 135634846; UID 10151; state: DISABLED
02-16 11:24:15.067  1858  3871 D CompatibilityChangeReporter: Compat change id reported: 177438394; UID 10151; state: DISABLED
02-16 11:24:15.067  1858  3871 D CompatibilityChangeReporter: Compat change id reported: 135772972; UID 10151; state: DISABLED
02-16 11:24:15.067  1858  3871 D CompatibilityChangeReporter: Compat change id reported: 135754954; UID 10151; state: ENABLED
02-16 11:24:15.068  1858  1986 D CompatibilityChangeReporter: Compat change id reported: 143937733; UID 10151; state: ENABLED
02-16 11:24:15.081  1858  1986 I ActivityManager: Start proc 5548:com.google.android.wfcactivation/u0a151 for broadcast {com.google.android.wfcactivation/com.google.android.wfcactivation.CarrierConfigChangedReceiver}
02-16 11:24:15.114  1858  3871 D CompatibilityChangeReporter: Compat change id reported: 168419799; UID 10151; state: DISABLED
02-16 11:24:15.116  1858  3871 I ActivityManager: Killing 3248:com.windyty.android/u0a304 (adj 975): empty #33
02-16 11:24:15.214  1858  3871 I ActivityManager: Killing 3611:com.android.sdm.plugins.connmo/u0a344 (adj 975): empty #33
02-16 11:24:15.626  1858  2690 D CompatibilityChangeReporter: Compat change id reported: 168419799; UID 10162; state: DISABLED
02-16 11:24:16.314  1858  2211 D CompatibilityChangeReporter: Compat change id reported: 135634846; UID 10261; state: DISABLED
02-16 11:24:16.314  1858  2211 D CompatibilityChangeReporter: Compat change id reported: 177438394; UID 10261; state: DISABLED
02-16 11:24:16.314  1858  2211 D CompatibilityChangeReporter: Compat change id reported: 135772972; UID 10261; state: DISABLED
02-16 11:24:16.314  1858  2211 D CompatibilityChangeReporter: Compat change id reported: 135754954; UID 10261; state: ENABLED
02-16 11:24:16.315  1858  1986 D CompatibilityChangeReporter: Compat change id reported: 143937733; UID 10261; state: ENABLED
02-16 11:24:16.327  1858  1986 I ActivityManager: Start proc 5713:com.shanga.walli:Metrica/u0a261 for service {com.shanga.walli/com.yandex.metrica.MetricaService}
02-16 11:24:16.697  1858  2211 W ActivityManager: Unable to start service Intent { act=com.google.android.gms.leibniz.events.service.START pkg=com.google.android.gms } U=0: not found
02-16 11:24:16.697  1858  2690 W ActivityManager: Unbind failed: could not find connection for android.os.BinderProxy@f0aa652
02-16 11:24:16.978  1858  3871 D CompatibilityChangeReporter: Compat change id reported: 135634846; UID 10186; state: DISABLED
02-16 11:24:16.979  1858  1986 D CompatibilityChangeReporter: Compat change id reported: 143937733; UID 10186; state: ENABLED
02-16 11:24:16.988  1858  1986 I ActivityManager: Start proc 5819:com.google.android.webview:webview_service/u0a186 for service {com.google.android.webview/org.chromium.android_webview.services.VariationsSeedServer}
02-16 11:24:17.025  1858  2326 D CompatibilityChangeReporter: Compat change id reported: 168419799; UID 10186; state: DISABLED
02-16 11:24:17.053  1858  2326 D CompatibilityChangeReporter: Compat change id reported: 135634846; UID 10261; state: DISABLED
02-16 11:24:17.054  1858  1986 D CompatibilityChangeReporter: Compat change id reported: 143937733; UID 10261; state: ENABLED
02-16 11:24:17.067  1858  1986 I ActivityManager: Start proc 5838:com.google.android.webview:sandboxed_process0:org.chromium.content.app.SandboxedProcessService0:0/u0ai9000 for  {com.shanga.walli/org.chromium.content.app.SandboxedProcessService0:0}
02-16 11:24:17.161  1858  1970 D ColorDisplayService: GlobalSaturationTintController Animation cancelled: false to matrix: 
02-16 11:24:17.161  1858  1970 D ColorDisplayService:        1.000000 0.000000 0.000000 0.000000 0.000000 1.000000 0.000000 0.000000 0.000000 0.000000 1.000000 0.000000 0.000000 0.000000 0.000000 1.000000 min matrix coefficients: 
02-16 11:24:17.161  1858  1970 D ColorDisplayService:        1.000000 0.000000 0.000000 0.000000 0.000000 1.000000 0.000000 0.000000 0.000000 0.000000 1.000000 0.000000 0.000000 0.000000 0.000000 1.000000 max matrix coefficients: 
02-16 11:24:17.161  1858  1970 D ColorDisplayService:        1.000000 0.000000 0.000000 0.000000 0.000000 1.000000 0.000000 0.000000 0.000000 0.000000 1.000000 0.000000 0.000000 0.000000 0.000000 1.000000
02-16 11:24:17.509  1858  1858 W Looper  : Slow dispatch took 111ms main h=android.app.ActivityThread$H c=android.app.LoadedApk$ServiceDispatcher$RunConnection@9a79b3f m=0
02-16 11:24:17.921  1858  1871 D CompatibilityChangeReporter: Compat change id reported: 168419799; UID 10286; state: DISABLED
02-16 11:24:18.066  1858  1872 I ActivityManager: Background started FGS: Allowed [callingPackage: com.shanga.walli; callingUid: 10261; uidState: TRNB; intent: Intent { act=device_reboot cmp=com.shanga.walli/.service.playlist.PlaylistMaintenanceService }; code:ACTIVITY_STARTER; tempAllowListReason:<broadcast:1000:android.intent.action.BOOT_COMPLETED,reason:,reasonCode:BOOT_COMPLETED,duration:20000,callingUid:1000>; targetSdkVersion:30; callerTargetSdkVersion:30; startForegroundCount:0; bindFromPackage:null]
02-16 11:24:18.081  1858  1872 W ProcessStats: Tracking association SourceState{116384e com.google.android.googlequicksearchbox:search/10177 BTopFgs #3134} whose proc state 2 is better than process ProcessState{5f1ed6f com.google.android.gms/10154 pkg=com.google.android.gms} proc state 3 (0 skipped)
02-16 11:24:18.101  1858  4045 D CompatibilityChangeReporter: Compat change id reported: 135634846; UID 1000; state: DISABLED
02-16 11:24:18.101  1858  4045 D CompatibilityChangeReporter: Compat change id reported: 177438394; UID 1000; state: DISABLED
02-16 11:24:18.101  1858  4045 D CompatibilityChangeReporter: Compat change id reported: 135772972; UID 1000; state: DISABLED
02-16 11:24:18.101  1858  4045 D CompatibilityChangeReporter: Compat change id reported: 135754954; UID 1000; state: ENABLED
02-16 11:24:18.130  1858  1986 I ActivityManager: Start proc 5919:com.android.dynsystem/1000 for broadcast {com.android.dynsystem/com.android.dynsystem.BootCompletedReceiver}
02-16 11:24:18.280  1858  1985 I DropBoxManagerService: add tag=system_server_wtf isTagEnabled=true flags=0x6
02-16 11:24:18.319  1858  4124 D CompatibilityChangeReporter: Compat change id reported: 135634846; UID 1000; state: DISABLED
02-16 11:24:18.319  1858  4124 D CompatibilityChangeReporter: Compat change id reported: 177438394; UID 1000; state: DISABLED
02-16 11:24:18.319  1858  4124 D CompatibilityChangeReporter: Compat change id reported: 135772972; UID 1000; state: DISABLED
02-16 11:24:18.319  1858  4124 D CompatibilityChangeReporter: Compat change id reported: 135754954; UID 1000; state: ENABLED
02-16 11:24:18.325  1858  4124 D CompatibilityChangeReporter: Compat change id reported: 135634846; UID 10139; state: DISABLED
02-16 11:24:18.325  1858  4124 D CompatibilityChangeReporter: Compat change id reported: 177438394; UID 10139; state: DISABLED
02-16 11:24:18.325  1858  4124 D CompatibilityChangeReporter: Compat change id reported: 135772972; UID 10139; state: DISABLED
02-16 11:24:18.325  1858  4124 D CompatibilityChangeReporter: Compat change id reported: 135754954; UID 10139; state: ENABLED
02-16 11:24:18.334  1858  1986 I ActivityManager: Start proc 5962:com.android.dynsystem:dynsystem/1000 for service {com.android.dynsystem/com.android.dynsystem.DynamicSystemInstallationService}
02-16 11:24:18.334  1858  1986 D CompatibilityChangeReporter: Compat change id reported: 143937733; UID 10139; state: ENABLED
02-16 11:24:18.357  1858  1986 I ActivityManager: Start proc 5976:com.android.hotwordenrollment.okgoogle/u0a139 for broadcast {com.android.hotwordenrollment.okgoogle/com.android.hotwordenrollment.okgoogle.StartupReceiver}
02-16 11:24:18.428  1858  4045 D CompatibilityChangeReporter: Compat change id reported: 168419799; UID 10139; state: DISABLED
02-16 11:24:18.430  1858  4119 I DynamicSystemService: isInstalled(): false
02-16 11:24:18.493  1858  1858 I NotificationService: Cannot find enqueued record for key: 0|com.shanga.walli|191|null|10261
02-16 11:24:18.514  1858  1872 I ActivityManager: Killing 3815:com.android.sdm.plugins.usccdm/u0a343 (adj 975): empty #33
02-16 11:24:18.552  1858  1872 D CompatibilityChangeReporter: Compat change id reported: 135634846; UID 10152; state: DISABLED
02-16 11:24:18.552  1858  1872 D CompatibilityChangeReporter: Compat change id reported: 177438394; UID 10152; state: DISABLED
02-16 11:24:18.552  1858  1872 D CompatibilityChangeReporter: Compat change id reported: 135772972; UID 10152; state: DISABLED
02-16 11:24:18.553  1858  1872 D CompatibilityChangeReporter: Compat change id reported: 135754954; UID 10152; state: ENABLED
02-16 11:24:18.553  1858  1872 I ActivityManager: Killing 3767:com.alphainventor.filemanager/u0a258 (adj 925): empty #33
02-16 11:24:18.555  1858  1986 D CompatibilityChangeReporter: Compat change id reported: 143937733; UID 10152; state: ENABLED
02-16 11:24:18.578  1858  1986 I ActivityManager: Start proc 6010:com.android.hotwordenrollment.xgoogle/u0a152 for broadcast {com.android.hotwordenrollment.xgoogle/com.android.hotwordenrollment.xgoogle.StartupReceiver}
02-16 11:24:18.627  1858  4129 D CompatibilityChangeReporter: Compat change id reported: 168419799; UID 10152; state: DISABLED
02-16 11:24:18.785  1858  3889 I ActivityManager: Killing 3827:com.google.android.projection.gearhead:projection/u0a145 (adj 985): empty #33
02-16 11:24:18.786  1858  4129 I ActivityTaskManager: START u0 {flg=0x10008000 cmp=com.google.android.googlequicksearchbox/com.google.android.apps.gsa.staticplugins.opa.OpaActivity (has extras)} from uid 10177
02-16 11:24:18.791  1858  4129 D CompatibilityChangeReporter: Compat change id reported: 184838306; UID 10177; state: DISABLED
02-16 11:24:18.793  1858  4129 D CompatibilityChangeReporter: Compat change id reported: 185004937; UID 10177; state: DISABLED
02-16 11:24:18.794  1858  4129 D CompatibilityChangeReporter: Compat change id reported: 181136395; UID 10177; state: DISABLED
02-16 11:24:18.795  1858  4129 D CompatibilityChangeReporter: Compat change id reported: 174042936; UID 10177; state: DISABLED
02-16 11:24:18.796  1858  4129 D CompatibilityChangeReporter: Compat change id reported: 174042980; UID 10177; state: DISABLED
02-16 11:24:18.797  1858  4129 W ActivityTaskManager: Can't find TaskDisplayArea to determine support for multi window. Task id=741 attached=false
02-16 11:24:18.818  1858  4129 D CompatibilityChangeReporter: Compat change id reported: 197654537; UID 10177; state: ENABLED
02-16 11:24:18.832  1858  3889 D CompatibilityChangeReporter: Compat change id reported: 168419799; UID 10347; state: DISABLED
02-16 11:24:18.961  1858  1871 D CompatibilityChangeReporter: Compat change id reported: 157233955; UID 10177; state: ENABLED
02-16 11:24:18.962  1858  4084 I ActivityManager: com.android.managedprovisioning is exempt from freezer
02-16 11:24:18.963  1858  4084 D CompatibilityChangeReporter: Compat change id reported: 135634846; UID 10108; state: DISABLED
02-16 11:24:18.963  1858  4084 D CompatibilityChangeReporter: Compat change id reported: 177438394; UID 10108; state: DISABLED
02-16 11:24:18.963  1858  4084 D CompatibilityChangeReporter: Compat change id reported: 135772972; UID 10108; state: DISABLED
02-16 11:24:18.964  1858  4084 D CompatibilityChangeReporter: Compat change id reported: 135754954; UID 10108; state: ENABLED
02-16 11:24:18.964  1858  1986 D CompatibilityChangeReporter: Compat change id reported: 143937733; UID 10108; state: ENABLED
02-16 11:24:18.996  1858  1986 I ActivityManager: Start proc 6045:com.android.managedprovisioning/u0a108 for broadcast {com.android.managedprovisioning/com.android.managedprovisioning.BootReminder}
02-16 11:24:19.044  1858  4084 D CompatibilityChangeReporter: Compat change id reported: 168419799; UID 10108; state: DISABLED
02-16 11:24:19.350  1858  2323 I ActivityManager: Killing 4260:com.android.localtransport/1000 (adj 985): empty #33
02-16 11:24:19.355  1858  2323 D CompatibilityChangeReporter: Compat change id reported: 168419799; UID 10106; state: DISABLED
02-16 11:24:19.381  1858  1871 D CompatibilityChangeReporter: Compat change id reported: 135634846; UID 10184; state: DISABLED
02-16 11:24:19.382  1858  1986 D CompatibilityChangeReporter: Compat change id reported: 143937733; UID 10184; state: ENABLED
02-16 11:24:19.392  1858  4084 D TextToSpeechManagerPerUserService: Trying to start connection to TTS engine: com.google.android.tts
02-16 11:24:19.393  1858  1986 I ActivityManager: Start proc 6083:com.android.chrome/u0a184 for service {com.android.chrome/org.chromium.chrome.browser.customtabs.CustomTabsConnectionService}
02-16 11:24:19.393  1858  4084 D TextToSpeechManagerPerUserService: Trying to start connection to TTS engine: com.google.android.tts
02-16 11:24:19.399  1858  1858 D CompatibilityChangeReporter: Compat change id reported: 135634846; UID 10208; state: DISABLED
02-16 11:24:19.399  1858  1858 D CompatibilityChangeReporter: Compat change id reported: 177438394; UID 10208; state: DISABLED
02-16 11:24:19.399  1858  1858 D CompatibilityChangeReporter: Compat change id reported: 135772972; UID 10208; state: DISABLED
02-16 11:24:19.399  1858  1858 D CompatibilityChangeReporter: Compat change id reported: 135754954; UID 10208; state: ENABLED
02-16 11:24:19.400  1858  1986 D CompatibilityChangeReporter: Compat change id reported: 143937733; UID 10208; state: ENABLED
02-16 11:24:19.415  1858  1986 I ActivityManager: Start proc 6084:com.google.android.tts/u0a208 for service {com.google.android.tts/com.google.android.apps.speech.tts.googletts.service.GoogleTTSService}
02-16 11:24:19.440  1858  2323 D CompatibilityChangeReporter: Compat change id reported: 168419799; UID 1027; state: DISABLED
02-16 11:24:19.453  1858  4000 D CompatibilityChangeReporter: Compat change id reported: 168419799; UID 10184; state: DISABLED
02-16 11:24:19.458  1858  2211 I ActivityManager: Killing 3602:com.android.keychain/1000 (adj 975): empty #33
02-16 11:24:19.462  1858  2211 D CompatibilityChangeReporter: Compat change id reported: 168419799; UID 1001; state: DISABLED
02-16 11:24:19.477  1858  1871 D CompatibilityChangeReporter: Compat change id reported: 168419799; UID 10208; state: DISABLED
02-16 11:24:19.501  1858  2323 D CompatibilityChangeReporter: Compat change id reported: 135634846; UID 10112; state: DISABLED
02-16 11:24:19.501  1858  2323 D CompatibilityChangeReporter: Compat change id reported: 177438394; UID 10112; state: DISABLED
02-16 11:24:19.501  1858  2323 D CompatibilityChangeReporter: Compat change id reported: 135772972; UID 10112; state: DISABLED
02-16 11:24:19.501  1858  2323 D CompatibilityChangeReporter: Compat change id reported: 135754954; UID 10112; state: ENABLED
02-16 11:24:19.503  1858  1986 D CompatibilityChangeReporter: Compat change id reported: 143937733; UID 10112; state: ENABLED
02-16 11:24:19.538  1858  1986 I ActivityManager: Start proc 6115:com.android.providers.calendar/u0a112 for broadcast {com.android.providers.calendar/com.android.providers.calendar.CalendarReceiver}
02-16 11:24:19.576  1858  4124 D CompatibilityChangeReporter: Compat change id reported: 168419799; UID 10112; state: DISABLED
02-16 11:24:19.766  1858  3889 D CompatibilityChangeReporter: Compat change id reported: 171306433; UID 10112; state: ENABLED
02-16 11:24:19.770  1858  3889 I ActivityManager: Killing 4604:com.android.printspooler/u0a126 (adj 975): empty #33
02-16 11:24:19.790  1858  3889 D CompatibilityChangeReporter: Compat change id reported: 143231523; UID 10112; state: DISABLED
02-16 11:24:19.830  1858  3889 D CompatibilityChangeReporter: Compat change id reported: 135634846; UID 10343; state: DISABLED
02-16 11:24:19.830  1858  3889 D CompatibilityChangeReporter: Compat change id reported: 177438394; UID 10343; state: DISABLED
02-16 11:24:19.831  1858  3889 D CompatibilityChangeReporter: Compat change id reported: 135772972; UID 10343; state: DISABLED
02-16 11:24:19.831  1858  3889 D CompatibilityChangeReporter: Compat change id reported: 135754954; UID 10343; state: ENABLED
02-16 11:24:19.832  1858  1986 D CompatibilityChangeReporter: Compat change id reported: 143937733; UID 10343; state: ENABLED
02-16 11:24:19.846  1858  1986 I ActivityManager: Start proc 6171:com.android.sdm.plugins.usccdm/u0a343 for broadcast {com.android.sdm.plugins.usccdm/com.android.sdm.plugins.usccdm.USCCDMReceiver}
02-16 11:24:19.847  1858  1858 D TextToSpeechManagerPerUserService: Connected successfully to TTS engine: com.google.android.tts
02-16 11:24:19.848  1858  1858 D TextToSpeechManagerPerUserService: Connected successfully to TTS engine: com.google.android.tts
02-16 11:24:19.881  1858  3889 D CompatibilityChangeReporter: Compat change id reported: 168419799; UID 10343; state: DISABLED
02-16 11:24:19.949  1858  3889 I ActivityManager: Killing 3792:com.google.android.apps.youtube.music/u0a275 (adj 925): empty #33
02-16 11:24:19.954  1858  3889 D CompatibilityChangeReporter: Compat change id reported: 168419799; UID 1000; state: DISABLED
02-16 11:24:19.976  1858  3889 I ActivityManager: com.android.shell is exempt from freezer
02-16 11:24:19.976  1858  3889 D CompatibilityChangeReporter: Compat change id reported: 135634846; UID 2000; state: DISABLED
02-16 11:24:19.976  1858  3889 D CompatibilityChangeReporter: Compat change id reported: 177438394; UID 2000; state: DISABLED
02-16 11:24:19.976  1858  3889 D CompatibilityChangeReporter: Compat change id reported: 135772972; UID 2000; state: DISABLED
02-16 11:24:19.976  1858  3889 D CompatibilityChangeReporter: Compat change id reported: 135754954; UID 2000; state: ENABLED
02-16 11:24:19.991  1858  1986 I ActivityManager: Start proc 6196:com.android.shell/2000 for broadcast {com.android.shell/com.android.shell.HeapDumpReceiver}
02-16 11:24:20.039  1858  2211 D CompatibilityChangeReporter: Compat change id reported: 168419799; UID 2000; state: DISABLED
02-16 11:24:20.059  1858  4000 D BiometricService: canAuthenticate: User=0, Caller=0, Authenticators=255
02-16 11:24:20.059  1858  4000 D BiometricService/PreAuthInfo: Package: com.google.android.gms Sensor ID: 0 Modality: 2 Status: 1
02-16 11:24:20.059  1858  4000 D BiometricService/PreAuthInfo: getCanAuthenticateInternal Modality: 2 AuthenticatorStatus: 1
02-16 11:24:20.059  1858  4000 D AuthService: canAuthenticate, userId: 0, callingUserId: 0, authenticators: 255, result: 0
02-16 11:24:20.103  1858  4111 D CompatibilityChangeReporter: Compat change id reported: 135634846; UID 10109; state: DISABLED
02-16 11:24:20.103  1858  4111 D CompatibilityChangeReporter: Compat change id reported: 177438394; UID 10109; state: DISABLED
02-16 11:24:20.103  1858  4111 D CompatibilityChangeReporter: Compat change id reported: 135772972; UID 10109; state: DISABLED
02-16 11:24:20.103  1858  4111 D CompatibilityChangeReporter: Compat change id reported: 135754954; UID 10109; state: DISABLED
02-16 11:24:20.104  1858  1986 D CompatibilityChangeReporter: Compat change id reported: 143937733; UID 10109; state: DISABLED
02-16 11:24:20.104  1858  4111 I ActivityManager: Killing 4923:com.google.android.carriersetup/u0a218 (adj 975): empty #33
02-16 11:24:20.115  1858  1986 I ActivityManager: Start proc 6216:com.android.statementservice/u0a109 for broadcast {com.android.statementservice/com.android.statementservice.domain.BootCompletedReceiver}
02-16 11:24:20.143  1858  2323 D CompatibilityChangeReporter: Compat change id reported: 168419799; UID 10109; state: DISABLED
02-16 11:24:20.252  1858  4000 D CompatibilityChangeReporter: Compat change id reported: 171306433; UID 10109; state: DISABLED
02-16 11:24:20.267  1858  4000 I ActivityManager: Killing 4996:com.google.android.partnersetup/u0a140 (adj 975): empty #33
02-16 11:24:20.388  3579  3579 W ContextImpl: Calling a method in the system process without a qualified user: android.app.ContextImpl.startService:1825 android.content.ContextWrapper.startService:776 android.content.ContextWrapper.startService:776 com.google.SSRestartDetector.SSRestartDetectorAutoboot.onReceive:43 android.app.ActivityThread.handleReceiver:4375 
02-16 11:24:20.396  1858  2323 D CompatibilityChangeReporter: Compat change id reported: 168419799; UID 10185; state: DISABLED
02-16 11:24:20.404  3579  3579 W ContextImpl: Calling a method in the system process without a qualified user: android.app.ContextImpl.startService:1825 android.content.ContextWrapper.startService:776 com.google.SSRestartDetector.SSRestartDetectorService.askForRamdumpListUriUpdate:148 com.google.SSRestartDetector.SSRestartDetectorService.onCreate:126 android.app.ActivityThread.handleCreateService:4554 
02-16 11:24:20.404  1858  4000 W ActivityManager: Unable to start service Intent { act=com.android.ramdump.REQUEST_RAMDUMP_LIST_URI cmp=com.android.ramdump/.RamdumpBackgroundService } U=0: not found
02-16 11:24:20.426  1858  4111 D CompatibilityChangeReporter: Compat change id reported: 168419799; UID 10137; state: DISABLED
02-16 11:24:20.436  1858  4111 D CompatibilityChangeReporter: Compat change id reported: 135634846; UID 10149; state: DISABLED
02-16 11:24:20.436  1858  4111 D CompatibilityChangeReporter: Compat change id reported: 177438394; UID 10149; state: DISABLED
02-16 11:24:20.436  1858  4111 D CompatibilityChangeReporter: Compat change id reported: 135772972; UID 10149; state: DISABLED
02-16 11:24:20.436  1858  4111 D CompatibilityChangeReporter: Compat change id reported: 135754954; UID 10149; state: ENABLED
02-16 11:24:20.436  1858  1986 D CompatibilityChangeReporter: Compat change id reported: 143937733; UID 10149; state: ENABLED
02-16 11:24:20.449  1858  1986 I ActivityManager: Start proc 6251:com.google.android.apps.carrier.log/u0a149 for broadcast {com.google.android.apps.carrier.log/com.google.android.apps.carrier.log.connectivitymetrics.SnapshotSchedulingReceiver}
02-16 11:24:20.493  1858  2323 D CompatibilityChangeReporter: Compat change id reported: 168419799; UID 10149; state: DISABLED
02-16 11:24:20.566  1858  2323 D CompatibilityChangeReporter: Compat change id reported: 177438394; UID 10217; state: DISABLED
02-16 11:24:20.566  1858  2323 D CompatibilityChangeReporter: Compat change id reported: 135772972; UID 10217; state: DISABLED
02-16 11:24:20.566  1858  2323 D CompatibilityChangeReporter: Compat change id reported: 135754954; UID 10217; state: ENABLED
02-16 11:24:20.567  1858  1986 D CompatibilityChangeReporter: Compat change id reported: 143937733; UID 10217; state: ENABLED
02-16 11:24:20.567  1858  2323 I ActivityManager: Killing 5023:com.google.omadm.trigger/u0a348 (adj 975): empty #33
